Archive member included to satisfy reference by file (symbol)

/home/neomissing/eclipse-workspace/MM32W0x_q/SRC_LIB/lib/libmg_BLE-gcc.a(mg_driver.o)
                              ./USER/main.o (radio_initBle)
/home/neomissing/eclipse-workspace/MM32W0x_q/SRC_LIB/lib/libmg_BLE-gcc.a(fsm_adv_generic.o)
                              ./HARDWARE/AT_CMD/AT_CMD.o (ble_set_adv_enableFlag)
/home/neomissing/eclipse-workspace/MM32W0x_q/SRC_LIB/lib/libmg_BLE-gcc.a(ll_control.o)
                              ./HARDWARE/AT_CMD/AT_CMD.o (ble_disconnect)
/home/neomissing/eclipse-workspace/MM32W0x_q/SRC_LIB/lib/libmg_BLE-gcc.a(led_pwm.o)
                              ./HARDWARE/LED_MESH/led_mesh.o (Led_getInfo)
/home/neomissing/eclipse-workspace/MM32W0x_q/SRC_LIB/lib/libmg_BLE-gcc.a(hwtest.o)
                              ./HARDWARE/AT_CMD/AT_CMD.o (ble_set_interval)
/home/neomissing/eclipse-workspace/MM32W0x_q/SRC_LIB/lib/libmg_BLE-gcc.a(att.o)
                              ./HARDWARE/APP/app.o (GetFirmwareInfo)
/home/neomissing/eclipse-workspace/MM32W0x_q/SRC_LIB/lib/libmg_BLE-gcc.a(fsm_sconn.o)
                              /home/neomissing/eclipse-workspace/MM32W0x_q/SRC_LIB/lib/libmg_BLE-gcc.a(ll_control.o) (sconn_getConnEvent)
/home/neomissing/eclipse-workspace/MM32W0x_q/SRC_LIB/lib/libmg_BLE-gcc.a(fsm_base.o)
                              /home/neomissing/eclipse-workspace/MM32W0x_q/SRC_LIB/lib/libmg_BLE-gcc.a(ll_control.o) (bb_getConnState)
/home/neomissing/eclipse-workspace/MM32W0x_q/SRC_LIB/lib/libmg_BLE-gcc.a(slave_dispatch.o)
                              /home/neomissing/eclipse-workspace/MM32W0x_q/SRC_LIB/lib/libmg_BLE-gcc.a(fsm_sconn.o) (SaveCurrentHdr)
/home/neomissing/eclipse-workspace/MM32W0x_q/SRC_LIB/lib/libmg_BLE-gcc.a(l2cap.o)
                              /home/neomissing/eclipse-workspace/MM32W0x_q/SRC_LIB/lib/libmg_BLE-gcc.a(slave_dispatch.o) (SIG_CommandRej)
/home/neomissing/eclipse-workspace/MM32W0x_q/SRC_LIB/lib/libmg_BLE-gcc.a(data_queue.o)
                              /home/neomissing/eclipse-workspace/MM32W0x_q/SRC_LIB/lib/libmg_BLE-gcc.a(att.o) (get_node_free)
/usr/lib/gcc/arm-none-eabi/6.3.1/thumb/v6-m/libgcc.a(_udivsi3.o)
                              ./SYSTEM/uart/uart.o (__aeabi_uidiv)
/usr/lib/gcc/arm-none-eabi/6.3.1/thumb/v6-m/libgcc.a(_divsi3.o)
                              /home/neomissing/eclipse-workspace/MM32W0x_q/SRC_LIB/lib/libmg_BLE-gcc.a(led_pwm.o) (__aeabi_idiv)
/usr/lib/gcc/arm-none-eabi/6.3.1/thumb/v6-m/libgcc.a(_dvmd_tls.o)
                              /usr/lib/gcc/arm-none-eabi/6.3.1/thumb/v6-m/libgcc.a(_udivsi3.o) (__aeabi_idiv0)
/usr/lib/gcc/arm-none-eabi/6.3.1/../../../arm-none-eabi/lib/thumb/v6-m/libg.a(lib_a-atexit.o)
                              /usr/lib/gcc/arm-none-eabi/6.3.1/../../../arm-none-eabi/lib/thumb/v6-m/crt0.o (atexit)
/usr/lib/gcc/arm-none-eabi/6.3.1/../../../arm-none-eabi/lib/thumb/v6-m/libg.a(lib_a-exit.o)
                              /usr/lib/gcc/arm-none-eabi/6.3.1/../../../arm-none-eabi/lib/thumb/v6-m/crt0.o (exit)
/usr/lib/gcc/arm-none-eabi/6.3.1/../../../arm-none-eabi/lib/thumb/v6-m/libg.a(lib_a-fini.o)
                              /usr/lib/gcc/arm-none-eabi/6.3.1/../../../arm-none-eabi/lib/thumb/v6-m/crt0.o (__libc_fini_array)
/usr/lib/gcc/arm-none-eabi/6.3.1/../../../arm-none-eabi/lib/thumb/v6-m/libg.a(lib_a-impure.o)
                              /usr/lib/gcc/arm-none-eabi/6.3.1/../../../arm-none-eabi/lib/thumb/v6-m/libg.a(lib_a-exit.o) (_global_impure_ptr)
/usr/lib/gcc/arm-none-eabi/6.3.1/../../../arm-none-eabi/lib/thumb/v6-m/libg.a(lib_a-init.o)
                              /usr/lib/gcc/arm-none-eabi/6.3.1/../../../arm-none-eabi/lib/thumb/v6-m/crt0.o (__libc_init_array)
/usr/lib/gcc/arm-none-eabi/6.3.1/../../../arm-none-eabi/lib/thumb/v6-m/libg.a(lib_a-memcmp.o)
                              /home/neomissing/eclipse-workspace/MM32W0x_q/SRC_LIB/lib/libmg_BLE-gcc.a(fsm_adv_generic.o) (memcmp)
/usr/lib/gcc/arm-none-eabi/6.3.1/../../../arm-none-eabi/lib/thumb/v6-m/libg.a(lib_a-memcpy-stub.o)
                              ./HARDWARE/APP/app.o (memcpy)
/usr/lib/gcc/arm-none-eabi/6.3.1/../../../arm-none-eabi/lib/thumb/v6-m/libg.a(lib_a-memset.o)
                              /usr/lib/gcc/arm-none-eabi/6.3.1/../../../arm-none-eabi/lib/thumb/v6-m/crt0.o (memset)
/usr/lib/gcc/arm-none-eabi/6.3.1/../../../arm-none-eabi/lib/thumb/v6-m/libg.a(lib_a-strcpy.o)
                              ./HARDWARE/AT_CMD/AT_CMD.o (strcpy)
/usr/lib/gcc/arm-none-eabi/6.3.1/../../../arm-none-eabi/lib/thumb/v6-m/libg.a(lib_a-strlen-stub.o)
                              ./HARDWARE/AT_CMD/AT_CMD.o (strlen)
/usr/lib/gcc/arm-none-eabi/6.3.1/../../../arm-none-eabi/lib/thumb/v6-m/libg.a(lib_a-__atexit.o)
                              /usr/lib/gcc/arm-none-eabi/6.3.1/../../../arm-none-eabi/lib/thumb/v6-m/libg.a(lib_a-atexit.o) (__register_exitproc)
/usr/lib/gcc/arm-none-eabi/6.3.1/../../../arm-none-eabi/lib/thumb/v6-m/libg.a(lib_a-__call_atexit.o)
[...]
Memory Configuration

Name             Origin             Length             Attributes
FLASH            0x0000000008000000 0x0000000000008000 xr
RAM              0x0000000020000000 0x0000000000001000 xrw
MEMORY_B1        0x0000000060000000 0x0000000000000000 xr
*default*        0x0000000000000000 0xffffffffffffffff

Linker script and memory map

LOAD /usr/lib/gcc/arm-none-eabi/6.3.1/thumb/v6-m/crti.o
LOAD /usr/lib/gcc/arm-none-eabi/6.3.1/thumb/v6-m/crtbegin.o
LOAD /usr/lib/gcc/arm-none-eabi/6.3.1/../../../arm-none-eabi/lib/thumb/v6-m/crt0.o
LOAD ./USER/main.o
LOAD ./SYSTEM/uart/uart.o
LOAD ./SYSTEM/sys/sys.o
LOAD ./SYSTEM/delay/delay.o
LOAD ./HARDWARE/SPI/spi.o
LOAD ./HARDWARE/RCC_MCU/rcc.o
LOAD ./HARDWARE/LED_MESH/led_mesh.o
LOAD ./HARDWARE/IRQ/irq_rf.o
LOAD ./HARDWARE/IIC/iic.o
LOAD ./HARDWARE/CALLBACK/callback.o
LOAD ./HARDWARE/AT_CMD/AT_CMD.o
LOAD ./HARDWARE/APP/app.o
LOAD ./Device/MM32W0xx_q/Source/startup_MM32_M0_q_GCC.o
LOAD ./Device/MM32W0xx_q/Source/system_MM32W0xx_q.o
LOAD ./Device/MM32W0xx_q/HAL_lib/src/HAL_adc.o
LOAD ./Device/MM32W0xx_q/HAL_lib/src/HAL_crc.o
LOAD ./Device/MM32W0xx_q/HAL_lib/src/HAL_dma.o
LOAD ./Device/MM32W0xx_q/HAL_lib/src/HAL_exti.o
LOAD ./Device/MM32W0xx_q/HAL_lib/src/HAL_flash.o
LOAD ./Device/MM32W0xx_q/HAL_lib/src/HAL_gpio.o
LOAD ./Device/MM32W0xx_q/HAL_lib/src/HAL_i2c.o
LOAD ./Device/MM32W0xx_q/HAL_lib/src/HAL_iwdg.o
LOAD ./Device/MM32W0xx_q/HAL_lib/src/HAL_misc.o
LOAD ./Device/MM32W0xx_q/HAL_lib/src/HAL_pwr.o
LOAD ./Device/MM32W0xx_q/HAL_lib/src/HAL_rcc.o
LOAD ./Device/MM32W0xx_q/HAL_lib/src/HAL_spi.o
LOAD ./Device/MM32W0xx_q/HAL_lib/src/HAL_syscfg.o
LOAD ./Device/MM32W0xx_q/HAL_lib/src/HAL_tim.o
LOAD ./Device/MM32W0xx_q/HAL_lib/src/HAL_uart.o
LOAD ./Device/MM32W0xx_q/HAL_lib/src/HAL_wwdg.o
LOAD /home/neomissing/eclipse-workspace/MM32W0x_q/SRC_LIB/lib/libmg_BLE-gcc.a
START GROUP
LOAD /usr/lib/gcc/arm-none-eabi/6.3.1/thumb/v6-m/libgcc.a
LOAD /usr/lib/gcc/arm-none-eabi/6.3.1/../../../arm-none-eabi/lib/thumb/v6-m/libg.a
LOAD /usr/lib/gcc/arm-none-eabi/6.3.1/../../../arm-none-eabi/lib/thumb/v6-m/libc.a
END GROUP
LOAD /usr/lib/gcc/arm-none-eabi/6.3.1/thumb/v6-m/crtend.o
LOAD /usr/lib/gcc/arm-none-eabi/6.3.1/thumb/v6-m/crtn.o
                0x0000000020002000                _estack = 0x20002000
                0x0000000000000200                _Min_Heap_Size = 0x200
                0x0000000000000200                _Min_Stack_Size = 0x200

.isr_vector     0x0000000008000000       0xe0
                0x0000000008000000                . = ALIGN (0x4)
 *(.isr_vector)
 .isr_vector    0x0000000008000000       0xe0 ./Device/MM32W0xx_q/Source/startup_MM32_M0_q_GCC.o
                0x0000000008000000                g_pfnVectors
                0x00000000080000e0                . = ALIGN (0x4)

.eh_frame       0x00000000080000e0        0x0
 .eh_frame      0x00000000080000e0        0x0 /usr/lib/gcc/arm-none-eabi/6.3.1/thumb/v6-m/crtbegin.o

.text           0x00000000080000e0     0x6938
                0x00000000080000e0                . = ALIGN (0x4)
 *(.text)
 .text          0x00000000080000e0       0xb4 /usr/lib/gcc/arm-none-eabi/6.3.1/thumb/v6-m/crtbegin.o
 .text          0x0000000008000194      0xdd8 /home/neomissing/eclipse-workspace/MM32W0x_q/SRC_LIB/lib/libmg_BLE-gcc.a(mg_driver.o)
                0x0000000008000194                mg_writeReg
                0x00000000080001b8                mg_readReg
                0x00000000080001dc                mg_activate
                0x00000000080001fc                mg_writeBuf
                0x000000000800023c                mg_readBuf
                0x0000000008000278                radio_setChannel
                0x0000000008000288                radio_setAccessCode
                0x00000000080002ac                radio_setCrcInit
                0x00000000080002cc                radio_setTxPduHeader
                0x00000000080002f0                radio_setAdvPayload
                0x0000000008000300                radio_setTxPayload
                0x0000000008000308                radio_setAdvHeader
                0x0000000008000324                radio_readClearIRQ
                0x0000000008000344                radio_setIrqMask
                0x0000000008000360                radio_clearIRQ
                0x000000000800036c                radio_getHdr
                0x000000000800039c                radio_getPdu
                0x0000000008000444                radio_getClock
                0x0000000008000488                radio_getHClock
                0x00000000080004b0                radio_sleep
                0x00000000080004d0                radio_wakeup
                0x00000000080004dc                radio_setWakeupTime
                0x0000000008000500                radio_setMode
                0x0000000008000558                radio_setStartTime
                0x0000000008000578                radio_setTimeout
                0x00000000080005ac                radio_setBleAddr
                0x00000000080005f8                radio_standby
                0x0000000008000664                radio_resume
                0x00000000080006e4                radio_fixSPI
                0x000000000800071c                radio_setXtal
                0x0000000008000754                radio_setRxGain
                0x0000000008000758                radio_setScanAInitA
                0x0000000008000784                radio_setPaGain
                0x000000000800079c                radio_do_cal
                0x0000000008000834                radio_setCal_nonBlocking
                0x000000000800084c                radio_do_cal_reset
                0x0000000008000858                radio_do_cal_start
                0x0000000008000880                radio_do_cal_check_result
                0x00000000080008a8                radio_do_cal_step_check
                0x0000000008000948                radio_initBle
                0x0000000008000b18                radio_initBle_TO
                0x0000000008000d2c                mg_ReadOTP
                0x0000000008000d98                radio_initBle_recover
 .text          0x0000000008000f6c      0x4a8 /home/neomissing/eclipse-workspace/MM32W0x_q/SRC_LIB/lib/libmg_BLE-gcc.a(fsm_adv_generic.o)
                0x00000000080012b0                CheckMcuTimerForRcCal
                0x00000000080012e0                StartBBTimerForRcCal
                0x00000000080012e8                bb_advCalTimerIrq
                0x00000000080012f4                DoRcConvert_LF_AMPLE
                0x0000000008001320                DoRcConvert_HF_LF_COEF
                0x0000000008001334                bb_DoRcCal
                0x000000000800136c                bb_advGenericSetup
                0x000000000800139c                bb_advGenericStart
                0x00000000080013b4                SetFixAdvChannel
                0x00000000080013c0                GetAdvCh
                0x00000000080013cc                GetAdvEnable
                0x00000000080013d8                ble_set_adv_enableFlag
                0x0000000008001408                ble_set_wakeupdly
 .text          0x0000000008001414      0x474 /home/neomissing/eclipse-workspace/MM32W0x_q/SRC_LIB/lib/libmg_BLE-gcc.a(ll_control.o)
                0x0000000008001414                ble_set_feature_supported
                0x0000000008001420                savetxbuf
                0x0000000008001448                restoretxbuf
                0x0000000008001468                txRsp
                0x00000000080014b0                s_llVersion
                0x00000000080014e8                s_llUnknownRsp
                0x0000000008001514                s_llConnParaReq
                0x0000000008001548                sconn_UpdateConnParaReqS
                0x0000000008001610                sconn_UpdateConnParaReq
                0x0000000008001674                s_llConnParaRsp
                0x00000000080016a8                s_llFea
                0x00000000080016ec                s_llChmReq
                0x00000000080016f0                s_llTer
                0x0000000008001728                s_llEnc
                0x0000000008001770                s_llSmPair
                0x00000000080017b8                connUpdatePtr
                0x00000000080017f0                connUpdateChm
                0x0000000008001804                empty_pk
                0x000000000800181c                s_llTerminate
                0x000000000800185c                ble_disconnect
                0x0000000008001870                ble_disc
 .text          0x0000000008001888      0x298 /home/neomissing/eclipse-workspace/MM32W0x_q/SRC_LIB/lib/libmg_BLE-gcc.a(led_pwm.o)
                0x0000000008001888                Led_setOnOff
                0x0000000008001894                Led_getInfo
                0x00000000080018c0                Led_setInfo
                0x00000000080018ec                UpdateFadingParameter
                0x0000000008001970                SetLedInfo
                0x00000000080019c0                EnableLED
                0x00000000080019dc                SetLEDLum
                0x0000000008001a1c                SetLEDLumPercent
                0x0000000008001a30                UpdateLEDValueFading
 .text          0x0000000008001b20      0x678 /home/neomissing/eclipse-workspace/MM32W0x_q/SRC_LIB/lib/libmg_BLE-gcc.a(hwtest.o)
                0x0000000008001be4                ble_set_md_enable
                0x0000000008001bf8                ble_set_adv_data
                0x0000000008001c2c                ble_set_adv_rsp_data
                0x0000000008001c64                ble_set_adv_type
                0x0000000008001c84                ble_set_interval
                0x0000000008001c94                test_adv_generic
                0x0000000008001cc0                ble_set_name
                0x0000000008001d04                SetMcuCanSleepThreshold
                0x0000000008001d10                SetMcuSleepFlag
                0x0000000008001d20                ble_nMsRoutine
                0x0000000008001d54                SetBleIntRunningMode
                0x0000000008001d64                ble_run_interrupt_McuCanSleep
                0x0000000008001d90                ble_run
                0x000000000800211c                ble_run_interrupt_start
                0x0000000008002144                SetSwTimer
                0x0000000008002164                IsSwTimeOut
                0x0000000008002190                get_ble_version
 .text          0x0000000008002198      0x8ac /home/neomissing/eclipse-workspace/MM32W0x_q/SRC_LIB/lib/libmg_BLE-gcc.a(att.o)
                0x0000000008002198                GetFirmwareInfo
                0x00000000080021c0                set_notifyhandle
                0x00000000080021cc                ser_notify_handle
                0x0000000008002254                sconn_notifydata
                0x00000000080022ac                sconn_indicationdata
                0x0000000008002304                att_server_rdByGrTypeRspPrimaryService
                0x0000000008002364                att_server_rdByGrTypeRspDeviceInfo
                0x00000000080023c4                att_empPk
                0x00000000080023c8                att_ErrorFd_eCode
                0x0000000008002414                att_notFd
                0x0000000008002420                att_server_rd
                0x000000000800248c                att_exMtuReq
                0x00000000080024bc                ser_execute_write_rsp
                0x00000000080024e4                ser_prepare_write_rsp
                0x000000000800252c                mesh_led_resp
                0x00000000080026ec                OTA_Proc
                0x00000000080026f0                att_server_rdByType
                0x0000000008002904                att_server_findByType
                0x0000000008002984                att_server_findIn
                0x0000000008002a14                ser_write_rsp_pkt
 .text          0x0000000008002a44      0x8fc /home/neomissing/eclipse-workspace/MM32W0x_q/SRC_LIB/lib/libmg_BLE-gcc.a(fsm_sconn.o)
                0x0000000008002c80                ble_set_rxwindow
                0x0000000008002c8c                sconn_getConnEvent
                0x0000000008002c98                ble_GetConnInterval
                0x0000000008002ca4                sconn_GetConnInterval
                0x0000000008002cb0                sconn_ReSetLLSupvTimer
                0x0000000008002cb8                bb_sconnStart
                0x0000000008002dd0                GetRssiData
                0x0000000008002de0                ReSConnect
                0x0000000008003270                ble_set_latency
                0x000000000800327c                connPaInstant
                0x000000000800328c                sconnUpChm
                0x00000000080032c0                sconnConUpdate
                0x000000000800332c                GetMasterDeviceMac
 .text          0x0000000008003340       0x38 /home/neomissing/eclipse-workspace/MM32W0x_q/SRC_LIB/lib/libmg_BLE-gcc.a(fsm_base.o)
                0x0000000008003340                bb_getConnState
                0x000000000800335c                bb_setConnState
                0x0000000008003368                Tx_len
 .text          0x0000000008003378      0x390 /home/neomissing/eclipse-workspace/MM32W0x_q/SRC_LIB/lib/libmg_BLE-gcc.a(slave_dispatch.o)
                0x00000000080033dc                SaveCurrentHdr
                0x00000000080033e8                GenerateTxQueue
                0x0000000008003424                sOpCheck_Start
                0x0000000008003444                s_opcodeCheckOld
 .text          0x0000000008003708       0xa4 /home/neomissing/eclipse-workspace/MM32W0x_q/SRC_LIB/lib/libmg_BLE-gcc.a(l2cap.o)
                0x0000000008003708                SIG_ConnParaUpdateReq
                0x0000000008003770                SIG_CommandRej
 .text          0x00000000080037ac      0x150 /home/neomissing/eclipse-workspace/MM32W0x_q/SRC_LIB/lib/libmg_BLE-gcc.a(data_queue.o)
                0x00000000080037ac                read_queue_error_code
                0x00000000080037b8                get_node_free
                0x00000000080037c4                is_node_empty
                0x00000000080037d8                queue_init
                0x00000000080037ec                queue_deinit
                0x0000000008003800                queue_empty
                0x0000000008003818                queue_push
                0x0000000008003888                queue_pop
                0x00000000080038a4                queue_front
                0x00000000080038ac                queue_size
                0x00000000080038c0                readQueue
 .text          0x00000000080038fc      0x114 /usr/lib/gcc/arm-none-eabi/6.3.1/thumb/v6-m/libgcc.a(_udivsi3.o)
                0x00000000080038fc                __udivsi3
                0x00000000080038fc                __aeabi_uidiv
                0x0000000008003a08                __aeabi_uidivmod
 .text          0x0000000008003a10      0x1d4 /usr/lib/gcc/arm-none-eabi/6.3.1/thumb/v6-m/libgcc.a(_divsi3.o)
                0x0000000008003a10                __aeabi_idiv
                0x0000000008003a10                __divsi3
                0x0000000008003bdc                __aeabi_idivmod
 .text          0x0000000008003be4        0x4 /usr/lib/gcc/arm-none-eabi/6.3.1/thumb/v6-m/libgcc.a(_dvmd_tls.o)
                0x0000000008003be4                __aeabi_ldiv0
                0x0000000008003be4                __aeabi_idiv0
 .text          0x0000000008003be8       0x10 /usr/lib/gcc/arm-none-eabi/6.3.1/../../../arm-none-eabi/lib/thumb/v6-m/libg.a(lib_a-atexit.o)
                0x0000000008003be8                atexit
 .text          0x0000000008003bf8       0x34 /usr/lib/gcc/arm-none-eabi/6.3.1/../../../arm-none-eabi/lib/thumb/v6-m/libg.a(lib_a-fini.o)
                0x0000000008003bf8                __libc_fini_array
 .text          0x0000000008003c2c       0x4c /usr/lib/gcc/arm-none-eabi/6.3.1/../../../arm-none-eabi/lib/thumb/v6-m/libg.a(lib_a-memcmp.o)
                0x0000000008003c2c                memcmp
 .text          0x0000000008003c78       0x84 /usr/lib/gcc/arm-none-eabi/6.3.1/../../../arm-none-eabi/lib/thumb/v6-m/libg.a(lib_a-memcpy-stub.o)
                0x0000000008003c78                memcpy
 .text          0x0000000008003cfc       0x94 /usr/lib/gcc/arm-none-eabi/6.3.1/../../../arm-none-eabi/lib/thumb/v6-m/libg.a(lib_a-memset.o)
                0x0000000008003cfc                memset
 .text          0x0000000008003d90       0x10 /usr/lib/gcc/arm-none-eabi/6.3.1/../../../arm-none-eabi/lib/thumb/v6-m/libg.a(lib_a-strcpy.o)
                0x0000000008003d90                strcpy
 .text          0x0000000008003da0       0x64 /usr/lib/gcc/arm-none-eabi/6.3.1/../../../arm-none-eabi/lib/thumb/v6-m/libg.a(lib_a-strlen-stub.o)
                0x0000000008003da0                strlen
 .text          0x0000000008003e04       0xd4 /usr/lib/gcc/arm-none-eabi/6.3.1/../../../arm-none-eabi/lib/thumb/v6-m/libg.a(lib_a-__atexit.o)
                0x0000000008003e04                __register_exitproc
 *(.text*)
 .text.main     0x0000000008003ed8       0x70 ./USER/main.o
                0x0000000008003ed8                main
 .text.uart_initwBaudRate
                0x0000000008003f48      0x100 ./SYSTEM/uart/uart.o
                0x0000000008003f48                uart_initwBaudRate
 .text.ChangeBaudRate
                0x0000000008004048       0x6c ./SYSTEM/uart/uart.o
                0x0000000008004048                ChangeBaudRate
 .text.moduleOutData
                0x00000000080040b4       0x84 ./SYSTEM/uart/uart.o
                0x00000000080040b4                moduleOutData
 .text.UART2_IRQHandler
                0x0000000008004138      0x110 ./SYSTEM/uart/uart.o
                0x0000000008004138                UART2_IRQHandler
 .text.NVIC_SetPriority
                0x0000000008004248       0xdc ./SYSTEM/sys/sys.o
 .text.SysTick_Config
                0x0000000008004324       0x48 ./SYSTEM/sys/sys.o
 .text.GetSysTickCount
                0x000000000800436c       0x14 ./SYSTEM/sys/sys.o
                0x000000000800436c                GetSysTickCount
 .text.SysTick_Handler
                0x0000000008004380       0x1c ./SYSTEM/sys/sys.o
                0x0000000008004380                SysTick_Handler
 .text.SysTick_Configuration
                0x000000000800439c       0x18 ./SYSTEM/sys/sys.o
                0x000000000800439c                SysTick_Configuration
 .text.SPI_WriteRead
                0x00000000080043b4       0x4c ./HARDWARE/SPI/spi.o
                0x00000000080043b4                SPI_WriteRead
 .text.SPI_CS_Enable_
                0x0000000008004400       0x1c ./HARDWARE/SPI/spi.o
                0x0000000008004400                SPI_CS_Enable_
 .text.SPI_CS_Disable_
                0x000000000800441c       0x1c ./HARDWARE/SPI/spi.o
                0x000000000800441c                SPI_CS_Disable_
 .text.SPIM_TXEn
                0x0000000008004438       0x1a ./HARDWARE/SPI/spi.o
                0x0000000008004438                SPIM_TXEn
 .text.SPIM_RXEn
                0x0000000008004452       0x1a ./HARDWARE/SPI/spi.o
                0x0000000008004452                SPIM_RXEn
 .text.SPIM_Init
                0x000000000800446c      0x18c ./HARDWARE/SPI/spi.o
                0x000000000800446c                SPIM_Init
 .text.NVIC_SetPriority
                0x00000000080045f8       0xdc ./HARDWARE/RCC_MCU/rcc.o
 .text.SysTick_Config
                0x00000000080046d4       0x48 ./HARDWARE/RCC_MCU/rcc.o
 .text.SysClk8to48
                0x000000000800471c       0xb0 ./HARDWARE/RCC_MCU/rcc.o
                0x000000000800471c                SysClk8to48
 .text.SysClk48to8
                0x00000000080047cc       0x38 ./HARDWARE/RCC_MCU/rcc.o
                0x00000000080047cc                SysClk48to8
 .text.UpdateLEDValueAll
                0x0000000008004804       0xf8 ./HARDWARE/LED_MESH/led_mesh.o
                0x0000000008004804                UpdateLEDValueAll
 .text.IRQ_RF   0x00000000080048fc       0xc8 ./HARDWARE/IRQ/irq_rf.o
                0x00000000080048fc                IRQ_RF
 .text.IsIrqEnabled
                0x00000000080049c4       0x28 ./HARDWARE/IRQ/irq_rf.o
                0x00000000080049c4                IsIrqEnabled
 .text.EXTI0_1_IRQHandler
                0x00000000080049ec       0x16 ./HARDWARE/IRQ/irq_rf.o
                0x00000000080049ec                EXTI0_1_IRQHandler
 *fill*         0x0000000008004a02        0x2 
 .text.I2C1_IRQHandler
                0x0000000008004a04       0xdc ./HARDWARE/IIC/iic.o
                0x0000000008004a04                I2C1_IRQHandler
 .text.McuGotoSleepAndWakeup
                0x0000000008004ae0       0x74 ./HARDWARE/CALLBACK/callback.o
                0x0000000008004ae0                McuGotoSleepAndWakeup
 .text.NMI_Handler
                0x0000000008004b54       0x1c ./HARDWARE/CALLBACK/callback.o
                0x0000000008004b54                NMI_Handler
 .text.DisableEnvINT
                0x0000000008004b70       0x30 ./HARDWARE/CALLBACK/callback.o
                0x0000000008004b70                DisableEnvINT
 .text.EnableEnvINT
                0x0000000008004ba0       0x40 ./HARDWARE/CALLBACK/callback.o
                0x0000000008004ba0                EnableEnvINT
 .text.UsrProcCallback
                0x0000000008004be0      0x118 ./HARDWARE/CALLBACK/callback.o
                0x0000000008004be0                UsrProcCallback
 .text.atcmd_SetName
                0x0000000008004cf8       0x50 ./HARDWARE/AT_CMD/AT_CMD.o
                0x0000000008004cf8                atcmd_SetName
 .text.atcmd_SetAdvInt
                0x0000000008004d48       0xa0 ./HARDWARE/AT_CMD/AT_CMD.o
                0x0000000008004d48                atcmd_SetAdvInt
 .text.Hex2Int  0x0000000008004de8       0x40 ./HARDWARE/AT_CMD/AT_CMD.o
                0x0000000008004de8                Hex2Int
 .text.atcmd_SendData
                0x0000000008004e28       0xfc ./HARDWARE/AT_CMD/AT_CMD.o
                0x0000000008004e28                atcmd_SendData
 .text.atcmd_SetAdvFlag
                0x0000000008004f24       0x58 ./HARDWARE/AT_CMD/AT_CMD.o
                0x0000000008004f24                atcmd_SetAdvFlag
 .text.atcmd_DisconnecteBle
                0x0000000008004f7c       0x40 ./HARDWARE/AT_CMD/AT_CMD.o
                0x0000000008004f7c                atcmd_DisconnecteBle
 .text.atcmd_LowPower
                0x0000000008004fbc       0x6c ./HARDWARE/AT_CMD/AT_CMD.o
                0x0000000008004fbc                atcmd_LowPower
 .text.atcmd_SetBaud
                0x0000000008005028       0xa4 ./HARDWARE/AT_CMD/AT_CMD.o
                0x0000000008005028                atcmd_SetBaud
 .text.IsExactCmdInclude
                0x00000000080050cc       0x6c ./HARDWARE/AT_CMD/AT_CMD.o
                0x00000000080050cc                IsExactCmdInclude
 .text.atcmd_Minfo
                0x0000000008005138       0x68 ./HARDWARE/AT_CMD/AT_CMD.o
                0x0000000008005138                atcmd_Minfo
 .text.atcmd_Help
                0x00000000080051a0       0xd4 ./HARDWARE/AT_CMD/AT_CMD.o
                0x00000000080051a0                atcmd_Help
 .text.AtCmdParser
                0x0000000008005274       0x88 ./HARDWARE/AT_CMD/AT_CMD.o
                0x0000000008005274                AtCmdParser
 .text.AtCmdPreParser
                0x00000000080052fc       0x4c ./HARDWARE/AT_CMD/AT_CMD.o
                0x00000000080052fc                AtCmdPreParser
 .text.CheckAtCmdInfo
                0x0000000008005348       0xc8 ./HARDWARE/AT_CMD/AT_CMD.o
                0x0000000008005348                CheckAtCmdInfo
 .text.getDeviceInfoData
                0x0000000008005410       0x1c ./HARDWARE/APP/app.o
                0x0000000008005410                getDeviceInfoData
 .text.updateDeviceInfoData
                0x000000000800542c       0x44 ./HARDWARE/APP/app.o
                0x000000000800542c                updateDeviceInfoData
 .text.GetCharListDim
                0x0000000008005470        0xc ./HARDWARE/APP/app.o
                0x0000000008005470                GetCharListDim
 .text.att_server_rdByGrType
                0x000000000800547c       0xec ./HARDWARE/APP/app.o
                0x000000000800547c                att_server_rdByGrType
 .text.ser_write_rsp
                0x0000000008005568       0xc8 ./HARDWARE/APP/app.o
                0x0000000008005568                ser_write_rsp
 .text.ser_prepare_write
                0x0000000008005630       0x48 ./HARDWARE/APP/app.o
                0x0000000008005630                ser_prepare_write
 .text.ser_execute_write
                0x0000000008005678        0xa ./HARDWARE/APP/app.o
                0x0000000008005678                ser_execute_write
 *fill*         0x0000000008005682        0x2 
 .text.server_rd_rsp
                0x0000000008005684      0x18c ./HARDWARE/APP/app.o
                0x0000000008005684                server_rd_rsp
 .text.server_blob_rd_rsp
                0x0000000008005810       0x40 ./HARDWARE/APP/app.o
                0x0000000008005810                server_blob_rd_rsp
 .text.GetPrimaryServiceHandle
                0x0000000008005850       0x5c ./HARDWARE/APP/app.o
                0x0000000008005850                GetPrimaryServiceHandle
 .text.gatt_user_send_notify_data_callback
                0x00000000080058ac        0xa ./HARDWARE/APP/app.o
                0x00000000080058ac                gatt_user_send_notify_data_callback
 *fill*         0x00000000080058b6        0x2 
 .text.GetConnectedStatus
                0x00000000080058b8       0x14 ./HARDWARE/APP/app.o
                0x00000000080058b8                GetConnectedStatus
 .text.ConnectStausUpdate
                0x00000000080058cc       0x54 ./HARDWARE/APP/app.o
                0x00000000080058cc                ConnectStausUpdate
 .text.Reset_Handler
                0x0000000008005920       0x48 ./Device/MM32W0xx_q/Source/startup_MM32_M0_q_GCC.o
                0x0000000008005920                Reset_Handler
 .text.Default_Handler
                0x0000000008005968        0x2 ./Device/MM32W0xx_q/Source/startup_MM32_M0_q_GCC.o
                0x0000000008005968                DebugMon_Handler
                0x0000000008005968                TIM1_CC_IRQHandler
                0x0000000008005968                HardFault_Handler
                0x0000000008005968                PVD_IRQHandler
                0x0000000008005968                PendSV_Handler
                0x0000000008005968                UART1_IRQHandler
                0x0000000008005968                RCC_CRS_IRQHandler
                0x0000000008005968                UsageFault_Handler
                0x0000000008005968                SPI1_IRQHandler
                0x0000000008005968                EXTI2_3_IRQHandler
                0x0000000008005968                TIM17_IRQHandler
                0x0000000008005968                TIM16_IRQHandler
                0x0000000008005968                TIM3_IRQHandler
                0x0000000008005968                EXTI4_15_IRQHandler
                0x0000000008005968                DMA1_Channel1_IRQHandler
                0x0000000008005968                Default_Handler
                0x0000000008005968                TIM14_IRQHandler
                0x0000000008005968                DMA1_Channel4_5_IRQHandler
                0x0000000008005968                SPI2_IRQHandler
                0x0000000008005968                MemManage_Handler
                0x0000000008005968                SVC_Handler
                0x0000000008005968                WWDG_IRQHandler
                0x0000000008005968                TIM2_IRQHandler
                0x0000000008005968                DMA1_Channel2_3_IRQHandler
                0x0000000008005968                ADC_COMP_IRQHandler
                0x0000000008005968                EXTI1_IRQHandler
                0x0000000008005968                FLASH_IRQHandler
                0x0000000008005968                BusFault_Handler
                0x0000000008005968                TIM1_BRK_UP_TRG_COM_IRQHandler
 *fill*         0x000000000800596a        0x2 
 .text.SetSysClockTo48_HSI
                0x000000000800596c       0xb0 ./Device/MM32W0xx_q/Source/system_MM32W0xx_q.o
                0x000000000800596c                SetSysClockTo48_HSI
 .text.EXTI_Init
                0x0000000008005a1c       0xe4 ./Device/MM32W0xx_q/HAL_lib/src/HAL_exti.o
                0x0000000008005a1c                EXTI_Init
 .text.EXTI_ClearITPendingBit
                0x0000000008005b00       0x1c ./Device/MM32W0xx_q/HAL_lib/src/HAL_exti.o
                0x0000000008005b00                EXTI_ClearITPendingBit
 .text.GPIO_Init
                0x0000000008005b1c      0x17a ./Device/MM32W0xx_q/HAL_lib/src/HAL_gpio.o
                0x0000000008005b1c                GPIO_Init
 .text.GPIO_ReadInputData
                0x0000000008005c96       0x16 ./Device/MM32W0xx_q/HAL_lib/src/HAL_gpio.o
                0x0000000008005c96                GPIO_ReadInputData
 .text.GPIO_SetBits
                0x0000000008005cac       0x1e ./Device/MM32W0xx_q/HAL_lib/src/HAL_gpio.o
                0x0000000008005cac                GPIO_SetBits
 .text.GPIO_ResetBits
                0x0000000008005cca       0x1e ./Device/MM32W0xx_q/HAL_lib/src/HAL_gpio.o
                0x0000000008005cca                GPIO_ResetBits
 .text.GPIO_PinAFConfig
                0x0000000008005ce8       0xa2 ./Device/MM32W0xx_q/HAL_lib/src/HAL_gpio.o
                0x0000000008005ce8                GPIO_PinAFConfig
 .text.I2C_ClearITPendingBit
                0x0000000008005d8a       0xa6 ./Device/MM32W0xx_q/HAL_lib/src/HAL_i2c.o
                0x0000000008005d8a                I2C_ClearITPendingBit
 .text.NVIC_Init
                0x0000000008005e30       0xac ./Device/MM32W0xx_q/HAL_lib/src/HAL_misc.o
                0x0000000008005e30                NVIC_Init
 .text.RCC_SYSCLKConfig
                0x0000000008005edc       0x34 ./Device/MM32W0xx_q/HAL_lib/src/HAL_rcc.o
                0x0000000008005edc                RCC_SYSCLKConfig
 .text.RCC_GetSYSCLKSource
                0x0000000008005f10       0x1c ./Device/MM32W0xx_q/HAL_lib/src/HAL_rcc.o
                0x0000000008005f10                RCC_GetSYSCLKSource
 .text.RCC_GetClocksFreq
                0x0000000008005f2c       0xf8 ./Device/MM32W0xx_q/HAL_lib/src/HAL_rcc.o
                0x0000000008005f2c                RCC_GetClocksFreq
 .text.RCC_AHBPeriphClockCmd
                0x0000000008006024       0x40 ./Device/MM32W0xx_q/HAL_lib/src/HAL_rcc.o
                0x0000000008006024                RCC_AHBPeriphClockCmd
 .text.RCC_APB2PeriphClockCmd
                0x0000000008006064       0x40 ./Device/MM32W0xx_q/HAL_lib/src/HAL_rcc.o
                0x0000000008006064                RCC_APB2PeriphClockCmd
 .text.RCC_APB1PeriphClockCmd
                0x00000000080060a4       0x40 ./Device/MM32W0xx_q/HAL_lib/src/HAL_rcc.o
                0x00000000080060a4                RCC_APB1PeriphClockCmd
 .text.SPI_Init
                0x00000000080060e4       0xdc ./Device/MM32W0xx_q/HAL_lib/src/HAL_spi.o
                0x00000000080060e4                SPI_Init
 .text.SPI_Cmd  0x00000000080061c0       0x40 ./Device/MM32W0xx_q/HAL_lib/src/HAL_spi.o
                0x00000000080061c0                SPI_Cmd
 .text.SPI_BiDirectionalLineConfig
                0x0000000008006200       0x84 ./Device/MM32W0xx_q/HAL_lib/src/HAL_spi.o
                0x0000000008006200                SPI_BiDirectionalLineConfig
 .text.SYSCFG_EXTILineConfig
                0x0000000008006284       0x94 ./Device/MM32W0xx_q/HAL_lib/src/HAL_syscfg.o
                0x0000000008006284                SYSCFG_EXTILineConfig
 .text.TIM_SetCompare1
                0x0000000008006318       0x18 ./Device/MM32W0xx_q/HAL_lib/src/HAL_tim.o
                0x0000000008006318                TIM_SetCompare1
 .text.TIM_SetCompare2
                0x0000000008006330       0x18 ./Device/MM32W0xx_q/HAL_lib/src/HAL_tim.o
                0x0000000008006330                TIM_SetCompare2
 .text.TIM_SetCompare3
                0x0000000008006348       0x18 ./Device/MM32W0xx_q/HAL_lib/src/HAL_tim.o
                0x0000000008006348                TIM_SetCompare3
 .text.TIM_SetCompare4
                0x0000000008006360       0x18 ./Device/MM32W0xx_q/HAL_lib/src/HAL_tim.o
                0x0000000008006360                TIM_SetCompare4
 .text.UART_Init
                0x0000000008006378       0xdc ./Device/MM32W0xx_q/HAL_lib/src/HAL_uart.o
                0x0000000008006378                UART_Init
 .text.UART_Cmd
                0x0000000008006454       0x3c ./Device/MM32W0xx_q/HAL_lib/src/HAL_uart.o
                0x0000000008006454                UART_Cmd
 .text.UART_ITConfig
                0x0000000008006490       0x48 ./Device/MM32W0xx_q/HAL_lib/src/HAL_uart.o
                0x0000000008006490                UART_ITConfig
 .text.UART_SendData
                0x00000000080064d8       0x22 ./Device/MM32W0xx_q/HAL_lib/src/HAL_uart.o
                0x00000000080064d8                UART_SendData
 .text.UART_ReceiveData
                0x00000000080064fa       0x1c ./Device/MM32W0xx_q/HAL_lib/src/HAL_uart.o
                0x00000000080064fa                UART_ReceiveData
 .text.UART_GetITStatus
                0x0000000008006516       0x42 ./Device/MM32W0xx_q/HAL_lib/src/HAL_uart.o
                0x0000000008006516                UART_GetITStatus
 .text.UART_ClearITPendingBit
                0x0000000008006558       0x1e ./Device/MM32W0xx_q/HAL_lib/src/HAL_uart.o
                0x0000000008006558                UART_ClearITPendingBit
 *fill*         0x0000000008006576        0x2 
 .text.startup  0x0000000008006578       0x18 /usr/lib/gcc/arm-none-eabi/6.3.1/../../../arm-none-eabi/lib/thumb/v6-m/libg.a(lib_a-__call_atexit.o)
 *(.rodata)
 .rodata        0x0000000008006590        0x8 ./HARDWARE/CALLBACK/callback.o
 .rodata        0x0000000008006598       0x38 ./HARDWARE/AT_CMD/AT_CMD.o
 .rodata        0x00000000080065d0       0x54 ./HARDWARE/APP/app.o
 .rodata        0x0000000008006624       0x22 /home/neomissing/eclipse-workspace/MM32W0x_q/SRC_LIB/lib/libmg_BLE-gcc.a(mg_driver.o)
 *fill*         0x0000000008006646        0x2 
 .rodata        0x0000000008006648       0x1c /home/neomissing/eclipse-workspace/MM32W0x_q/SRC_LIB/lib/libmg_BLE-gcc.a(fsm_adv_generic.o)
                0x0000000008006648                adv_generic_fsm
 .rodata        0x0000000008006664       0x3a /home/neomissing/eclipse-workspace/MM32W0x_q/SRC_LIB/lib/libmg_BLE-gcc.a(ll_control.o)
 *fill*         0x000000000800669e        0x2 
 .rodata        0x00000000080066a0       0x99 /home/neomissing/eclipse-workspace/MM32W0x_q/SRC_LIB/lib/libmg_BLE-gcc.a(att.o)
 *fill*         0x0000000008006739        0x3 
 .rodata        0x000000000800673c       0x1c /home/neomissing/eclipse-workspace/MM32W0x_q/SRC_LIB/lib/libmg_BLE-gcc.a(fsm_sconn.o)
 .rodata        0x0000000008006758      0x198 /home/neomissing/eclipse-workspace/MM32W0x_q/SRC_LIB/lib/libmg_BLE-gcc.a(slave_dispatch.o)
 .rodata        0x00000000080068f0        0x4 /usr/lib/gcc/arm-none-eabi/6.3.1/../../../arm-none-eabi/lib/thumb/v6-m/libg.a(lib_a-impure.o)
                0x00000000080068f0                _global_impure_ptr
 *(.rodata*)
 .rodata.AttCharList
                0x00000000080068f4       0x5a ./HARDWARE/APP/app.o
                0x00000000080068f4                AttCharList
 *fill*         0x000000000800694e        0x2 
 .rodata.AttUuid128List
                0x0000000008006950       0x40 ./HARDWARE/APP/app.o
                0x0000000008006950                AttUuid128List
 .rodata.server_rd_rsp
                0x0000000008006990       0x58 ./HARDWARE/APP/app.o
 .rodata.str1.4
                0x00000000080069e8        0xb /home/neomissing/eclipse-workspace/MM32W0x_q/SRC_LIB/lib/libmg_BLE-gcc.a(hwtest.o)
 *fill*         0x00000000080069f3        0x1 
 .rodata.str1.4
                0x00000000080069f4        0x5 /home/neomissing/eclipse-workspace/MM32W0x_q/SRC_LIB/lib/libmg_BLE-gcc.a(att.o)
 *fill*         0x00000000080069f9        0x3 
 .rodata.str1.4
                0x00000000080069fc        0x4 /usr/lib/gcc/arm-none-eabi/6.3.1/../../../arm-none-eabi/lib/thumb/v6-m/libg.a(lib_a-impure.o)
                                          0x2 (size before relaxing)
 *(.glue_7)
 .glue_7        0x0000000008006a00        0x0 linker stubs
 *(.glue_7t)
 .glue_7t       0x0000000008006a00        0x0 linker stubs
 *(.init)
 .init          0x0000000008006a00        0x4 /usr/lib/gcc/arm-none-eabi/6.3.1/thumb/v6-m/crti.o
                0x0000000008006a00                _init
 .init          0x0000000008006a04        0x8 /usr/lib/gcc/arm-none-eabi/6.3.1/thumb/v6-m/crtn.o
 *(.fini)
 .fini          0x0000000008006a0c        0x4 /usr/lib/gcc/arm-none-eabi/6.3.1/thumb/v6-m/crti.o
                0x0000000008006a0c                _fini
 .fini          0x0000000008006a10        0x8 /usr/lib/gcc/arm-none-eabi/6.3.1/thumb/v6-m/crtn.o
                0x0000000008006a18                . = ALIGN (0x4)
                0x0000000008006a18                _etext = .

.vfp11_veneer   0x0000000008006a18        0x0
 .vfp11_veneer  0x0000000008006a18        0x0 linker stubs

.v4_bx          0x0000000008006a18        0x0
 .v4_bx         0x0000000008006a18        0x0 linker stubs

.iplt           0x0000000008006a18        0x0
 .iplt          0x0000000008006a18        0x0 /usr/lib/gcc/arm-none-eabi/6.3.1/thumb/v6-m/crtbegin.o

.rel.dyn        0x0000000008006a18        0x0
 .rel.iplt      0x0000000008006a18        0x0 /usr/lib/gcc/arm-none-eabi/6.3.1/thumb/v6-m/crtbegin.o

.ARM.extab
 *(.ARM.extab* .gnu.linkonce.armextab.*)

.ARM            0x0000000008006a18        0x0
                0x0000000008006a18                __exidx_start = .
 *(.ARM.exidx*)
                0x0000000008006a18                __exidx_end = .

.ARM.attributes
                0x0000000008006a18       0x28
 *(.ARM.attributes)
 .ARM.attributes
                0x0000000008006a18       0x1e /usr/lib/gcc/arm-none-eabi/6.3.1/thumb/v6-m/crti.o
 .ARM.attributes
                0x0000000008006a36       0x2c /usr/lib/gcc/arm-none-eabi/6.3.1/thumb/v6-m/crtbegin.o
 .ARM.attributes
                0x0000000008006a62       0x31 ./USER/main.o
 .ARM.attributes
                0x0000000008006a93       0x31 ./SYSTEM/uart/uart.o
 .ARM.attributes
                0x0000000008006ac4       0x31 ./SYSTEM/sys/sys.o
 .ARM.attributes
                0x0000000008006af5       0x31 ./HARDWARE/SPI/spi.o
 .ARM.attributes
                0x0000000008006b26       0x31 ./HARDWARE/RCC_MCU/rcc.o
 .ARM.attributes
                0x0000000008006b57       0x31 ./HARDWARE/LED_MESH/led_mesh.o
 .ARM.attributes
                0x0000000008006b88       0x31 ./HARDWARE/IRQ/irq_rf.o
 .ARM.attributes
                0x0000000008006bb9       0x31 ./HARDWARE/IIC/iic.o
 .ARM.attributes
                0x0000000008006bea       0x31 ./HARDWARE/CALLBACK/callback.o
 .ARM.attributes
                0x0000000008006c1b       0x31 ./HARDWARE/AT_CMD/AT_CMD.o
 .ARM.attributes
                0x0000000008006c4c       0x31 ./HARDWARE/APP/app.o
 .ARM.attributes
                0x0000000008006c7d       0x21 ./Device/MM32W0xx_q/Source/startup_MM32_M0_q_GCC.o
 .ARM.attributes
                0x0000000008006c9e       0x31 ./Device/MM32W0xx_q/Source/system_MM32W0xx_q.o
 .ARM.attributes
                0x0000000008006ccf       0x31 ./Device/MM32W0xx_q/HAL_lib/src/HAL_exti.o
 .ARM.attributes
                0x0000000008006d00       0x31 ./Device/MM32W0xx_q/HAL_lib/src/HAL_gpio.o
 .ARM.attributes
                0x0000000008006d31       0x31 ./Device/MM32W0xx_q/HAL_lib/src/HAL_i2c.o
 .ARM.attributes
                0x0000000008006d62       0x31 ./Device/MM32W0xx_q/HAL_lib/src/HAL_misc.o
 .ARM.attributes
                0x0000000008006d93       0x31 ./Device/MM32W0xx_q/HAL_lib/src/HAL_rcc.o
 .ARM.attributes
                0x0000000008006dc4       0x31 ./Device/MM32W0xx_q/HAL_lib/src/HAL_spi.o
 .ARM.attributes
                0x0000000008006df5       0x31 ./Device/MM32W0xx_q/HAL_lib/src/HAL_syscfg.o
 .ARM.attributes
                0x0000000008006e26       0x31 ./Device/MM32W0xx_q/HAL_lib/src/HAL_tim.o
 .ARM.attributes
                0x0000000008006e57       0x31 ./Device/MM32W0xx_q/HAL_lib/src/HAL_uart.o
 .ARM.attributes
                0x0000000008006e88       0x31 /home/neomissing/eclipse-workspace/MM32W0x_q/SRC_LIB/lib/libmg_BLE-gcc.a(mg_driver.o)
 .ARM.attributes
                0x0000000008006eb9       0x31 /home/neomissing/eclipse-workspace/MM32W0x_q/SRC_LIB/lib/libmg_BLE-gcc.a(fsm_adv_generic.o)
 .ARM.attributes
                0x0000000008006eea       0x31 /home/neomissing/eclipse-workspace/MM32W0x_q/SRC_LIB/lib/libmg_BLE-gcc.a(ll_control.o)
 .ARM.attributes
                0x0000000008006f1b       0x31 /home/neomissing/eclipse-workspace/MM32W0x_q/SRC_LIB/lib/libmg_BLE-gcc.a(led_pwm.o)
 .ARM.attributes
                0x0000000008006f4c       0x31 /home/neomissing/eclipse-workspace/MM32W0x_q/SRC_LIB/lib/libmg_BLE-gcc.a(hwtest.o)
 .ARM.attributes
                0x0000000008006f7d       0x31 /home/neomissing/eclipse-workspace/MM32W0x_q/SRC_LIB/lib/libmg_BLE-gcc.a(att.o)
 .ARM.attributes
                0x0000000008006fae       0x31 /home/neomissing/eclipse-workspace/MM32W0x_q/SRC_LIB/lib/libmg_BLE-gcc.a(fsm_sconn.o)
 .ARM.attributes
                0x0000000008006fdf       0x31 /home/neomissing/eclipse-workspace/MM32W0x_q/SRC_LIB/lib/libmg_BLE-gcc.a(fsm_base.o)
 .ARM.attributes
                0x0000000008007010       0x31 /home/neomissing/eclipse-workspace/MM32W0x_q/SRC_LIB/lib/libmg_BLE-gcc.a(slave_dispatch.o)
 .ARM.attributes
                0x0000000008007041       0x31 /home/neomissing/eclipse-workspace/MM32W0x_q/SRC_LIB/lib/libmg_BLE-gcc.a(l2cap.o)
 .ARM.attributes
                0x0000000008007072       0x31 /home/neomissing/eclipse-workspace/MM32W0x_q/SRC_LIB/lib/libmg_BLE-gcc.a(data_queue.o)
 .ARM.attributes
                0x00000000080070a3       0x1e /usr/lib/gcc/arm-none-eabi/6.3.1/thumb/v6-m/libgcc.a(_udivsi3.o)
 .ARM.attributes
                0x00000000080070c1       0x1e /usr/lib/gcc/arm-none-eabi/6.3.1/thumb/v6-m/libgcc.a(_divsi3.o)
 .ARM.attributes
                0x00000000080070df       0x1e /usr/lib/gcc/arm-none-eabi/6.3.1/thumb/v6-m/libgcc.a(_dvmd_tls.o)
 .ARM.attributes
                0x00000000080070fd       0x2c /usr/lib/gcc/arm-none-eabi/6.3.1/../../../arm-none-eabi/lib/thumb/v6-m/libg.a(lib_a-atexit.o)
 .ARM.attributes
                0x0000000008007129       0x2c /usr/lib/gcc/arm-none-eabi/6.3.1/../../../arm-none-eabi/lib/thumb/v6-m/libg.a(lib_a-fini.o)
 .ARM.attributes
                0x0000000008007155       0x2c /usr/lib/gcc/arm-none-eabi/6.3.1/../../../arm-none-eabi/lib/thumb/v6-m/libg.a(lib_a-impure.o)
 .ARM.attributes
                0x0000000008007181       0x2c /usr/lib/gcc/arm-none-eabi/6.3.1/../../../arm-none-eabi/lib/thumb/v6-m/libg.a(lib_a-memcmp.o)
 .ARM.attributes
                0x00000000080071ad       0x2c /usr/lib/gcc/arm-none-eabi/6.3.1/../../../arm-none-eabi/lib/thumb/v6-m/libg.a(lib_a-memcpy-stub.o)
 .ARM.attributes
                0x00000000080071d9       0x2c /usr/lib/gcc/arm-none-eabi/6.3.1/../../../arm-none-eabi/lib/thumb/v6-m/libg.a(lib_a-memset.o)
 .ARM.attributes
                0x0000000008007205       0x2c /usr/lib/gcc/arm-none-eabi/6.3.1/../../../arm-none-eabi/lib/thumb/v6-m/libg.a(lib_a-strcpy.o)
 .ARM.attributes
                0x0000000008007231       0x2c /usr/lib/gcc/arm-none-eabi/6.3.1/../../../arm-none-eabi/lib/thumb/v6-m/libg.a(lib_a-strlen-stub.o)
 .ARM.attributes
                0x000000000800725d       0x2c /usr/lib/gcc/arm-none-eabi/6.3.1/../../../arm-none-eabi/lib/thumb/v6-m/libg.a(lib_a-__atexit.o)
 .ARM.attributes
                0x0000000008007289       0x2c /usr/lib/gcc/arm-none-eabi/6.3.1/../../../arm-none-eabi/lib/thumb/v6-m/libg.a(lib_a-__call_atexit.o)
 .ARM.attributes
                0x00000000080072b5       0x2c /usr/lib/gcc/arm-none-eabi/6.3.1/thumb/v6-m/crtend.o
 .ARM.attributes
                0x00000000080072e1       0x1e /usr/lib/gcc/arm-none-eabi/6.3.1/thumb/v6-m/crtn.o

.preinit_array  0x0000000008006a18        0x0
                0x0000000008006a18                PROVIDE (__preinit_array_start, .)
 *(.preinit_array*)
                0x0000000008006a18                PROVIDE (__preinit_array_end, .)

.init_array     0x0000000008006a18        0x8
                0x0000000008006a18                PROVIDE (__init_array_start, .)
 *(SORT(.init_array.*))
 .init_array.00000
                0x0000000008006a18        0x4 /usr/lib/gcc/arm-none-eabi/6.3.1/../../../arm-none-eabi/lib/thumb/v6-m/libg.a(lib_a-__call_atexit.o)
 *(.init_array*)
 .init_array    0x0000000008006a1c        0x4 /usr/lib/gcc/arm-none-eabi/6.3.1/thumb/v6-m/crtbegin.o
                0x0000000008006a20                PROVIDE (__init_array_end, .)

.fini_array     0x0000000008006a20        0x4
                0x0000000008006a20                PROVIDE (__fini_array_start, .)
 *(.fini_array*)
 .fini_array    0x0000000008006a20        0x4 /usr/lib/gcc/arm-none-eabi/6.3.1/thumb/v6-m/crtbegin.o
 *(SORT(.fini_array.*))
                0x0000000008006a24                PROVIDE (__fini_array_end, .)
                0x0000000008006a24                _sidata = .

.data           0x0000000020000000      0x5a4 load address 0x0000000008006a24
                0x0000000020000000                . = ALIGN (0x4)
                0x0000000020000000                _sdata = .
 *(.data)
 .data          0x0000000020000000       0x10 /home/neomissing/eclipse-workspace/MM32W0x_q/SRC_LIB/lib/libmg_BLE-gcc.a(fsm_adv_generic.o)
 .data          0x0000000020000010        0x2 /home/neomissing/eclipse-workspace/MM32W0x_q/SRC_LIB/lib/libmg_BLE-gcc.a(ll_control.o)
 *fill*         0x0000000020000012        0x2 
 .data          0x0000000020000014       0x13 /home/neomissing/eclipse-workspace/MM32W0x_q/SRC_LIB/lib/libmg_BLE-gcc.a(led_pwm.o)
                0x0000000020000014                EnableLED_Flag
                0x0000000020000018                Led_Lum_percent
                0x000000002000001c                Led_Lum_percent_t
                0x0000000020000020                enable_flag_cur
                0x0000000020000021                enable_flag_t
                0x0000000020000022                enable_flag_0
                0x0000000020000023                FadingStep
                0x0000000020000024                Led_Lum_percent_0
                0x0000000020000025                EnableLED_Flag_0
                0x0000000020000026                EnableLED_Flag_t
 *fill*         0x0000000020000027        0x1 
 .data          0x0000000020000028       0x28 /home/neomissing/eclipse-workspace/MM32W0x_q/SRC_LIB/lib/libmg_BLE-gcc.a(hwtest.o)
 .data          0x0000000020000050       0x11 /home/neomissing/eclipse-workspace/MM32W0x_q/SRC_LIB/lib/libmg_BLE-gcc.a(att.o)
                0x0000000020000050                FIRMWARE_INFO
                0x000000002000005c                lamp_addr
                0x000000002000005e                rsp_data_sn
                0x000000002000005f                lamp_lum
                0x0000000020000060                lamp_onoff
 *fill*         0x0000000020000061        0x1 
 .data          0x0000000020000062        0x4 /home/neomissing/eclipse-workspace/MM32W0x_q/SRC_LIB/lib/libmg_BLE-gcc.a(fsm_sconn.o)
 *fill*         0x0000000020000066        0x2 
 .data          0x0000000020000068       0x21 /home/neomissing/eclipse-workspace/MM32W0x_q/SRC_LIB/lib/libmg_BLE-gcc.a(slave_dispatch.o)
                0x0000000020000068                s_TxBuff
 .data          0x0000000020000089        0x1 /home/neomissing/eclipse-workspace/MM32W0x_q/SRC_LIB/lib/libmg_BLE-gcc.a(l2cap.o)
 .data          0x000000002000008a        0x1 /home/neomissing/eclipse-workspace/MM32W0x_q/SRC_LIB/lib/libmg_BLE-gcc.a(data_queue.o)
 *fill*         0x000000002000008b        0x5 
 .data          0x0000000020000090      0x430 /usr/lib/gcc/arm-none-eabi/6.3.1/../../../arm-none-eabi/lib/thumb/v6-m/libg.a(lib_a-impure.o)
                0x0000000020000090                _impure_ptr
 *(.data*)
 .data.BaudRate
                0x00000000200004c0        0x4 ./SYSTEM/uart/uart.o
                0x00000000200004c0                BaudRate
 .data.at_func_list
                0x00000000200004c4       0xb4 ./HARDWARE/AT_CMD/AT_CMD.o
                0x00000000200004c4                at_func_list
 .data.DeviceInfo
                0x0000000020000578       0x18 ./HARDWARE/APP/app.o
                0x0000000020000578                DeviceInfo
 .data.cur_notifyhandle
                0x0000000020000590        0x2 ./HARDWARE/APP/app.o
                0x0000000020000590                cur_notifyhandle
 *fill*         0x0000000020000592        0x2 
 .data.APBAHBPrescTable
                0x0000000020000594       0x10 ./Device/MM32W0xx_q/HAL_lib/src/HAL_rcc.o
                0x00000000200005a4                . = ALIGN (0x4)
                0x00000000200005a4                _edata = .

.jcr            0x00000000200005a4        0x0 load address 0x0000000008006fc8
 .jcr           0x00000000200005a4        0x0 /usr/lib/gcc/arm-none-eabi/6.3.1/thumb/v6-m/crtbegin.o

.tm_clone_table
                0x00000000200005a4        0x0 load address 0x0000000008006fc8
 .tm_clone_table
                0x00000000200005a4        0x0 /usr/lib/gcc/arm-none-eabi/6.3.1/thumb/v6-m/crtbegin.o
 .tm_clone_table
                0x00000000200005a4        0x0 /usr/lib/gcc/arm-none-eabi/6.3.1/thumb/v6-m/crtend.o

.igot.plt       0x00000000200005a4        0x0 load address 0x0000000008006fc8
 .igot.plt      0x00000000200005a4        0x0 /usr/lib/gcc/arm-none-eabi/6.3.1/thumb/v6-m/crtbegin.o
                0x00000000200005a4                . = ALIGN (0x4)

.bss            0x00000000200005a4      0x5a8 load address 0x0000000008006fc8
                0x00000000200005a4                _sbss = .
                0x00000000200005a4                __bss_start__ = _sbss
 *(.bss)
 .bss           0x00000000200005a4       0x1c /usr/lib/gcc/arm-none-eabi/6.3.1/thumb/v6-m/crtbegin.o
 .bss           0x00000000200005c0        0x5 /home/neomissing/eclipse-workspace/MM32W0x_q/SRC_LIB/lib/libmg_BLE-gcc.a(mg_driver.o)
                0x00000000200005c2                radio_do_cal_state
                0x00000000200005c3                radio_rf_cal_method
                0x00000000200005c4                ChipVer
 *fill*         0x00000000200005c5        0x3 
 .bss           0x00000000200005c8       0x3c /home/neomissing/eclipse-workspace/MM32W0x_q/SRC_LIB/lib/libmg_BLE-gcc.a(fsm_adv_generic.o)
                0x00000000200005ea                WakeupDelay
 .bss           0x0000000020000604       0x44 /home/neomissing/eclipse-workspace/MM32W0x_q/SRC_LIB/lib/libmg_BLE-gcc.a(ll_control.o)
 .bss           0x0000000020000648       0x1f /home/neomissing/eclipse-workspace/MM32W0x_q/SRC_LIB/lib/libmg_BLE-gcc.a(led_pwm.o)
                0x0000000020000648                Led_R
                0x0000000020000649                Led_G
                0x000000002000064a                Led_B
                0x000000002000064c                Led_Y
                0x0000000020000650                Led_W
                0x0000000020000654                Led_R_t
                0x0000000020000655                Led_G_t
                0x0000000020000656                Led_B_t
                0x0000000020000658                Led_Y_t
                0x000000002000065c                Led_W_t
                0x0000000020000660                enable_flag_d
                0x0000000020000662                Led_R_0
                0x0000000020000663                Led_G_0
                0x0000000020000664                Led_B_0
                0x0000000020000665                Led_Y_0
                0x0000000020000666                Led_W_0
 *fill*         0x0000000020000667        0x1 
 .bss           0x0000000020000668       0x84 /home/neomissing/eclipse-workspace/MM32W0x_q/SRC_LIB/lib/libmg_BLE-gcc.a(hwtest.o)
                0x00000000200006b1                md_list_num
                0x00000000200006b4                s_flags
                0x00000000200006b8                m_flags
                0x00000000200006b9                BleRunStepFlags
                0x00000000200006bb                role_type
 .bss           0x00000000200006ec        0x1 /home/neomissing/eclipse-workspace/MM32W0x_q/SRC_LIB/lib/libmg_BLE-gcc.a(att.o)
                0x00000000200006ec                att_enable_default_device_info
 *fill*         0x00000000200006ed        0x3 
 .bss           0x00000000200006f0       0x9d /home/neomissing/eclipse-workspace/MM32W0x_q/SRC_LIB/lib/libmg_BLE-gcc.a(fsm_sconn.o)
                0x000000002000072e                rssi_data
 *fill*         0x000000002000078d        0x3 
 .bss           0x0000000020000790       0x14 /home/neomissing/eclipse-workspace/MM32W0x_q/SRC_LIB/lib/libmg_BLE-gcc.a(fsm_base.o)
                0x0000000020000794                tx_len_hfclkb
                0x0000000020000798                wakeup_lfclk
                0x000000002000079c                wakeup_hfclk
                0x00000000200007a0                bb_fsm
 .bss           0x00000000200007a4       0x29 /home/neomissing/eclipse-workspace/MM32W0x_q/SRC_LIB/lib/libmg_BLE-gcc.a(slave_dispatch.o)
                0x00000000200007ad                mg02_send_len
 *fill*         0x00000000200007cd        0x3 
 .bss           0x00000000200007d0      0x1ca /home/neomissing/eclipse-workspace/MM32W0x_q/SRC_LIB/lib/libmg_BLE-gcc.a(data_queue.o)
 *(.bss*)
 *fill*         0x000000002000099a        0x2 
 .bss.SysTick_Count
                0x000000002000099c        0x4 ./SYSTEM/sys/sys.o
                0x000000002000099c                SysTick_Count
 .bss.comrxbuf_rd_pos
                0x00000000200009a0        0x2 ./HARDWARE/CALLBACK/callback.o
                0x00000000200009a0                comrxbuf_rd_pos
 .bss.AtCmdBufDataSize
                0x00000000200009a2        0x1 ./HARDWARE/CALLBACK/callback.o
                0x00000000200009a2                AtCmdBufDataSize
 .bss.txLen     0x00000000200009a3        0x1 ./HARDWARE/CALLBACK/callback.o
                0x00000000200009a3                txLen
 .bss.RxCont    0x00000000200009a4        0x2 ./HARDWARE/CALLBACK/callback.o
                0x00000000200009a4                RxCont
 .bss.PosW      0x00000000200009a6        0x1 ./HARDWARE/CALLBACK/callback.o
                0x00000000200009a6                PosW
 .bss.SleepStop
                0x00000000200009a7        0x1 ./HARDWARE/CALLBACK/callback.o
                0x00000000200009a7                SleepStop
 .bss.dis_int_count
                0x00000000200009a8        0x1 ./HARDWARE/CALLBACK/callback.o
 .bss.WaitSetBaud
                0x00000000200009a9        0x1 ./HARDWARE/AT_CMD/AT_CMD.o
                0x00000000200009a9                WaitSetBaud
 .bss.gConnectedFlag
                0x00000000200009aa        0x1 ./HARDWARE/APP/app.o
 *(COMMON)
 *fill*         0x00000000200009ab        0x1 
 COMMON         0x00000000200009ac        0x8 ./USER/main.o
                0x00000000200009ac                ble_mac_addr
                0x00000000200009b0                GPIO_InitStructure
 COMMON         0x00000000200009b4      0x104 ./HARDWARE/CALLBACK/callback.o
                0x00000000200009b4                RxTimeout
                0x00000000200009b8                AtCmdBuf
                0x00000000200009ec                txBuf
                0x0000000020000a50                rxBuf
                0x0000000020000ab4                TxTimeout
 COMMON         0x0000000020000ab8        0xc /home/neomissing/eclipse-workspace/MM32W0x_q/SRC_LIB/lib/libmg_BLE-gcc.a(led_pwm.o)
                0x0000000020000ab8                dLed_Y
                0x0000000020000aba                dLed_G
                0x0000000020000abc                dLed_B
                0x0000000020000abe                dLed_R
                0x0000000020000ac0                dLed_Lum_percent
                0x0000000020000ac2                dLed_W
 COMMON         0x0000000020000ac4       0x82 /home/neomissing/eclipse-workspace/MM32W0x_q/SRC_LIB/lib/libmg_BLE-gcc.a(hwtest.o)
                0x0000000020000ac4                md_pkt_list
                0x0000000020000b40                myAddr
 *fill*         0x0000000020000b46        0x2 
 COMMON         0x0000000020000b48        0x4 /home/neomissing/eclipse-workspace/MM32W0x_q/SRC_LIB/lib/libmg_BLE-gcc.a(slave_dispatch.o)
                0x0000000020000b48                s_opcodeChe
                0x0000000020000b4c                . = ALIGN (0x4)
                0x0000000020000b4c                _ebss = .
                0x0000000020000b4c                __bss_end__ = _ebss
                [!provide]                        PROVIDE (end, _ebss)
                [!provide]                        PROVIDE (_end, _ebss)

._user_heap_stack
                0x0000000020000b4c      0x400 load address 0x0000000008007570
                0x0000000020000b4c                . = ALIGN (0x4)
                0x0000000020000d4c                . = (. + _Min_Heap_Size)
 *fill*         0x0000000020000b4c      0x200 
                0x0000000020000f4c                . = (. + _Min_Stack_Size)
 *fill*         0x0000000020000d4c      0x200 
                0x0000000020000f4c                . = ALIGN (0x4)

.memory_b1_text
 *(.mb1text)
 *(.mb1text*)
 *(.mb1rodata)
 *(.mb1rodata*)

/DISCARD/
 libc.a(*)
 libm.a(*)
 libgcc.a(*)
OUTPUT(MM32W0x_q.elf elf32-littlearm)

.comment        0x0000000000000000       0x9f
 .comment       0x0000000000000000       0x31 /usr/lib/gcc/arm-none-eabi/6.3.1/thumb/v6-m/crtbegin.o
                                         0x32 (size before relaxing)
 .comment       0x0000000000000031       0x32 ./USER/main.o
 .comment       0x0000000000000031       0x32 ./SYSTEM/uart/uart.o
 .comment       0x0000000000000031       0x32 ./SYSTEM/sys/sys.o
 .comment       0x0000000000000031       0x32 ./HARDWARE/SPI/spi.o
 .comment       0x0000000000000031       0x32 ./HARDWARE/RCC_MCU/rcc.o
 .comment       0x0000000000000031       0x32 ./HARDWARE/LED_MESH/led_mesh.o
 .comment       0x0000000000000031       0x32 ./HARDWARE/IRQ/irq_rf.o
 .comment       0x0000000000000031       0x32 ./HARDWARE/IIC/iic.o
 .comment       0x0000000000000031       0x32 ./HARDWARE/CALLBACK/callback.o
 .comment       0x0000000000000031       0x32 ./HARDWARE/AT_CMD/AT_CMD.o
 .comment       0x0000000000000031       0x32 ./HARDWARE/APP/app.o
 .comment       0x0000000000000031       0x32 ./Device/MM32W0xx_q/Source/system_MM32W0xx_q.o
 .comment       0x0000000000000031       0x32 ./Device/MM32W0xx_q/HAL_lib/src/HAL_exti.o
 .comment       0x0000000000000031       0x32 ./Device/MM32W0xx_q/HAL_lib/src/HAL_gpio.o
 .comment       0x0000000000000031       0x32 ./Device/MM32W0xx_q/HAL_lib/src/HAL_i2c.o
 .comment       0x0000000000000031       0x32 ./Device/MM32W0xx_q/HAL_lib/src/HAL_misc.o
 .comment       0x0000000000000031       0x32 ./Device/MM32W0xx_q/HAL_lib/src/HAL_rcc.o
 .comment       0x0000000000000031       0x32 ./Device/MM32W0xx_q/HAL_lib/src/HAL_spi.o
 .comment       0x0000000000000031       0x32 ./Device/MM32W0xx_q/HAL_lib/src/HAL_syscfg.o
 .comment       0x0000000000000031       0x32 ./Device/MM32W0xx_q/HAL_lib/src/HAL_tim.o
 .comment       0x0000000000000031       0x32 ./Device/MM32W0xx_q/HAL_lib/src/HAL_uart.o
 .comment       0x0000000000000031       0x6e /home/neomissing/eclipse-workspace/MM32W0x_q/SRC_LIB/lib/libmg_BLE-gcc.a(mg_driver.o)
                                         0x6f (size before relaxing)
 .comment       0x000000000000009f       0x6f /home/neomissing/eclipse-workspace/MM32W0x_q/SRC_LIB/lib/libmg_BLE-gcc.a(fsm_adv_generic.o)
 .comment       0x000000000000009f       0x6f /home/neomissing/eclipse-workspace/MM32W0x_q/SRC_LIB/lib/libmg_BLE-gcc.a(ll_control.o)
 .comment       0x000000000000009f       0x6f /home/neomissing/eclipse-workspace/MM32W0x_q/SRC_LIB/lib/libmg_BLE-gcc.a(led_pwm.o)
 .comment       0x000000000000009f       0x6f /home/neomissing/eclipse-workspace/MM32W0x_q/SRC_LIB/lib/libmg_BLE-gcc.a(hwtest.o)
 .comment       0x000000000000009f       0x6f /home/neomissing/eclipse-workspace/MM32W0x_q/SRC_LIB/lib/libmg_BLE-gcc.a(att.o)
 .comment       0x000000000000009f       0x6f /home/neomissing/eclipse-workspace/MM32W0x_q/SRC_LIB/lib/libmg_BLE-gcc.a(fsm_sconn.o)
 .comment       0x000000000000009f       0x6f /home/neomissing/eclipse-workspace/MM32W0x_q/SRC_LIB/lib/libmg_BLE-gcc.a(fsm_base.o)
 .comment       0x000000000000009f       0x6f /home/neomissing/eclipse-workspace/MM32W0x_q/SRC_LIB/lib/libmg_BLE-gcc.a(slave_dispatch.o)
 .comment       0x000000000000009f       0x6f /home/neomissing/eclipse-workspace/MM32W0x_q/SRC_LIB/lib/libmg_BLE-gcc.a(l2cap.o)
 .comment       0x000000000000009f       0x6f /home/neomissing/eclipse-workspace/MM32W0x_q/SRC_LIB/lib/libmg_BLE-gcc.a(data_queue.o)
 .comment       0x000000000000009f       0x32 /usr/lib/gcc/arm-none-eabi/6.3.1/../../../arm-none-eabi/lib/thumb/v6-m/libg.a(lib_a-atexit.o)
 .comment       0x000000000000009f       0x32 /usr/lib/gcc/arm-none-eabi/6.3.1/../../../arm-none-eabi/lib/thumb/v6-m/libg.a(lib_a-fini.o)
 .comment       0x000000000000009f       0x32 /usr/lib/gcc/arm-none-eabi/6.3.1/../../../arm-none-eabi/lib/thumb/v6-m/libg.a(lib_a-impure.o)
 .comment       0x000000000000009f       0x32 /usr/lib/gcc/arm-none-eabi/6.3.1/../../../arm-none-eabi/lib/thumb/v6-m/libg.a(lib_a-memcmp.o)
 .comment       0x000000000000009f       0x32 /usr/lib/gcc/arm-none-eabi/6.3.1/../../../arm-none-eabi/lib/thumb/v6-m/libg.a(lib_a-memcpy-stub.o)
 .comment       0x000000000000009f       0x32 /usr/lib/gcc/arm-none-eabi/6.3.1/../../../arm-none-eabi/lib/thumb/v6-m/libg.a(lib_a-memset.o)
 .comment       0x000000000000009f       0x32 /usr/lib/gcc/arm-none-eabi/6.3.1/../../../arm-none-eabi/lib/thumb/v6-m/libg.a(lib_a-strcpy.o)
 .comment       0x000000000000009f       0x32 /usr/lib/gcc/arm-none-eabi/6.3.1/../../../arm-none-eabi/lib/thumb/v6-m/libg.a(lib_a-strlen-stub.o)
 .comment       0x000000000000009f       0x32 /usr/lib/gcc/arm-none-eabi/6.3.1/../../../arm-none-eabi/lib/thumb/v6-m/libg.a(lib_a-__atexit.o)
 .comment       0x000000000000009f       0x32 /usr/lib/gcc/arm-none-eabi/6.3.1/../../../arm-none-eabi/lib/thumb/v6-m/libg.a(lib_a-__call_atexit.o)
 .comment       0x000000000000009f       0x32 /usr/lib/gcc/arm-none-eabi/6.3.1/thumb/v6-m/crtend.o

.debug_info     0x0000000000000000    0x1a2a8
 .debug_info    0x0000000000000000      0xb8b ./USER/main.o
 .debug_info    0x0000000000000b8b      0xf3a ./SYSTEM/uart/uart.o
 .debug_info    0x0000000000001ac5      0xc19 ./SYSTEM/sys/sys.o
 .debug_info    0x00000000000026de      0x509 ./HARDWARE/SPI/spi.o
 .debug_info    0x0000000000002be7      0xdd4 ./HARDWARE/RCC_MCU/rcc.o
 .debug_info    0x00000000000039bb      0x526 ./HARDWARE/LED_MESH/led_mesh.o
 .debug_info    0x0000000000003ee1      0x52e ./HARDWARE/IRQ/irq_rf.o
 .debug_info    0x000000000000440f      0x76e ./HARDWARE/IIC/iic.o
 .debug_info    0x0000000000004b7d     0x10bf ./HARDWARE/CALLBACK/callback.o
 .debug_info    0x0000000000005c3c      0xd69 ./HARDWARE/AT_CMD/AT_CMD.o
 .debug_info    0x00000000000069a5      0xdae ./HARDWARE/APP/app.o
 .debug_info    0x0000000000007753       0x89 ./Device/MM32W0xx_q/Source/startup_MM32_M0_q_GCC.o
 .debug_info    0x00000000000077dc      0x29a ./Device/MM32W0xx_q/Source/system_MM32W0xx_q.o
 .debug_info    0x0000000000007a76      0x338 ./Device/MM32W0xx_q/HAL_lib/src/HAL_exti.o
 .debug_info    0x0000000000007dae      0x585 ./Device/MM32W0xx_q/HAL_lib/src/HAL_gpio.o
 .debug_info    0x0000000000008333      0xb51 ./Device/MM32W0xx_q/HAL_lib/src/HAL_i2c.o
 .debug_info    0x0000000000008e84      0x3a5 ./Device/MM32W0xx_q/HAL_lib/src/HAL_misc.o
 .debug_info    0x0000000000009229      0x742 ./Device/MM32W0xx_q/HAL_lib/src/HAL_rcc.o
 .debug_info    0x000000000000996b      0x71f ./Device/MM32W0xx_q/HAL_lib/src/HAL_spi.o
 .debug_info    0x000000000000a08a      0x1de ./Device/MM32W0xx_q/HAL_lib/src/HAL_syscfg.o
 .debug_info    0x000000000000a268     0x1d0c ./Device/MM32W0xx_q/HAL_lib/src/HAL_tim.o
 .debug_info    0x000000000000bf74      0x53c ./Device/MM32W0xx_q/HAL_lib/src/HAL_uart.o
 .debug_info    0x000000000000c4b0     0x25fc /home/neomissing/eclipse-workspace/MM32W0x_q/SRC_LIB/lib/libmg_BLE-gcc.a(mg_driver.o)
 .debug_info    0x000000000000eaac      0xd2e /home/neomissing/eclipse-workspace/MM32W0x_q/SRC_LIB/lib/libmg_BLE-gcc.a(fsm_adv_generic.o)
 .debug_info    0x000000000000f7da      0xbc1 /home/neomissing/eclipse-workspace/MM32W0x_q/SRC_LIB/lib/libmg_BLE-gcc.a(ll_control.o)
 .debug_info    0x000000000001039b      0x458 /home/neomissing/eclipse-workspace/MM32W0x_q/SRC_LIB/lib/libmg_BLE-gcc.a(led_pwm.o)
 .debug_info    0x00000000000107f3      0xd29 /home/neomissing/eclipse-workspace/MM32W0x_q/SRC_LIB/lib/libmg_BLE-gcc.a(hwtest.o)
 .debug_info    0x000000000001151c     0x12d5 /home/neomissing/eclipse-workspace/MM32W0x_q/SRC_LIB/lib/libmg_BLE-gcc.a(att.o)
 .debug_info    0x00000000000127f1     0x124c /home/neomissing/eclipse-workspace/MM32W0x_q/SRC_LIB/lib/libmg_BLE-gcc.a(fsm_sconn.o)
 .debug_info    0x0000000000013a3d      0x24a /home/neomissing/eclipse-workspace/MM32W0x_q/SRC_LIB/lib/libmg_BLE-gcc.a(fsm_base.o)
 .debug_info    0x0000000000013c87      0xa1b /home/neomissing/eclipse-workspace/MM32W0x_q/SRC_LIB/lib/libmg_BLE-gcc.a(slave_dispatch.o)
 .debug_info    0x00000000000146a2      0x1e4 /home/neomissing/eclipse-workspace/MM32W0x_q/SRC_LIB/lib/libmg_BLE-gcc.a(l2cap.o)
 .debug_info    0x0000000000014886      0x535 /home/neomissing/eclipse-workspace/MM32W0x_q/SRC_LIB/lib/libmg_BLE-gcc.a(data_queue.o)
 .debug_info    0x0000000000014dbb       0xbf /usr/lib/gcc/arm-none-eabi/6.3.1/thumb/v6-m/libgcc.a(_udivsi3.o)
 .debug_info    0x0000000000014e7a       0xbf /usr/lib/gcc/arm-none-eabi/6.3.1/thumb/v6-m/libgcc.a(_divsi3.o)
 .debug_info    0x0000000000014f39       0xbf /usr/lib/gcc/arm-none-eabi/6.3.1/thumb/v6-m/libgcc.a(_dvmd_tls.o)
 .debug_info    0x0000000000014ff8      0x907 /usr/lib/gcc/arm-none-eabi/6.3.1/../../../arm-none-eabi/lib/thumb/v6-m/libg.a(lib_a-atexit.o)
 .debug_info    0x00000000000158ff       0xfa /usr/lib/gcc/arm-none-eabi/6.3.1/../../../arm-none-eabi/lib/thumb/v6-m/libg.a(lib_a-fini.o)
 .debug_info    0x00000000000159f9      0x8a5 /usr/lib/gcc/arm-none-eabi/6.3.1/../../../arm-none-eabi/lib/thumb/v6-m/libg.a(lib_a-impure.o)
 .debug_info    0x000000000001629e      0x919 /usr/lib/gcc/arm-none-eabi/6.3.1/../../../arm-none-eabi/lib/thumb/v6-m/libg.a(lib_a-memcmp.o)
 .debug_info    0x0000000000016bb7      0x934 /usr/lib/gcc/arm-none-eabi/6.3.1/../../../arm-none-eabi/lib/thumb/v6-m/libg.a(lib_a-memcpy-stub.o)
 .debug_info    0x00000000000174eb      0x91b /usr/lib/gcc/arm-none-eabi/6.3.1/../../../arm-none-eabi/lib/thumb/v6-m/libg.a(lib_a-memset.o)
 .debug_info    0x0000000000017e06      0x8b8 /usr/lib/gcc/arm-none-eabi/6.3.1/../../../arm-none-eabi/lib/thumb/v6-m/libg.a(lib_a-strcpy.o)
 .debug_info    0x00000000000186be      0x8de /usr/lib/gcc/arm-none-eabi/6.3.1/../../../arm-none-eabi/lib/thumb/v6-m/libg.a(lib_a-strlen-stub.o)
 .debug_info    0x0000000000018f9c      0x950 /usr/lib/gcc/arm-none-eabi/6.3.1/../../../arm-none-eabi/lib/thumb/v6-m/libg.a(lib_a-__atexit.o)
 .debug_info    0x00000000000198ec      0x9bc /usr/lib/gcc/arm-none-eabi/6.3.1/../../../arm-none-eabi/lib/thumb/v6-m/libg.a(lib_a-__call_atexit.o)

.debug_abbrev   0x0000000000000000     0x550c
 .debug_abbrev  0x0000000000000000      0x20b ./USER/main.o
 .debug_abbrev  0x000000000000020b      0x2a9 ./SYSTEM/uart/uart.o
 .debug_abbrev  0x00000000000004b4      0x260 ./SYSTEM/sys/sys.o
 .debug_abbrev  0x0000000000000714      0x131 ./HARDWARE/SPI/spi.o
 .debug_abbrev  0x0000000000000845      0x276 ./HARDWARE/RCC_MCU/rcc.o
 .debug_abbrev  0x0000000000000abb      0x13c ./HARDWARE/LED_MESH/led_mesh.o
 .debug_abbrev  0x0000000000000bf7      0x15b ./HARDWARE/IRQ/irq_rf.o
 .debug_abbrev  0x0000000000000d52      0x14c ./HARDWARE/IIC/iic.o
 .debug_abbrev  0x0000000000000e9e      0x2dd ./HARDWARE/CALLBACK/callback.o
 .debug_abbrev  0x000000000000117b      0x2c0 ./HARDWARE/AT_CMD/AT_CMD.o
 .debug_abbrev  0x000000000000143b      0x2da ./HARDWARE/APP/app.o
 .debug_abbrev  0x0000000000001715       0x12 ./Device/MM32W0xx_q/Source/startup_MM32_M0_q_GCC.o
 .debug_abbrev  0x0000000000001727       0xee ./Device/MM32W0xx_q/Source/system_MM32W0xx_q.o
 .debug_abbrev  0x0000000000001815      0x14b ./Device/MM32W0xx_q/HAL_lib/src/HAL_exti.o
 .debug_abbrev  0x0000000000001960      0x1a5 ./Device/MM32W0xx_q/HAL_lib/src/HAL_gpio.o
 .debug_abbrev  0x0000000000001b05      0x19d ./Device/MM32W0xx_q/HAL_lib/src/HAL_i2c.o
 .debug_abbrev  0x0000000000001ca2      0x143 ./Device/MM32W0xx_q/HAL_lib/src/HAL_misc.o
 .debug_abbrev  0x0000000000001de5      0x1ea ./Device/MM32W0xx_q/HAL_lib/src/HAL_rcc.o
 .debug_abbrev  0x0000000000001fcf      0x17b ./Device/MM32W0xx_q/HAL_lib/src/HAL_spi.o
 .debug_abbrev  0x000000000000214a      0x104 ./Device/MM32W0xx_q/HAL_lib/src/HAL_syscfg.o
 .debug_abbrev  0x000000000000224e      0x1b5 ./Device/MM32W0xx_q/HAL_lib/src/HAL_tim.o
 .debug_abbrev  0x0000000000002403      0x18e ./Device/MM32W0xx_q/HAL_lib/src/HAL_uart.o
 .debug_abbrev  0x0000000000002591      0x33c /home/neomissing/eclipse-workspace/MM32W0x_q/SRC_LIB/lib/libmg_BLE-gcc.a(mg_driver.o)
 .debug_abbrev  0x00000000000028cd      0x41e /home/neomissing/eclipse-workspace/MM32W0x_q/SRC_LIB/lib/libmg_BLE-gcc.a(fsm_adv_generic.o)
 .debug_abbrev  0x0000000000002ceb      0x2d8 /home/neomissing/eclipse-workspace/MM32W0x_q/SRC_LIB/lib/libmg_BLE-gcc.a(ll_control.o)
 .debug_abbrev  0x0000000000002fc3      0x103 /home/neomissing/eclipse-workspace/MM32W0x_q/SRC_LIB/lib/libmg_BLE-gcc.a(led_pwm.o)
 .debug_abbrev  0x00000000000030c6      0x3da /home/neomissing/eclipse-workspace/MM32W0x_q/SRC_LIB/lib/libmg_BLE-gcc.a(hwtest.o)
 .debug_abbrev  0x00000000000034a0      0x39c /home/neomissing/eclipse-workspace/MM32W0x_q/SRC_LIB/lib/libmg_BLE-gcc.a(att.o)
 .debug_abbrev  0x000000000000383c      0x4b1 /home/neomissing/eclipse-workspace/MM32W0x_q/SRC_LIB/lib/libmg_BLE-gcc.a(fsm_sconn.o)
 .debug_abbrev  0x0000000000003ced       0xf9 /home/neomissing/eclipse-workspace/MM32W0x_q/SRC_LIB/lib/libmg_BLE-gcc.a(fsm_base.o)
 .debug_abbrev  0x0000000000003de6      0x25d /home/neomissing/eclipse-workspace/MM32W0x_q/SRC_LIB/lib/libmg_BLE-gcc.a(slave_dispatch.o)
 .debug_abbrev  0x0000000000004043       0xf3 /home/neomissing/eclipse-workspace/MM32W0x_q/SRC_LIB/lib/libmg_BLE-gcc.a(l2cap.o)
 .debug_abbrev  0x0000000000004136      0x221 /home/neomissing/eclipse-workspace/MM32W0x_q/SRC_LIB/lib/libmg_BLE-gcc.a(data_queue.o)
 .debug_abbrev  0x0000000000004357       0x14 /usr/lib/gcc/arm-none-eabi/6.3.1/thumb/v6-m/libgcc.a(_udivsi3.o)
 .debug_abbrev  0x000000000000436b       0x14 /usr/lib/gcc/arm-none-eabi/6.3.1/thumb/v6-m/libgcc.a(_divsi3.o)
 .debug_abbrev  0x000000000000437f       0x14 /usr/lib/gcc/arm-none-eabi/6.3.1/thumb/v6-m/libgcc.a(_dvmd_tls.o)
 .debug_abbrev  0x0000000000004393      0x1f3 /usr/lib/gcc/arm-none-eabi/6.3.1/../../../arm-none-eabi/lib/thumb/v6-m/libg.a(lib_a-atexit.o)
 .debug_abbrev  0x0000000000004586       0xba /usr/lib/gcc/arm-none-eabi/6.3.1/../../../arm-none-eabi/lib/thumb/v6-m/libg.a(lib_a-fini.o)
 .debug_abbrev  0x0000000000004640      0x189 /usr/lib/gcc/arm-none-eabi/6.3.1/../../../arm-none-eabi/lib/thumb/v6-m/libg.a(lib_a-impure.o)
 .debug_abbrev  0x00000000000047c9      0x1b4 /usr/lib/gcc/arm-none-eabi/6.3.1/../../../arm-none-eabi/lib/thumb/v6-m/libg.a(lib_a-memcmp.o)
 .debug_abbrev  0x000000000000497d      0x1d9 /usr/lib/gcc/arm-none-eabi/6.3.1/../../../arm-none-eabi/lib/thumb/v6-m/libg.a(lib_a-memcpy-stub.o)
 .debug_abbrev  0x0000000000004b56      0x1cd /usr/lib/gcc/arm-none-eabi/6.3.1/../../../arm-none-eabi/lib/thumb/v6-m/libg.a(lib_a-memset.o)
 .debug_abbrev  0x0000000000004d23      0x1ad /usr/lib/gcc/arm-none-eabi/6.3.1/../../../arm-none-eabi/lib/thumb/v6-m/libg.a(lib_a-strcpy.o)
 .debug_abbrev  0x0000000000004ed0      0x1af /usr/lib/gcc/arm-none-eabi/6.3.1/../../../arm-none-eabi/lib/thumb/v6-m/libg.a(lib_a-strlen-stub.o)
 .debug_abbrev  0x000000000000507f      0x220 /usr/lib/gcc/arm-none-eabi/6.3.1/../../../arm-none-eabi/lib/thumb/v6-m/libg.a(lib_a-__atexit.o)
 .debug_abbrev  0x000000000000529f      0x26d /usr/lib/gcc/arm-none-eabi/6.3.1/../../../arm-none-eabi/lib/thumb/v6-m/libg.a(lib_a-__call_atexit.o)

.debug_aranges  0x0000000000000000      0xde0
 .debug_aranges
                0x0000000000000000       0x28 ./USER/main.o
 .debug_aranges
                0x0000000000000028       0x50 ./SYSTEM/uart/uart.o
 .debug_aranges
                0x0000000000000078       0x40 ./SYSTEM/sys/sys.o
 .debug_aranges
                0x00000000000000b8       0x58 ./HARDWARE/SPI/spi.o
 .debug_aranges
                0x0000000000000110       0x40 ./HARDWARE/RCC_MCU/rcc.o
 .debug_aranges
                0x0000000000000150       0x30 ./HARDWARE/LED_MESH/led_mesh.o
 .debug_aranges
                0x0000000000000180       0x30 ./HARDWARE/IRQ/irq_rf.o
 .debug_aranges
                0x00000000000001b0       0x28 ./HARDWARE/IIC/iic.o
 .debug_aranges
                0x00000000000001d8       0x68 ./HARDWARE/CALLBACK/callback.o
 .debug_aranges
                0x0000000000000240       0x88 ./HARDWARE/AT_CMD/AT_CMD.o
 .debug_aranges
                0x00000000000002c8       0x88 ./HARDWARE/APP/app.o
 .debug_aranges
                0x0000000000000350       0x28 ./Device/MM32W0xx_q/Source/startup_MM32_M0_q_GCC.o
 .debug_aranges
                0x0000000000000378       0x30 ./Device/MM32W0xx_q/Source/system_MM32W0xx_q.o
 .debug_aranges
                0x00000000000003a8       0x58 ./Device/MM32W0xx_q/HAL_lib/src/HAL_exti.o
 .debug_aranges
                0x0000000000000400       0x80 ./Device/MM32W0xx_q/HAL_lib/src/HAL_gpio.o
 .debug_aranges
                0x0000000000000480       0xd8 ./Device/MM32W0xx_q/HAL_lib/src/HAL_i2c.o
 .debug_aranges
                0x0000000000000558       0x38 ./Device/MM32W0xx_q/HAL_lib/src/HAL_misc.o
 .debug_aranges
                0x0000000000000590       0xd8 ./Device/MM32W0xx_q/HAL_lib/src/HAL_rcc.o
 .debug_aranges
                0x0000000000000668       0xa8 ./Device/MM32W0xx_q/HAL_lib/src/HAL_spi.o
 .debug_aranges
                0x0000000000000710       0x38 ./Device/MM32W0xx_q/HAL_lib/src/HAL_syscfg.o
 .debug_aranges
                0x0000000000000748      0x320 ./Device/MM32W0xx_q/HAL_lib/src/HAL_tim.o
 .debug_aranges
                0x0000000000000a68       0x78 ./Device/MM32W0xx_q/HAL_lib/src/HAL_uart.o
 .debug_aranges
                0x0000000000000ae0       0x20 /home/neomissing/eclipse-workspace/MM32W0x_q/SRC_LIB/lib/libmg_BLE-gcc.a(mg_driver.o)
 .debug_aranges
                0x0000000000000b00       0x20 /home/neomissing/eclipse-workspace/MM32W0x_q/SRC_LIB/lib/libmg_BLE-gcc.a(fsm_adv_generic.o)
 .debug_aranges
                0x0000000000000b20       0x20 /home/neomissing/eclipse-workspace/MM32W0x_q/SRC_LIB/lib/libmg_BLE-gcc.a(ll_control.o)
 .debug_aranges
                0x0000000000000b40       0x20 /home/neomissing/eclipse-workspace/MM32W0x_q/SRC_LIB/lib/libmg_BLE-gcc.a(led_pwm.o)
 .debug_aranges
                0x0000000000000b60       0x20 /home/neomissing/eclipse-workspace/MM32W0x_q/SRC_LIB/lib/libmg_BLE-gcc.a(hwtest.o)
 .debug_aranges
                0x0000000000000b80       0x20 /home/neomissing/eclipse-workspace/MM32W0x_q/SRC_LIB/lib/libmg_BLE-gcc.a(att.o)
 .debug_aranges
                0x0000000000000ba0       0x20 /home/neomissing/eclipse-workspace/MM32W0x_q/SRC_LIB/lib/libmg_BLE-gcc.a(fsm_sconn.o)
 .debug_aranges
                0x0000000000000bc0       0x20 /home/neomissing/eclipse-workspace/MM32W0x_q/SRC_LIB/lib/libmg_BLE-gcc.a(fsm_base.o)
 .debug_aranges
                0x0000000000000be0       0x20 /home/neomissing/eclipse-workspace/MM32W0x_q/SRC_LIB/lib/libmg_BLE-gcc.a(slave_dispatch.o)
 .debug_aranges
                0x0000000000000c00       0x20 /home/neomissing/eclipse-workspace/MM32W0x_q/SRC_LIB/lib/libmg_BLE-gcc.a(l2cap.o)
 .debug_aranges
                0x0000000000000c20       0x20 /home/neomissing/eclipse-workspace/MM32W0x_q/SRC_LIB/lib/libmg_BLE-gcc.a(data_queue.o)
 .debug_aranges
                0x0000000000000c40       0x20 /usr/lib/gcc/arm-none-eabi/6.3.1/thumb/v6-m/libgcc.a(_udivsi3.o)
 .debug_aranges
                0x0000000000000c60       0x20 /usr/lib/gcc/arm-none-eabi/6.3.1/thumb/v6-m/libgcc.a(_divsi3.o)
 .debug_aranges
                0x0000000000000c80       0x20 /usr/lib/gcc/arm-none-eabi/6.3.1/thumb/v6-m/libgcc.a(_dvmd_tls.o)
 .debug_aranges
                0x0000000000000ca0       0x20 /usr/lib/gcc/arm-none-eabi/6.3.1/../../../arm-none-eabi/lib/thumb/v6-m/libg.a(lib_a-atexit.o)
 .debug_aranges
                0x0000000000000cc0       0x20 /usr/lib/gcc/arm-none-eabi/6.3.1/../../../arm-none-eabi/lib/thumb/v6-m/libg.a(lib_a-fini.o)
 .debug_aranges
                0x0000000000000ce0       0x18 /usr/lib/gcc/arm-none-eabi/6.3.1/../../../arm-none-eabi/lib/thumb/v6-m/libg.a(lib_a-impure.o)
 .debug_aranges
                0x0000000000000cf8       0x20 /usr/lib/gcc/arm-none-eabi/6.3.1/../../../arm-none-eabi/lib/thumb/v6-m/libg.a(lib_a-memcmp.o)
 .debug_aranges
                0x0000000000000d18       0x20 /usr/lib/gcc/arm-none-eabi/6.3.1/../../../arm-none-eabi/lib/thumb/v6-m/libg.a(lib_a-memcpy-stub.o)
 .debug_aranges
                0x0000000000000d38       0x20 /usr/lib/gcc/arm-none-eabi/6.3.1/../../../arm-none-eabi/lib/thumb/v6-m/libg.a(lib_a-memset.o)
 .debug_aranges
                0x0000000000000d58       0x20 /usr/lib/gcc/arm-none-eabi/6.3.1/../../../arm-none-eabi/lib/thumb/v6-m/libg.a(lib_a-strcpy.o)
 .debug_aranges
                0x0000000000000d78       0x20 /usr/lib/gcc/arm-none-eabi/6.3.1/../../../arm-none-eabi/lib/thumb/v6-m/libg.a(lib_a-strlen-stub.o)
 .debug_aranges
                0x0000000000000d98       0x20 /usr/lib/gcc/arm-none-eabi/6.3.1/../../../arm-none-eabi/lib/thumb/v6-m/libg.a(lib_a-__atexit.o)
 .debug_aranges
                0x0000000000000db8       0x28 /usr/lib/gcc/arm-none-eabi/6.3.1/../../../arm-none-eabi/lib/thumb/v6-m/libg.a(lib_a-__call_atexit.o)

.debug_ranges   0x0000000000000000      0xc40
 .debug_ranges  0x0000000000000000       0x18 ./USER/main.o
 .debug_ranges  0x0000000000000018       0x40 ./SYSTEM/uart/uart.o
 .debug_ranges  0x0000000000000058       0x30 ./SYSTEM/sys/sys.o
 .debug_ranges  0x0000000000000088       0x48 ./HARDWARE/SPI/spi.o
 .debug_ranges  0x00000000000000d0       0x30 ./HARDWARE/RCC_MCU/rcc.o
 .debug_ranges  0x0000000000000100       0x20 ./HARDWARE/LED_MESH/led_mesh.o
 .debug_ranges  0x0000000000000120       0x20 ./HARDWARE/IRQ/irq_rf.o
 .debug_ranges  0x0000000000000140       0x18 ./HARDWARE/IIC/iic.o
 .debug_ranges  0x0000000000000158       0x58 ./HARDWARE/CALLBACK/callback.o
 .debug_ranges  0x00000000000001b0       0x78 ./HARDWARE/AT_CMD/AT_CMD.o
 .debug_ranges  0x0000000000000228       0x78 ./HARDWARE/APP/app.o
 .debug_ranges  0x00000000000002a0       0x20 ./Device/MM32W0xx_q/Source/startup_MM32_M0_q_GCC.o
 .debug_ranges  0x00000000000002c0       0x20 ./Device/MM32W0xx_q/Source/system_MM32W0xx_q.o
 .debug_ranges  0x00000000000002e0       0x48 ./Device/MM32W0xx_q/HAL_lib/src/HAL_exti.o
 .debug_ranges  0x0000000000000328       0x70 ./Device/MM32W0xx_q/HAL_lib/src/HAL_gpio.o
 .debug_ranges  0x0000000000000398       0xc8 ./Device/MM32W0xx_q/HAL_lib/src/HAL_i2c.o
 .debug_ranges  0x0000000000000460       0x28 ./Device/MM32W0xx_q/HAL_lib/src/HAL_misc.o
 .debug_ranges  0x0000000000000488       0xc8 ./Device/MM32W0xx_q/HAL_lib/src/HAL_rcc.o
 .debug_ranges  0x0000000000000550       0x98 ./Device/MM32W0xx_q/HAL_lib/src/HAL_spi.o
 .debug_ranges  0x00000000000005e8       0x28 ./Device/MM32W0xx_q/HAL_lib/src/HAL_syscfg.o
 .debug_ranges  0x0000000000000610      0x310 ./Device/MM32W0xx_q/HAL_lib/src/HAL_tim.o
 .debug_ranges  0x0000000000000920       0x68 ./Device/MM32W0xx_q/HAL_lib/src/HAL_uart.o
 .debug_ranges  0x0000000000000988       0x50 /home/neomissing/eclipse-workspace/MM32W0x_q/SRC_LIB/lib/libmg_BLE-gcc.a(fsm_adv_generic.o)
 .debug_ranges  0x00000000000009d8       0x38 /home/neomissing/eclipse-workspace/MM32W0x_q/SRC_LIB/lib/libmg_BLE-gcc.a(hwtest.o)
 .debug_ranges  0x0000000000000a10       0x80 /home/neomissing/eclipse-workspace/MM32W0x_q/SRC_LIB/lib/libmg_BLE-gcc.a(att.o)
 .debug_ranges  0x0000000000000a90       0xc8 /home/neomissing/eclipse-workspace/MM32W0x_q/SRC_LIB/lib/libmg_BLE-gcc.a(fsm_sconn.o)
 .debug_ranges  0x0000000000000b58       0x30 /home/neomissing/eclipse-workspace/MM32W0x_q/SRC_LIB/lib/libmg_BLE-gcc.a(slave_dispatch.o)
 .debug_ranges  0x0000000000000b88       0x60 /home/neomissing/eclipse-workspace/MM32W0x_q/SRC_LIB/lib/libmg_BLE-gcc.a(data_queue.o)
 .debug_ranges  0x0000000000000be8       0x10 /usr/lib/gcc/arm-none-eabi/6.3.1/../../../arm-none-eabi/lib/thumb/v6-m/libg.a(lib_a-strcpy.o)
 .debug_ranges  0x0000000000000bf8       0x48 /usr/lib/gcc/arm-none-eabi/6.3.1/../../../arm-none-eabi/lib/thumb/v6-m/libg.a(lib_a-__call_atexit.o)

.debug_macro    0x0000000000000000     0xa3f2
 .debug_macro   0x0000000000000000      0x2f8 ./USER/main.o
 .debug_macro   0x00000000000002f8      0x898 ./USER/main.o
 .debug_macro   0x0000000000000b90       0x10 ./USER/main.o
 .debug_macro   0x0000000000000ba0       0x58 ./USER/main.o
 .debug_macro   0x0000000000000bf8       0x40 ./USER/main.o
 .debug_macro   0x0000000000000c38       0x22 ./USER/main.o
 .debug_macro   0x0000000000000c5a       0x87 ./USER/main.o
 .debug_macro   0x0000000000000ce1       0x44 ./USER/main.o
 .debug_macro   0x0000000000000d25       0xfd ./USER/main.o
 .debug_macro   0x0000000000000e22       0x5e ./USER/main.o
 .debug_macro   0x0000000000000e80      0x1df ./USER/main.o
 .debug_macro   0x000000000000105f       0x1f ./USER/main.o
 .debug_macro   0x000000000000107e      0x241 ./USER/main.o
 .debug_macro   0x00000000000012bf     0x33c0 ./USER/main.o
 .debug_macro   0x000000000000467f      0x31d ./USER/main.o
 .debug_macro   0x000000000000499c      0x335 ./USER/main.o
 .debug_macro   0x0000000000004cd1       0x8e ./USER/main.o
 .debug_macro   0x0000000000004d5f      0x298 ./USER/main.o
 .debug_macro   0x0000000000004ff7      0x18e ./USER/main.o
 .debug_macro   0x0000000000005185      0x1f9 ./USER/main.o
 .debug_macro   0x000000000000537e       0x64 ./USER/main.o
 .debug_macro   0x00000000000053e2       0x94 ./USER/main.o
 .debug_macro   0x0000000000005476      0x26f ./USER/main.o
 .debug_macro   0x00000000000056e5      0x2a4 ./USER/main.o
 .debug_macro   0x0000000000005989      0x755 ./USER/main.o
 .debug_macro   0x00000000000060de      0x138 ./USER/main.o
 .debug_macro   0x0000000000006216       0x34 ./USER/main.o
 .debug_macro   0x000000000000624a       0x3a ./USER/main.o
 .debug_macro   0x0000000000006284       0xdc ./USER/main.o
 .debug_macro   0x0000000000006360       0x52 ./USER/main.o
 .debug_macro   0x00000000000063b2       0x35 ./USER/main.o
 .debug_macro   0x00000000000063e7       0x9c ./USER/main.o
 .debug_macro   0x0000000000006483       0x16 ./USER/main.o
 .debug_macro   0x0000000000006499       0x97 ./USER/main.o
 .debug_macro   0x0000000000006530      0x30d ./USER/main.o
 .debug_macro   0x000000000000683d       0xfd ./USER/main.o
 .debug_macro   0x000000000000693a       0x10 ./USER/main.o
 .debug_macro   0x000000000000694a       0x52 ./USER/main.o
 .debug_macro   0x000000000000699c       0x1f ./USER/main.o
 .debug_macro   0x00000000000069bb       0x43 ./USER/main.o
 .debug_macro   0x00000000000069fe       0x20 ./USER/main.o
 .debug_macro   0x0000000000006a1e      0x187 ./USER/main.o
 .debug_macro   0x0000000000006ba5       0x10 ./USER/main.o
 .debug_macro   0x0000000000006bb5       0x1c ./USER/main.o
 .debug_macro   0x0000000000006bd1       0x52 ./USER/main.o
 .debug_macro   0x0000000000006c23       0x40 ./USER/main.o
 .debug_macro   0x0000000000006c63       0x10 ./USER/main.o
 .debug_macro   0x0000000000006c73       0x40 ./USER/main.o
 .debug_macro   0x0000000000006cb3       0xd7 ./USER/main.o
 .debug_macro   0x0000000000006d8a       0x16 ./USER/main.o
 .debug_macro   0x0000000000006da0      0x189 ./USER/main.o
 .debug_macro   0x0000000000006f29       0x1c ./USER/main.o
 .debug_macro   0x0000000000006f45       0xbe ./USER/main.o
 .debug_macro   0x0000000000007003      0x2a1 ./SYSTEM/uart/uart.o
 .debug_macro   0x00000000000072a4      0x29e ./SYSTEM/sys/sys.o
 .debug_macro   0x0000000000007542      0x14f ./HARDWARE/SPI/spi.o
 .debug_macro   0x0000000000007691      0x29f ./HARDWARE/RCC_MCU/rcc.o
 .debug_macro   0x0000000000007930      0x158 ./HARDWARE/LED_MESH/led_mesh.o
 .debug_macro   0x0000000000007a88      0x158 ./HARDWARE/IRQ/irq_rf.o
 .debug_macro   0x0000000000007be0      0x155 ./HARDWARE/IIC/iic.o
 .debug_macro   0x0000000000007d35      0x2e8 ./HARDWARE/CALLBACK/callback.o
 .debug_macro   0x000000000000801d      0x22a ./HARDWARE/AT_CMD/AT_CMD.o
 .debug_macro   0x0000000000008247      0x174 ./HARDWARE/AT_CMD/AT_CMD.o
 .debug_macro   0x00000000000083bb       0x10 ./HARDWARE/AT_CMD/AT_CMD.o
 .debug_macro   0x00000000000083cb       0x35 ./HARDWARE/AT_CMD/AT_CMD.o
 .debug_macro   0x0000000000008400      0x320 ./HARDWARE/APP/app.o
 .debug_macro   0x0000000000008720       0x4c ./HARDWARE/APP/app.o
 .debug_macro   0x000000000000876c       0x8d ./HARDWARE/APP/app.o
 .debug_macro   0x00000000000087f9       0x4a ./HARDWARE/APP/app.o
 .debug_macro   0x0000000000008843       0x1c ./HARDWARE/APP/app.o
 .debug_macro   0x000000000000885f       0xb0 ./Device/MM32W0xx_q/Source/system_MM32W0xx_q.o
 .debug_macro   0x000000000000890f       0xbf ./Device/MM32W0xx_q/HAL_lib/src/HAL_exti.o
 .debug_macro   0x00000000000089ce       0x88 ./Device/MM32W0xx_q/HAL_lib/src/HAL_exti.o
 .debug_macro   0x0000000000008a56       0xfe ./Device/MM32W0xx_q/HAL_lib/src/HAL_gpio.o
 .debug_macro   0x0000000000008b54      0x188 ./Device/MM32W0xx_q/HAL_lib/src/HAL_gpio.o
 .debug_macro   0x0000000000008cdc      0x11c ./Device/MM32W0xx_q/HAL_lib/src/HAL_i2c.o
 .debug_macro   0x0000000000008df8      0x1f3 ./Device/MM32W0xx_q/HAL_lib/src/HAL_i2c.o
 .debug_macro   0x0000000000008feb       0xbf ./Device/MM32W0xx_q/HAL_lib/src/HAL_misc.o
 .debug_macro   0x00000000000090aa       0x34 ./Device/MM32W0xx_q/HAL_lib/src/HAL_misc.o
 .debug_macro   0x00000000000090de      0x161 ./Device/MM32W0xx_q/HAL_lib/src/HAL_rcc.o
 .debug_macro   0x000000000000923f      0x269 ./Device/MM32W0xx_q/HAL_lib/src/HAL_rcc.o
 .debug_macro   0x00000000000094a8       0xe6 ./Device/MM32W0xx_q/HAL_lib/src/HAL_spi.o
 .debug_macro   0x000000000000958e      0x29e ./Device/MM32W0xx_q/HAL_lib/src/HAL_spi.o
 .debug_macro   0x000000000000982c       0xb9 ./Device/MM32W0xx_q/HAL_lib/src/HAL_syscfg.o
 .debug_macro   0x00000000000098e5       0xd6 ./Device/MM32W0xx_q/HAL_lib/src/HAL_syscfg.o
 .debug_macro   0x00000000000099bb       0xdc ./Device/MM32W0xx_q/HAL_lib/src/HAL_tim.o
 .debug_macro   0x0000000000009a97      0x74f ./Device/MM32W0xx_q/HAL_lib/src/HAL_tim.o
 .debug_macro   0x000000000000a1e6       0xda ./Device/MM32W0xx_q/HAL_lib/src/HAL_uart.o
 .debug_macro   0x000000000000a2c0      0x132 ./Device/MM32W0xx_q/HAL_lib/src/HAL_uart.o

.debug_line     0x0000000000000000     0x8cf9
 .debug_line    0x0000000000000000      0x779 ./USER/main.o
 .debug_line    0x0000000000000779      0x536 ./SYSTEM/uart/uart.o
 .debug_line    0x0000000000000caf      0x508 ./SYSTEM/sys/sys.o
 .debug_line    0x00000000000011b7      0x400 ./HARDWARE/SPI/spi.o
 .debug_line    0x00000000000015b7      0x540 ./HARDWARE/RCC_MCU/rcc.o
 .debug_line    0x0000000000001af7      0x426 ./HARDWARE/LED_MESH/led_mesh.o
 .debug_line    0x0000000000001f1d      0x3d1 ./HARDWARE/IRQ/irq_rf.o
 .debug_line    0x00000000000022ee      0x388 ./HARDWARE/IIC/iic.o
 .debug_line    0x0000000000002676      0x76f ./HARDWARE/CALLBACK/callback.o
 .debug_line    0x0000000000002de5      0x5f1 ./HARDWARE/AT_CMD/AT_CMD.o
 .debug_line    0x00000000000033d6      0x64f ./HARDWARE/APP/app.o
 .debug_line    0x0000000000003a25       0x94 ./Device/MM32W0xx_q/Source/startup_MM32_M0_q_GCC.o
 .debug_line    0x0000000000003ab9      0x26d ./Device/MM32W0xx_q/Source/system_MM32W0xx_q.o
 .debug_line    0x0000000000003d26      0x330 ./Device/MM32W0xx_q/HAL_lib/src/HAL_exti.o
 .debug_line    0x0000000000004056      0x3db ./Device/MM32W0xx_q/HAL_lib/src/HAL_gpio.o
 .debug_line    0x0000000000004431      0x4cb ./Device/MM32W0xx_q/HAL_lib/src/HAL_i2c.o
 .debug_line    0x00000000000048fc      0x2c5 ./Device/MM32W0xx_q/HAL_lib/src/HAL_misc.o
 .debug_line    0x0000000000004bc1      0x4a3 ./Device/MM32W0xx_q/HAL_lib/src/HAL_rcc.o
 .debug_line    0x0000000000005064      0x436 ./Device/MM32W0xx_q/HAL_lib/src/HAL_spi.o
 .debug_line    0x000000000000549a      0x2cd ./Device/MM32W0xx_q/HAL_lib/src/HAL_syscfg.o
 .debug_line    0x0000000000005767      0xb71 ./Device/MM32W0xx_q/HAL_lib/src/HAL_tim.o
 .debug_line    0x00000000000062d8      0x385 ./Device/MM32W0xx_q/HAL_lib/src/HAL_uart.o
 .debug_line    0x000000000000665d      0x515 /home/neomissing/eclipse-workspace/MM32W0x_q/SRC_LIB/lib/libmg_BLE-gcc.a(mg_driver.o)
 .debug_line    0x0000000000006b72      0x284 /home/neomissing/eclipse-workspace/MM32W0x_q/SRC_LIB/lib/libmg_BLE-gcc.a(fsm_adv_generic.o)
 .debug_line    0x0000000000006df6      0x1c2 /home/neomissing/eclipse-workspace/MM32W0x_q/SRC_LIB/lib/libmg_BLE-gcc.a(ll_control.o)
 .debug_line    0x0000000000006fb8      0x113 /home/neomissing/eclipse-workspace/MM32W0x_q/SRC_LIB/lib/libmg_BLE-gcc.a(led_pwm.o)
 .debug_line    0x00000000000070cb      0x26c /home/neomissing/eclipse-workspace/MM32W0x_q/SRC_LIB/lib/libmg_BLE-gcc.a(hwtest.o)
 .debug_line    0x0000000000007337      0x427 /home/neomissing/eclipse-workspace/MM32W0x_q/SRC_LIB/lib/libmg_BLE-gcc.a(att.o)
 .debug_line    0x000000000000775e      0x348 /home/neomissing/eclipse-workspace/MM32W0x_q/SRC_LIB/lib/libmg_BLE-gcc.a(fsm_sconn.o)
 .debug_line    0x0000000000007aa6       0x7b /home/neomissing/eclipse-workspace/MM32W0x_q/SRC_LIB/lib/libmg_BLE-gcc.a(fsm_base.o)
 .debug_line    0x0000000000007b21      0x1c1 /home/neomissing/eclipse-workspace/MM32W0x_q/SRC_LIB/lib/libmg_BLE-gcc.a(slave_dispatch.o)
 .debug_line    0x0000000000007ce2       0xa4 /home/neomissing/eclipse-workspace/MM32W0x_q/SRC_LIB/lib/libmg_BLE-gcc.a(l2cap.o)
 .debug_line    0x0000000000007d86      0x100 /home/neomissing/eclipse-workspace/MM32W0x_q/SRC_LIB/lib/libmg_BLE-gcc.a(data_queue.o)
 .debug_line    0x0000000000007e86       0x6d /usr/lib/gcc/arm-none-eabi/6.3.1/thumb/v6-m/libgcc.a(_udivsi3.o)
 .debug_line    0x0000000000007ef3       0x74 /usr/lib/gcc/arm-none-eabi/6.3.1/thumb/v6-m/libgcc.a(_divsi3.o)
 .debug_line    0x0000000000007f67       0x61 /usr/lib/gcc/arm-none-eabi/6.3.1/thumb/v6-m/libgcc.a(_dvmd_tls.o)
 .debug_line    0x0000000000007fc8      0x153 /usr/lib/gcc/arm-none-eabi/6.3.1/../../../arm-none-eabi/lib/thumb/v6-m/libg.a(lib_a-atexit.o)
 .debug_line    0x000000000000811b       0x9f /usr/lib/gcc/arm-none-eabi/6.3.1/../../../arm-none-eabi/lib/thumb/v6-m/libg.a(lib_a-fini.o)
 .debug_line    0x00000000000081ba       0xe9 /usr/lib/gcc/arm-none-eabi/6.3.1/../../../arm-none-eabi/lib/thumb/v6-m/libg.a(lib_a-impure.o)
 .debug_line    0x00000000000082a3      0x161 /usr/lib/gcc/arm-none-eabi/6.3.1/../../../arm-none-eabi/lib/thumb/v6-m/libg.a(lib_a-memcmp.o)
 .debug_line    0x0000000000008404      0x181 /usr/lib/gcc/arm-none-eabi/6.3.1/../../../arm-none-eabi/lib/thumb/v6-m/libg.a(lib_a-memcpy-stub.o)
 .debug_line    0x0000000000008585      0x16d /usr/lib/gcc/arm-none-eabi/6.3.1/../../../arm-none-eabi/lib/thumb/v6-m/libg.a(lib_a-memset.o)
 .debug_line    0x00000000000086f2      0x14d /usr/lib/gcc/arm-none-eabi/6.3.1/../../../arm-none-eabi/lib/thumb/v6-m/libg.a(lib_a-strcpy.o)
 .debug_line    0x000000000000883f      0x170 /usr/lib/gcc/arm-none-eabi/6.3.1/../../../arm-none-eabi/lib/thumb/v6-m/libg.a(lib_a-strlen-stub.o)
 .debug_line    0x00000000000089af      0x18f /usr/lib/gcc/arm-none-eabi/6.3.1/../../../arm-none-eabi/lib/thumb/v6-m/libg.a(lib_a-__atexit.o)
 .debug_line    0x0000000000008b3e      0x1bb /usr/lib/gcc/arm-none-eabi/6.3.1/../../../arm-none-eabi/lib/thumb/v6-m/libg.a(lib_a-__call_atexit.o)

.debug_str      0x0000000000000000    0x2f673
 .debug_str     0x0000000000000000    0x2a30f ./USER/main.o
                                      0x2a582 (size before relaxing)
 .debug_str     0x000000000002a30f      0x3e4 ./SYSTEM/uart/uart.o
                                      0x2a53c (size before relaxing)
 .debug_str     0x000000000002a6f3       0xde ./SYSTEM/sys/sys.o
                                      0x2a5a7 (size before relaxing)
 .debug_str     0x000000000002a7d1      0x11e ./HARDWARE/SPI/spi.o
                                      0x2639d (size before relaxing)
 .debug_str     0x000000000002a8ef       0xad ./HARDWARE/RCC_MCU/rcc.o
                                      0x2a2f5 (size before relaxing)
 .debug_str     0x000000000002a99c      0x1ba ./HARDWARE/LED_MESH/led_mesh.o
                                      0x266ef (size before relaxing)
 .debug_str     0x000000000002ab56      0x134 ./HARDWARE/IRQ/irq_rf.o
                                      0x268a5 (size before relaxing)
 .debug_str     0x000000000002ac8a      0x34d ./HARDWARE/IIC/iic.o
                                      0x267cb (size before relaxing)
 .debug_str     0x000000000002afd7      0x135 ./HARDWARE/CALLBACK/callback.o
                                      0x2a808 (size before relaxing)
 .debug_str     0x000000000002b10c      0x1b6 ./HARDWARE/AT_CMD/AT_CMD.o
                                      0x293c7 (size before relaxing)
 .debug_str     0x000000000002b2c2      0x3eb ./HARDWARE/APP/app.o
                                      0x2a711 (size before relaxing)
 .debug_str     0x000000000002b6ad       0x75 ./Device/MM32W0xx_q/Source/system_MM32W0xx_q.o
                                      0x15e1a (size before relaxing)
 .debug_str     0x000000000002b722      0x11b ./Device/MM32W0xx_q/HAL_lib/src/HAL_exti.o
                                      0x16487 (size before relaxing)
 .debug_str     0x000000000002b83d      0x329 ./Device/MM32W0xx_q/HAL_lib/src/HAL_gpio.o
                                      0x18635 (size before relaxing)
 .debug_str     0x000000000002bb66      0x4db ./Device/MM32W0xx_q/HAL_lib/src/HAL_i2c.o
                                      0x18aa7 (size before relaxing)
 .debug_str     0x000000000002c041       0xe8 ./Device/MM32W0xx_q/HAL_lib/src/HAL_misc.o