Archive member included to satisfy reference by file (symbol)

/home/neomissing/eclipse-workspace/MM32W0xx_s_BLE_gcc_SV3.6.1/SRC_LIB/lib/libmg_BLE-gcc.a(mg_driver.o)
                              ./USER/main.o (radio_standby)
/home/neomissing/eclipse-workspace/MM32W0xx_s_BLE_gcc_SV3.6.1/SRC_LIB/lib/libmg_BLE-gcc.a(fsm_adv_generic.o)
                              ./HARDWARE/AT_CMD/AT_CMD.o (ble_set_adv_enableFlag)
/home/neomissing/eclipse-workspace/MM32W0xx_s_BLE_gcc_SV3.6.1/SRC_LIB/lib/libmg_BLE-gcc.a(ll_control.o)
                              ./HARDWARE/AT_CMD/AT_CMD.o (ble_disconnect)
/home/neomissing/eclipse-workspace/MM32W0xx_s_BLE_gcc_SV3.6.1/SRC_LIB/lib/libmg_BLE-gcc.a(led_pwm.o)
                              ./HARDWARE/LED_MESH/led_mesh.o (Led_getInfo)
/home/neomissing/eclipse-workspace/MM32W0xx_s_BLE_gcc_SV3.6.1/SRC_LIB/lib/libmg_BLE-gcc.a(hwtest.o)
                              ./HARDWARE/AT_CMD/AT_CMD.o (ble_set_interval)
/home/neomissing/eclipse-workspace/MM32W0xx_s_BLE_gcc_SV3.6.1/SRC_LIB/lib/libmg_BLE-gcc.a(att.o)
                              ./HARDWARE/APP/app.o (GetFirmwareInfo)
/home/neomissing/eclipse-workspace/MM32W0xx_s_BLE_gcc_SV3.6.1/SRC_LIB/lib/libmg_BLE-gcc.a(fsm_sconn.o)
                              /home/neomissing/eclipse-workspace/MM32W0xx_s_BLE_gcc_SV3.6.1/SRC_LIB/lib/libmg_BLE-gcc.a(ll_control.o) (sconn_getConnEvent)
/home/neomissing/eclipse-workspace/MM32W0xx_s_BLE_gcc_SV3.6.1/SRC_LIB/lib/libmg_BLE-gcc.a(fsm_base.o)
                              /home/neomissing/eclipse-workspace/MM32W0xx_s_BLE_gcc_SV3.6.1/SRC_LIB/lib/libmg_BLE-gcc.a(ll_control.o) (bb_getConnState)
/home/neomissing/eclipse-workspace/MM32W0xx_s_BLE_gcc_SV3.6.1/SRC_LIB/lib/libmg_BLE-gcc.a(slave_dispatch.o)
                              /home/neomissing/eclipse-workspace/MM32W0xx_s_BLE_gcc_SV3.6.1/SRC_LIB/lib/libmg_BLE-gcc.a(fsm_sconn.o) (SaveCurrentHdr)
/home/neomissing/eclipse-workspace/MM32W0xx_s_BLE_gcc_SV3.6.1/SRC_LIB/lib/libmg_BLE-gcc.a(l2cap.o)
                              /home/neomissing/eclipse-workspace/MM32W0xx_s_BLE_gcc_SV3.6.1/SRC_LIB/lib/libmg_BLE-gcc.a(slave_dispatch.o) (SIG_CommandRej)
/home/neomissing/eclipse-workspace/MM32W0xx_s_BLE_gcc_SV3.6.1/SRC_LIB/lib/libmg_BLE-gcc.a(data_queue.o)
                              /home/neomissing/eclipse-workspace/MM32W0xx_s_BLE_gcc_SV3.6.1/SRC_LIB/lib/libmg_BLE-gcc.a(att.o) (get_node_free)
/usr/lib/gcc/arm-none-eabi/6.3.1/thumb/v6-m/libgcc.a(_udivsi3.o)
                              ./SYSTEM/uart/uart.o (__aeabi_uidiv)
/usr/lib/gcc/arm-none-eabi/6.3.1/thumb/v6-m/libgcc.a(_divsi3.o)
                              /home/neomissing/eclipse-workspace/MM32W0xx_s_BLE_gcc_SV3.6.1/SRC_LIB/lib/libmg_BLE-gcc.a(led_pwm.o) (__aeabi_idiv)
/usr/lib/gcc/arm-none-eabi/6.3.1/thumb/v6-m/libgcc.a(_dvmd_tls.o)
                              /usr/lib/gcc/arm-none-eabi/6.3.1/thumb/v6-m/libgcc.a(_udivsi3.o) (__aeabi_idiv0)
/usr/lib/gcc/arm-none-eabi/6.3.1/../../../arm-none-eabi/lib/thumb/v6-m/libg.a(lib_a-atexit.o)
                              /usr/lib/gcc/arm-none-eabi/6.3.1/../../../arm-none-eabi/lib/thumb/v6-m/crt0.o (atexit)
/usr/lib/gcc/arm-none-eabi/6.3.1/../../../arm-none-eabi/lib/thumb/v6-m/libg.a(lib_a-exit.o)
                              /usr/lib/gcc/arm-none-eabi/6.3.1/../../../arm-none-eabi/lib/thumb/v6-m/crt0.o (exit)
/usr/lib/gcc/arm-none-eabi/6.3.1/../../../arm-none-eabi/lib/thumb/v6-m/libg.a(lib_a-fini.o)
                              /usr/lib/gcc/arm-none-eabi/6.3.1/../../../arm-none-eabi/lib/thumb/v6-m/crt0.o (__libc_fini_array)
/usr/lib/gcc/arm-none-eabi/6.3.1/../../../arm-none-eabi/lib/thumb/v6-m/libg.a(lib_a-impure.o)
                              /usr/lib/gcc/arm-none-eabi/6.3.1/../../../arm-none-eabi/lib/thumb/v6-m/libg.a(lib_a-exit.o) (_global_impure_ptr)
/usr/lib/gcc/arm-none-eabi/6.3.1/../../../arm-none-eabi/lib/thumb/v6-m/libg.a(lib_a-init.o)
                              /usr/lib/gcc/arm-none-eabi/6.3.1/../../../arm-none-eabi/lib/thumb/v6-m/crt0.o (__libc_init_array)
/usr/lib/gcc/arm-none-eabi/6.3.1/../../../arm-none-eabi/lib/thumb/v6-m/libg.a(lib_a-memcmp.o)
                              /home/neomissing/eclipse-workspace/MM32W0xx_s_BLE_gcc_SV3.6.1/SRC_LIB/lib/libmg_BLE-gcc.a(fsm_adv_generic.o) (memcmp)
/usr/lib/gcc/arm-none-eabi/6.3.1/../../../arm-none-eabi/lib/thumb/v6-m/libg.a(lib_a-memcpy-stub.o)
                              ./HARDWARE/APP/app.o (memcpy)
/usr/lib/gcc/arm-none-eabi/6.3.1/../../../arm-none-eabi/lib/thumb/v6-m/libg.a(lib_a-memset.o)
                              /usr/lib/gcc/arm-none-eabi/6.3.1/../../../arm-none-eabi/lib/thumb/v6-m/crt0.o (memset)
/usr/lib/gcc/arm-none-eabi/6.3.1/../../../arm-none-eabi/lib/thumb/v6-m/libg.a(lib_a-strcpy.o)
                              ./HARDWARE/AT_CMD/AT_CMD.o (strcpy)
/usr/lib/gcc/arm-none-eabi/6.3.1/../../../arm-none-eabi/lib/thumb/v6-m/libg.a(lib_a-strlen-stub.o)
                              ./HARDWARE/AT_CMD/AT_CMD.o (strlen)
[...]
Memory Configuration

Name             Origin             Length             Attributes
FLASH            0x0000000008000000 0x0000000000020000 xr
RAM              0x0000000020000000 0x0000000000002000 xrw
MEMORY_B1        0x0000000060000000 0x0000000000000000 xr
*default*        0x0000000000000000 0xffffffffffffffff

Linker script and memory map

LOAD /usr/lib/gcc/arm-none-eabi/6.3.1/thumb/v6-m/crti.o
LOAD /usr/lib/gcc/arm-none-eabi/6.3.1/thumb/v6-m/crtbegin.o
LOAD /usr/lib/gcc/arm-none-eabi/6.3.1/../../../arm-none-eabi/lib/thumb/v6-m/crt0.o
LOAD ./USER/main.o
LOAD ./SYSTEM/uart/uart.o
LOAD ./SYSTEM/sys/sys.o
LOAD ./SYSTEM/delay/delay.o
LOAD ./HARDWARE/SPI/spi.o
LOAD ./HARDWARE/RCC_MCU/rcc.o
LOAD ./HARDWARE/LED_MESH/led_mesh.o
LOAD ./HARDWARE/IWDG/iwdg.o
LOAD ./HARDWARE/IRQ/irq_rf.o
LOAD ./HARDWARE/IIC/iic.o
LOAD ./HARDWARE/CALLBACK/callback.o
LOAD ./HARDWARE/AT_CMD/AT_CMD.o
LOAD ./HARDWARE/APP/app.o
LOAD ./Device/MM32W0xx/Source/ARM/startup_MM32_M0_S_GCC.o
LOAD ./Device/MM32W0xx/Source/system_MM32W0xx.o
LOAD ./Device/MM32W0xx/HAL_lib/src/HAL_adc.o
LOAD ./Device/MM32W0xx/HAL_lib/src/HAL_aes.o
LOAD ./Device/MM32W0xx/HAL_lib/src/HAL_bkp.o
LOAD ./Device/MM32W0xx/HAL_lib/src/HAL_can.o
LOAD ./Device/MM32W0xx/HAL_lib/src/HAL_comp.o
LOAD ./Device/MM32W0xx/HAL_lib/src/HAL_dma.o
LOAD ./Device/MM32W0xx/HAL_lib/src/HAL_exti.o
LOAD ./Device/MM32W0xx/HAL_lib/src/HAL_flash.o
LOAD ./Device/MM32W0xx/HAL_lib/src/HAL_gpio.o
LOAD ./Device/MM32W0xx/HAL_lib/src/HAL_i2c.o
LOAD ./Device/MM32W0xx/HAL_lib/src/HAL_iwdg.o
LOAD ./Device/MM32W0xx/HAL_lib/src/HAL_memprotect.o
LOAD ./Device/MM32W0xx/HAL_lib/src/HAL_misc.o
LOAD ./Device/MM32W0xx/HAL_lib/src/HAL_pwr.o
LOAD ./Device/MM32W0xx/HAL_lib/src/HAL_rcc.o
LOAD ./Device/MM32W0xx/HAL_lib/src/HAL_spi.o
LOAD ./Device/MM32W0xx/HAL_lib/src/HAL_syscfg.o
LOAD ./Device/MM32W0xx/HAL_lib/src/HAL_tim.o
LOAD ./Device/MM32W0xx/HAL_lib/src/HAL_uart.o
LOAD ./Device/MM32W0xx/HAL_lib/src/HAL_wwdg.o
LOAD /home/neomissing/eclipse-workspace/MM32W0xx_s_BLE_gcc_SV3.6.1/SRC_LIB/lib/libmg_BLE-gcc.a
START GROUP
LOAD /usr/lib/gcc/arm-none-eabi/6.3.1/thumb/v6-m/libgcc.a
LOAD /usr/lib/gcc/arm-none-eabi/6.3.1/../../../arm-none-eabi/lib/thumb/v6-m/libg.a
LOAD /usr/lib/gcc/arm-none-eabi/6.3.1/../../../arm-none-eabi/lib/thumb/v6-m/libc.a
END GROUP
START GROUP
LOAD /usr/lib/gcc/arm-none-eabi/6.3.1/thumb/v6-m/libgcc.a
LOAD /usr/lib/gcc/arm-none-eabi/6.3.1/../../../arm-none-eabi/lib/thumb/v6-m/libc.a
LOAD /usr/lib/gcc/arm-none-eabi/6.3.1/../../../arm-none-eabi/lib/thumb/v6-m/libnosys.a
END GROUP
LOAD /usr/lib/gcc/arm-none-eabi/6.3.1/thumb/v6-m/crtend.o
LOAD /usr/lib/gcc/arm-none-eabi/6.3.1/thumb/v6-m/crtn.o
                0x0000000020002000                _estack = 0x20002000
                0x0000000000000000                _Min_Heap_Size = 0x0
                0x0000000000000200                _Min_Stack_Size = 0x200

.isr_vector     0x0000000008000000       0xe0
                0x0000000008000000                . = ALIGN (0x4)
 *(.isr_vector)
 .isr_vector    0x0000000008000000       0xe0 ./Device/MM32W0xx/Source/ARM/startup_MM32_M0_S_GCC.o
                0x0000000008000000                g_pfnVectors
                0x00000000080000e0                . = ALIGN (0x4)

.eh_frame       0x00000000080000e0        0x0
 .eh_frame      0x00000000080000e0        0x0 /usr/lib/gcc/arm-none-eabi/6.3.1/thumb/v6-m/crtbegin.o

.text           0x00000000080000e0     0x6f44
                0x00000000080000e0                . = ALIGN (0x4)
 *(.text)
 .text          0x00000000080000e0       0xb4 /usr/lib/gcc/arm-none-eabi/6.3.1/thumb/v6-m/crtbegin.o
 .text          0x0000000008000194      0xdd8 /home/neomissing/eclipse-workspace/MM32W0xx_s_BLE_gcc_SV3.6.1/SRC_LIB/lib/libmg_BLE-gcc.a(mg_driver.o)
                0x0000000008000194                mg_writeReg
                0x00000000080001b8                mg_readReg
                0x00000000080001dc                mg_activate
                0x00000000080001fc                mg_writeBuf
                0x000000000800023c                mg_readBuf
                0x0000000008000278                radio_setChannel
                0x0000000008000288                radio_setAccessCode
                0x00000000080002ac                radio_setCrcInit
                0x00000000080002cc                radio_setTxPduHeader
                0x00000000080002f0                radio_setAdvPayload
                0x0000000008000300                radio_setTxPayload
                0x0000000008000308                radio_setAdvHeader
                0x0000000008000324                radio_readClearIRQ
                0x0000000008000344                radio_setIrqMask
                0x0000000008000360                radio_clearIRQ
                0x000000000800036c                radio_getHdr
                0x000000000800039c                radio_getPdu
                0x0000000008000444                radio_getClock
                0x0000000008000488                radio_getHClock
                0x00000000080004b0                radio_sleep
                0x00000000080004d0                radio_wakeup
                0x00000000080004dc                radio_setWakeupTime
                0x0000000008000500                radio_setMode
                0x0000000008000558                radio_setStartTime
                0x0000000008000578                radio_setTimeout
                0x00000000080005ac                radio_setBleAddr
                0x00000000080005f8                radio_standby
                0x0000000008000664                radio_resume
                0x00000000080006e4                radio_fixSPI
                0x000000000800071c                radio_setXtal
                0x0000000008000754                radio_setRxGain
                0x0000000008000758                radio_setScanAInitA
                0x0000000008000784                radio_setPaGain
                0x000000000800079c                radio_do_cal
                0x0000000008000834                radio_setCal_nonBlocking
                0x000000000800084c                radio_do_cal_reset
                0x0000000008000858                radio_do_cal_start
                0x0000000008000880                radio_do_cal_check_result
                0x00000000080008a8                radio_do_cal_step_check
                0x0000000008000948                radio_initBle
                0x0000000008000b18                radio_initBle_TO
                0x0000000008000d2c                mg_ReadOTP
                0x0000000008000d98                radio_initBle_recover
 .text          0x0000000008000f6c      0x4a8 /home/neomissing/eclipse-workspace/MM32W0xx_s_BLE_gcc_SV3.6.1/SRC_LIB/lib/libmg_BLE-gcc.a(fsm_adv_generic.o)
                0x00000000080012b0                CheckMcuTimerForRcCal
                0x00000000080012e0                StartBBTimerForRcCal
                0x00000000080012e8                bb_advCalTimerIrq
                0x00000000080012f4                DoRcConvert_LF_AMPLE
                0x0000000008001320                DoRcConvert_HF_LF_COEF
                0x0000000008001334                bb_DoRcCal
                0x000000000800136c                bb_advGenericSetup
                0x000000000800139c                bb_advGenericStart
                0x00000000080013b4                SetFixAdvChannel
                0x00000000080013c0                GetAdvCh
                0x00000000080013cc                GetAdvEnable
                0x00000000080013d8                ble_set_adv_enableFlag
                0x0000000008001408                ble_set_wakeupdly
 .text          0x0000000008001414      0x474 /home/neomissing/eclipse-workspace/MM32W0xx_s_BLE_gcc_SV3.6.1/SRC_LIB/lib/libmg_BLE-gcc.a(ll_control.o)
                0x0000000008001414                ble_set_feature_supported
                0x0000000008001420                savetxbuf
                0x0000000008001448                restoretxbuf
                0x0000000008001468                txRsp
                0x00000000080014b0                s_llVersion
                0x00000000080014e8                s_llUnknownRsp
                0x0000000008001514                s_llConnParaReq
                0x0000000008001548                sconn_UpdateConnParaReqS
                0x0000000008001610                sconn_UpdateConnParaReq
                0x0000000008001674                s_llConnParaRsp
                0x00000000080016a8                s_llFea
                0x00000000080016ec                s_llChmReq
                0x00000000080016f0                s_llTer
                0x0000000008001728                s_llEnc
                0x0000000008001770                s_llSmPair
                0x00000000080017b8                connUpdatePtr
                0x00000000080017f0                connUpdateChm
                0x0000000008001804                empty_pk
                0x000000000800181c                s_llTerminate
                0x000000000800185c                ble_disconnect
                0x0000000008001870                ble_disc
 .text          0x0000000008001888      0x298 /home/neomissing/eclipse-workspace/MM32W0xx_s_BLE_gcc_SV3.6.1/SRC_LIB/lib/libmg_BLE-gcc.a(led_pwm.o)
                0x0000000008001888                Led_setOnOff
                0x0000000008001894                Led_getInfo
                0x00000000080018c0                Led_setInfo
                0x00000000080018ec                UpdateFadingParameter
                0x0000000008001970                SetLedInfo
                0x00000000080019c0                EnableLED
                0x00000000080019dc                SetLEDLum
                0x0000000008001a1c                SetLEDLumPercent
                0x0000000008001a30                UpdateLEDValueFading
 .text          0x0000000008001b20      0x678 /home/neomissing/eclipse-workspace/MM32W0xx_s_BLE_gcc_SV3.6.1/SRC_LIB/lib/libmg_BLE-gcc.a(hwtest.o)
                0x0000000008001be4                ble_set_md_enable
                0x0000000008001bf8                ble_set_adv_data
                0x0000000008001c2c                ble_set_adv_rsp_data
                0x0000000008001c64                ble_set_adv_type
                0x0000000008001c84                ble_set_interval
                0x0000000008001c94                test_adv_generic
                0x0000000008001cc0                ble_set_name
                0x0000000008001d04                SetMcuCanSleepThreshold
                0x0000000008001d10                SetMcuSleepFlag
                0x0000000008001d20                ble_nMsRoutine
                0x0000000008001d54                SetBleIntRunningMode
                0x0000000008001d64                ble_run_interrupt_McuCanSleep
                0x0000000008001d90                ble_run
                0x000000000800211c                ble_run_interrupt_start
                0x0000000008002144                SetSwTimer
                0x0000000008002164                IsSwTimeOut
                0x0000000008002190                get_ble_version
 .text          0x0000000008002198      0x8ac /home/neomissing/eclipse-workspace/MM32W0xx_s_BLE_gcc_SV3.6.1/SRC_LIB/lib/libmg_BLE-gcc.a(att.o)
                0x0000000008002198                GetFirmwareInfo
                0x00000000080021c0                set_notifyhandle
                0x00000000080021cc                ser_notify_handle
                0x0000000008002254                sconn_notifydata
                0x00000000080022ac                sconn_indicationdata
                0x0000000008002304                att_server_rdByGrTypeRspPrimaryService
                0x0000000008002364                att_server_rdByGrTypeRspDeviceInfo
                0x00000000080023c4                att_empPk
                0x00000000080023c8                att_ErrorFd_eCode
                0x0000000008002414                att_notFd
                0x0000000008002420                att_server_rd
                0x000000000800248c                att_exMtuReq
                0x00000000080024bc                ser_execute_write_rsp
                0x00000000080024e4                ser_prepare_write_rsp
                0x000000000800252c                mesh_led_resp
                0x00000000080026ec                OTA_Proc
                0x00000000080026f0                att_server_rdByType
                0x0000000008002904                att_server_findByType
                0x0000000008002984                att_server_findIn
                0x0000000008002a14                ser_write_rsp_pkt
 .text          0x0000000008002a44      0x8fc /home/neomissing/eclipse-workspace/MM32W0xx_s_BLE_gcc_SV3.6.1/SRC_LIB/lib/libmg_BLE-gcc.a(fsm_sconn.o)
                0x0000000008002c80                ble_set_rxwindow
                0x0000000008002c8c                sconn_getConnEvent
                0x0000000008002c98                ble_GetConnInterval
                0x0000000008002ca4                sconn_GetConnInterval
                0x0000000008002cb0                sconn_ReSetLLSupvTimer
                0x0000000008002cb8                bb_sconnStart
                0x0000000008002dd0                GetRssiData
                0x0000000008002de0                ReSConnect
                0x0000000008003270                ble_set_latency
                0x000000000800327c                connPaInstant
                0x000000000800328c                sconnUpChm
                0x00000000080032c0                sconnConUpdate
                0x000000000800332c                GetMasterDeviceMac
 .text          0x0000000008003340       0x38 /home/neomissing/eclipse-workspace/MM32W0xx_s_BLE_gcc_SV3.6.1/SRC_LIB/lib/libmg_BLE-gcc.a(fsm_base.o)
                0x0000000008003340                bb_getConnState
                0x000000000800335c                bb_setConnState
                0x0000000008003368                Tx_len
 .text          0x0000000008003378      0x390 /home/neomissing/eclipse-workspace/MM32W0xx_s_BLE_gcc_SV3.6.1/SRC_LIB/lib/libmg_BLE-gcc.a(slave_dispatch.o)
                0x00000000080033dc                SaveCurrentHdr
                0x00000000080033e8                GenerateTxQueue
                0x0000000008003424                sOpCheck_Start
                0x0000000008003444                s_opcodeCheckOld
 .text          0x0000000008003708       0xa4 /home/neomissing/eclipse-workspace/MM32W0xx_s_BLE_gcc_SV3.6.1/SRC_LIB/lib/libmg_BLE-gcc.a(l2cap.o)
                0x0000000008003708                SIG_ConnParaUpdateReq
                0x0000000008003770                SIG_CommandRej
 .text          0x00000000080037ac      0x150 /home/neomissing/eclipse-workspace/MM32W0xx_s_BLE_gcc_SV3.6.1/SRC_LIB/lib/libmg_BLE-gcc.a(data_queue.o)
                0x00000000080037ac                read_queue_error_code
                0x00000000080037b8                get_node_free
                0x00000000080037c4                is_node_empty
                0x00000000080037d8                queue_init
                0x00000000080037ec                queue_deinit
                0x0000000008003800                queue_empty
                0x0000000008003818                queue_push
                0x0000000008003888                queue_pop
                0x00000000080038a4                queue_front
                0x00000000080038ac                queue_size
                0x00000000080038c0                readQueue
 .text          0x00000000080038fc      0x114 /usr/lib/gcc/arm-none-eabi/6.3.1/thumb/v6-m/libgcc.a(_udivsi3.o)
                0x00000000080038fc                __udivsi3
                0x00000000080038fc                __aeabi_uidiv
                0x0000000008003a08                __aeabi_uidivmod
 .text          0x0000000008003a10      0x1d4 /usr/lib/gcc/arm-none-eabi/6.3.1/thumb/v6-m/libgcc.a(_divsi3.o)
                0x0000000008003a10                __aeabi_idiv
                0x0000000008003a10                __divsi3
                0x0000000008003bdc                __aeabi_idivmod
 .text          0x0000000008003be4        0x4 /usr/lib/gcc/arm-none-eabi/6.3.1/thumb/v6-m/libgcc.a(_dvmd_tls.o)
                0x0000000008003be4                __aeabi_ldiv0
                0x0000000008003be4                __aeabi_idiv0
 .text          0x0000000008003be8       0x10 /usr/lib/gcc/arm-none-eabi/6.3.1/../../../arm-none-eabi/lib/thumb/v6-m/libg.a(lib_a-atexit.o)
                0x0000000008003be8                atexit
 .text          0x0000000008003bf8       0x34 /usr/lib/gcc/arm-none-eabi/6.3.1/../../../arm-none-eabi/lib/thumb/v6-m/libg.a(lib_a-fini.o)
                0x0000000008003bf8                __libc_fini_array
 .text          0x0000000008003c2c       0x4c /usr/lib/gcc/arm-none-eabi/6.3.1/../../../arm-none-eabi/lib/thumb/v6-m/libg.a(lib_a-memcmp.o)
                0x0000000008003c2c                memcmp
 .text          0x0000000008003c78       0x84 /usr/lib/gcc/arm-none-eabi/6.3.1/../../../arm-none-eabi/lib/thumb/v6-m/libg.a(lib_a-memcpy-stub.o)
                0x0000000008003c78                memcpy
 .text          0x0000000008003cfc       0x94 /usr/lib/gcc/arm-none-eabi/6.3.1/../../../arm-none-eabi/lib/thumb/v6-m/libg.a(lib_a-memset.o)
                0x0000000008003cfc                memset
 .text          0x0000000008003d90       0x10 /usr/lib/gcc/arm-none-eabi/6.3.1/../../../arm-none-eabi/lib/thumb/v6-m/libg.a(lib_a-strcpy.o)
                0x0000000008003d90                strcpy
 .text          0x0000000008003da0       0x64 /usr/lib/gcc/arm-none-eabi/6.3.1/../../../arm-none-eabi/lib/thumb/v6-m/libg.a(lib_a-strlen-stub.o)
                0x0000000008003da0                strlen
 .text          0x0000000008003e04       0xd4 /usr/lib/gcc/arm-none-eabi/6.3.1/../../../arm-none-eabi/lib/thumb/v6-m/libg.a(lib_a-__atexit.o)
                0x0000000008003e04                __register_exitproc
 *(.text*)
 .text.main     0x0000000008003ed8       0xb0 ./USER/main.o
                0x0000000008003ed8                main
 .text.uart_initwBaudRate
                0x0000000008003f88      0x100 ./SYSTEM/uart/uart.o
                0x0000000008003f88                uart_initwBaudRate
 .text.ChangeBaudRate
                0x0000000008004088       0x6c ./SYSTEM/uart/uart.o
                0x0000000008004088                ChangeBaudRate
 .text.moduleOutData
                0x00000000080040f4       0x84 ./SYSTEM/uart/uart.o
                0x00000000080040f4                moduleOutData
 .text.UART2_IRQHandler
                0x0000000008004178      0x110 ./SYSTEM/uart/uart.o
                0x0000000008004178                UART2_IRQHandler
 .text.NVIC_SetPriority
                0x0000000008004288       0xdc ./SYSTEM/sys/sys.o
 .text.SysTick_Config
                0x0000000008004364       0x48 ./SYSTEM/sys/sys.o
 .text.GetSysTickCount
                0x00000000080043ac       0x14 ./SYSTEM/sys/sys.o
                0x00000000080043ac                GetSysTickCount
 .text.SysTick_Handler
                0x00000000080043c0       0x1c ./SYSTEM/sys/sys.o
                0x00000000080043c0                SysTick_Handler
 .text.SysTick_Configuration
                0x00000000080043dc       0x18 ./SYSTEM/sys/sys.o
                0x00000000080043dc                SysTick_Configuration
 .text.delay_us
                0x00000000080043f4       0x40 ./SYSTEM/delay/delay.o
                0x00000000080043f4                delay_us
 .text.delay_ms
                0x0000000008004434       0x44 ./SYSTEM/delay/delay.o
                0x0000000008004434                delay_ms
 .text.SPI_WriteRead
                0x0000000008004478       0x4c ./HARDWARE/SPI/spi.o
                0x0000000008004478                SPI_WriteRead
 .text.SPI_CS_Enable_
                0x00000000080044c4       0x1c ./HARDWARE/SPI/spi.o
                0x00000000080044c4                SPI_CS_Enable_
 .text.SPI_CS_Disable_
                0x00000000080044e0       0x1c ./HARDWARE/SPI/spi.o
                0x00000000080044e0                SPI_CS_Disable_
 .text.SPIM_TXEn
                0x00000000080044fc       0x1a ./HARDWARE/SPI/spi.o
                0x00000000080044fc                SPIM_TXEn
 .text.SPIM_RXEn
                0x0000000008004516       0x1a ./HARDWARE/SPI/spi.o
                0x0000000008004516                SPIM_RXEn
 .text.SPIM_Init
                0x0000000008004530      0x18c ./HARDWARE/SPI/spi.o
                0x0000000008004530                SPIM_Init
 .text.NVIC_SetPriority
                0x00000000080046bc       0xdc ./HARDWARE/RCC_MCU/rcc.o
 .text.SysTick_Config
                0x0000000008004798       0x48 ./HARDWARE/RCC_MCU/rcc.o
 .text.SetSysClock_HSI
                0x00000000080047e0       0xe8 ./HARDWARE/RCC_MCU/rcc.o
                0x00000000080047e0                SetSysClock_HSI
 .text.SystemClk_HSEInit
                0x00000000080048c8       0x22 ./HARDWARE/RCC_MCU/rcc.o
                0x00000000080048c8                SystemClk_HSEInit
 *fill*         0x00000000080048ea        0x2 
 .text.SysClk8to48
                0x00000000080048ec       0x1c ./HARDWARE/RCC_MCU/rcc.o
                0x00000000080048ec                SysClk8to48
 .text.SysClk48to8
                0x0000000008004908       0x38 ./HARDWARE/RCC_MCU/rcc.o
                0x0000000008004908                SysClk48to8
 .text.UpdateLEDValueAll
                0x0000000008004940       0xf8 ./HARDWARE/LED_MESH/led_mesh.o
                0x0000000008004940                UpdateLEDValueAll
 .text.PVU_CheckStatus
                0x0000000008004a38       0x18 ./HARDWARE/IWDG/iwdg.o
                0x0000000008004a38                PVU_CheckStatus
 .text.RVU_CheckStatus
                0x0000000008004a50       0x18 ./HARDWARE/IWDG/iwdg.o
                0x0000000008004a50                RVU_CheckStatus
 .text.Write_Iwdg_ON
                0x0000000008004a68       0x6c ./HARDWARE/IWDG/iwdg.o
                0x0000000008004a68                Write_Iwdg_ON
 .text.NVIC_SetPriority
                0x0000000008004ad4       0xdc ./HARDWARE/IRQ/irq_rf.o
 .text.SysTick_Config
                0x0000000008004bb0       0x48 ./HARDWARE/IRQ/irq_rf.o
 .text.IRQ_RF   0x0000000008004bf8       0xc8 ./HARDWARE/IRQ/irq_rf.o
                0x0000000008004bf8                IRQ_RF
 .text.IsIrqEnabled
                0x0000000008004cc0       0x28 ./HARDWARE/IRQ/irq_rf.o
                0x0000000008004cc0                IsIrqEnabled
 .text.EXTI0_1_IRQHandler
                0x0000000008004ce8       0x60 ./HARDWARE/IRQ/irq_rf.o
                0x0000000008004ce8                EXTI0_1_IRQHandler
 .text.I2C1_IRQHandler
                0x0000000008004d48       0xdc ./HARDWARE/IIC/iic.o
                0x0000000008004d48                I2C1_IRQHandler
 .text.NVIC_SetPriority
                0x0000000008004e24       0xdc ./HARDWARE/CALLBACK/callback.o
 .text.SysTick_Config
                0x0000000008004f00       0x48 ./HARDWARE/CALLBACK/callback.o
 .text.McuGotoSleepAndWakeup
                0x0000000008004f48       0x7c ./HARDWARE/CALLBACK/callback.o
                0x0000000008004f48                McuGotoSleepAndWakeup
 .text.SysClk8M
                0x0000000008004fc4       0x3c ./HARDWARE/CALLBACK/callback.o
                0x0000000008004fc4                SysClk8M
 .text.IrqMcuGotoSleepAndWakeup
                0x0000000008005000       0xc8 ./HARDWARE/CALLBACK/callback.o
                0x0000000008005000                IrqMcuGotoSleepAndWakeup
 .text.NMI_Handler
                0x00000000080050c8       0x1c ./HARDWARE/CALLBACK/callback.o
                0x00000000080050c8                NMI_Handler
 .text.DisableEnvINT
                0x00000000080050e4       0x30 ./HARDWARE/CALLBACK/callback.o
                0x00000000080050e4                DisableEnvINT
 .text.EnableEnvINT
                0x0000000008005114       0x40 ./HARDWARE/CALLBACK/callback.o
                0x0000000008005114                EnableEnvINT
 .text.UsrProcCallback
                0x0000000008005154      0x11c ./HARDWARE/CALLBACK/callback.o
                0x0000000008005154                UsrProcCallback
 .text.atcmd_SetName
                0x0000000008005270       0x50 ./HARDWARE/AT_CMD/AT_CMD.o
                0x0000000008005270                atcmd_SetName
 .text.atcmd_SetAdvInt
                0x00000000080052c0       0xa0 ./HARDWARE/AT_CMD/AT_CMD.o
                0x00000000080052c0                atcmd_SetAdvInt
 .text.Hex2Int  0x0000000008005360       0x40 ./HARDWARE/AT_CMD/AT_CMD.o
                0x0000000008005360                Hex2Int
 .text.atcmd_SendData
                0x00000000080053a0       0xfc ./HARDWARE/AT_CMD/AT_CMD.o
                0x00000000080053a0                atcmd_SendData
 .text.atcmd_SetAdvFlag
                0x000000000800549c       0x58 ./HARDWARE/AT_CMD/AT_CMD.o
                0x000000000800549c                atcmd_SetAdvFlag
 .text.atcmd_DisconnecteBle
                0x00000000080054f4       0x40 ./HARDWARE/AT_CMD/AT_CMD.o
                0x00000000080054f4                atcmd_DisconnecteBle
 .text.atcmd_LowPower
                0x0000000008005534       0x6c ./HARDWARE/AT_CMD/AT_CMD.o
                0x0000000008005534                atcmd_LowPower
 .text.atcmd_SetBaud
                0x00000000080055a0       0xa4 ./HARDWARE/AT_CMD/AT_CMD.o
                0x00000000080055a0                atcmd_SetBaud
 .text.IsExactCmdInclude
                0x0000000008005644       0x6c ./HARDWARE/AT_CMD/AT_CMD.o
                0x0000000008005644                IsExactCmdInclude
 .text.atcmd_Minfo
                0x00000000080056b0       0x68 ./HARDWARE/AT_CMD/AT_CMD.o
                0x00000000080056b0                atcmd_Minfo
 .text.atcmd_Help
                0x0000000008005718       0xd4 ./HARDWARE/AT_CMD/AT_CMD.o
                0x0000000008005718                atcmd_Help
 .text.AtCmdParser
                0x00000000080057ec       0x88 ./HARDWARE/AT_CMD/AT_CMD.o
                0x00000000080057ec                AtCmdParser
 .text.AtCmdPreParser
                0x0000000008005874       0x4c ./HARDWARE/AT_CMD/AT_CMD.o
                0x0000000008005874                AtCmdPreParser
 .text.CheckAtCmdInfo
                0x00000000080058c0       0xc8 ./HARDWARE/AT_CMD/AT_CMD.o
                0x00000000080058c0                CheckAtCmdInfo
 .text.getDeviceInfoData
                0x0000000008005988       0x1c ./HARDWARE/APP/app.o
                0x0000000008005988                getDeviceInfoData
 .text.updateDeviceInfoData
                0x00000000080059a4       0x44 ./HARDWARE/APP/app.o
                0x00000000080059a4                updateDeviceInfoData
 .text.GetCharListDim
                0x00000000080059e8        0xc ./HARDWARE/APP/app.o
                0x00000000080059e8                GetCharListDim
 .text.att_server_rdByGrType
                0x00000000080059f4       0x90 ./HARDWARE/APP/app.o
                0x00000000080059f4                att_server_rdByGrType
 .text.ser_write_rsp
                0x0000000008005a84       0xc8 ./HARDWARE/APP/app.o
                0x0000000008005a84                ser_write_rsp
 .text.ser_prepare_write
                0x0000000008005b4c       0x2c ./HARDWARE/APP/app.o
                0x0000000008005b4c                ser_prepare_write
 .text.ser_execute_write
                0x0000000008005b78        0xa ./HARDWARE/APP/app.o
                0x0000000008005b78                ser_execute_write
 *fill*         0x0000000008005b82        0x2 
 .text.server_rd_rsp
                0x0000000008005b84      0x180 ./HARDWARE/APP/app.o
                0x0000000008005b84                server_rd_rsp
 .text.GetPrimaryServiceHandle
                0x0000000008005d04       0x30 ./HARDWARE/APP/app.o
                0x0000000008005d04                GetPrimaryServiceHandle
 .text.gatt_user_send_notify_data_callback
                0x0000000008005d34        0xa ./HARDWARE/APP/app.o
                0x0000000008005d34                gatt_user_send_notify_data_callback
 *fill*         0x0000000008005d3e        0x2 
 .text.GetConnectedStatus
                0x0000000008005d40       0x14 ./HARDWARE/APP/app.o
                0x0000000008005d40                GetConnectedStatus
 .text.server_blob_rd_rsp
                0x0000000008005d54       0x40 ./HARDWARE/APP/app.o
                0x0000000008005d54                server_blob_rd_rsp
 .text.ConnectStausUpdate
                0x0000000008005d94       0x54 ./HARDWARE/APP/app.o
                0x0000000008005d94                ConnectStausUpdate
 .text.Reset_Handler
                0x0000000008005de8       0x48 ./Device/MM32W0xx/Source/ARM/startup_MM32_M0_S_GCC.o
                0x0000000008005de8                Reset_Handler
 .text.Default_Handler
                0x0000000008005e30        0x2 ./Device/MM32W0xx/Source/ARM/startup_MM32_M0_S_GCC.o
                0x0000000008005e30                TIM1_CC_IRQHandler
                0x0000000008005e30                HardFault_Handler
                0x0000000008005e30                PVD_IRQHandler
                0x0000000008005e30                PendSV_Handler
                0x0000000008005e30                UART1_IRQHandler
                0x0000000008005e30                RCC_CRS_IRQHandler
                0x0000000008005e30                SPI1_IRQHandler
                0x0000000008005e30                CAN_IRQHandler
                0x0000000008005e30                EXTI2_3_IRQHandler
                0x0000000008005e30                TIM17_IRQHandler
                0x0000000008005e30                RTC_IRQHandler
                0x0000000008005e30                TIM16_IRQHandler
                0x0000000008005e30                TIM3_IRQHandler
                0x0000000008005e30                EXTI4_15_IRQHandler
                0x0000000008005e30                DMA1_Channel1_IRQHandler
                0x0000000008005e30                Default_Handler
                0x0000000008005e30                TIM14_IRQHandler
                0x0000000008005e30                DMA1_Channel4_5_IRQHandler
                0x0000000008005e30                USB_IRQHandler
                0x0000000008005e30                SPI2_IRQHandler
                0x0000000008005e30                SVC_Handler
                0x0000000008005e30                WWDG_IRQHandler
                0x0000000008005e30                TIM2_IRQHandler
                0x0000000008005e30                DMA1_Channel2_3_IRQHandler
                0x0000000008005e30                ADC_COMP_IRQHandler
                0x0000000008005e30                EXTI1_IRQHandler
                0x0000000008005e30                AES_IRQHandler
                0x0000000008005e30                FLASH_IRQHandler
                0x0000000008005e30                TIM1_BRK_UP_TRG_COM_IRQHandler
 *fill*         0x0000000008005e32        0x2 
 .text.EXTI_Init
                0x0000000008005e34       0xe4 ./Device/MM32W0xx/HAL_lib/src/HAL_exti.o
                0x0000000008005e34                EXTI_Init
 .text.EXTI_ClearITPendingBit
                0x0000000008005f18       0x1c ./Device/MM32W0xx/HAL_lib/src/HAL_exti.o
                0x0000000008005f18                EXTI_ClearITPendingBit
 .text.GPIO_Init
                0x0000000008005f34      0x17a ./Device/MM32W0xx/HAL_lib/src/HAL_gpio.o
                0x0000000008005f34                GPIO_Init
 .text.GPIO_ReadInputData
                0x00000000080060ae       0x16 ./Device/MM32W0xx/HAL_lib/src/HAL_gpio.o
                0x00000000080060ae                GPIO_ReadInputData
 .text.GPIO_SetBits
                0x00000000080060c4       0x1e ./Device/MM32W0xx/HAL_lib/src/HAL_gpio.o
                0x00000000080060c4                GPIO_SetBits
 .text.GPIO_ResetBits
                0x00000000080060e2       0x1e ./Device/MM32W0xx/HAL_lib/src/HAL_gpio.o
                0x00000000080060e2                GPIO_ResetBits
 .text.GPIO_PinAFConfig
                0x0000000008006100       0xa2 ./Device/MM32W0xx/HAL_lib/src/HAL_gpio.o
                0x0000000008006100                GPIO_PinAFConfig
 .text.I2C_ClearITPendingBit
                0x00000000080061a2       0xa6 ./Device/MM32W0xx/HAL_lib/src/HAL_i2c.o
                0x00000000080061a2                I2C_ClearITPendingBit
 .text.IWDG_WriteAccessCmd
                0x0000000008006248       0x20 ./Device/MM32W0xx/HAL_lib/src/HAL_iwdg.o
                0x0000000008006248                IWDG_WriteAccessCmd
 .text.IWDG_SetPrescaler
                0x0000000008006268       0x20 ./Device/MM32W0xx/HAL_lib/src/HAL_iwdg.o
                0x0000000008006268                IWDG_SetPrescaler
 .text.IWDG_SetReload
                0x0000000008006288       0x20 ./Device/MM32W0xx/HAL_lib/src/HAL_iwdg.o
                0x0000000008006288                IWDG_SetReload
 .text.IWDG_ReloadCounter
                0x00000000080062a8       0x18 ./Device/MM32W0xx/HAL_lib/src/HAL_iwdg.o
                0x00000000080062a8                IWDG_ReloadCounter
 .text.IWDG_Enable
                0x00000000080062c0       0x18 ./Device/MM32W0xx/HAL_lib/src/HAL_iwdg.o
                0x00000000080062c0                IWDG_Enable
 .text.IWDG_GetFlagStatus
                0x00000000080062d8       0x44 ./Device/MM32W0xx/HAL_lib/src/HAL_iwdg.o
                0x00000000080062d8                IWDG_GetFlagStatus
 .text.NVIC_Init
                0x000000000800631c       0xac ./Device/MM32W0xx/HAL_lib/src/HAL_misc.o
                0x000000000800631c                NVIC_Init
 .text.RCC_SYSCLKConfig
                0x00000000080063c8       0x34 ./Device/MM32W0xx/HAL_lib/src/HAL_rcc.o
                0x00000000080063c8                RCC_SYSCLKConfig
 .text.RCC_GetSYSCLKSource
                0x00000000080063fc       0x1c ./Device/MM32W0xx/HAL_lib/src/HAL_rcc.o
                0x00000000080063fc                RCC_GetSYSCLKSource
 .text.RCC_LSICmd
                0x0000000008006418       0x3c ./Device/MM32W0xx/HAL_lib/src/HAL_rcc.o
                0x0000000008006418                RCC_LSICmd
 .text.RCC_GetClocksFreq
                0x0000000008006454      0x168 ./Device/MM32W0xx/HAL_lib/src/HAL_rcc.o
                0x0000000008006454                RCC_GetClocksFreq
 .text.RCC_AHBPeriphClockCmd
                0x00000000080065bc       0x40 ./Device/MM32W0xx/HAL_lib/src/HAL_rcc.o
                0x00000000080065bc                RCC_AHBPeriphClockCmd
 .text.RCC_APB2PeriphClockCmd
                0x00000000080065fc       0x40 ./Device/MM32W0xx/HAL_lib/src/HAL_rcc.o
                0x00000000080065fc                RCC_APB2PeriphClockCmd
 .text.RCC_APB1PeriphClockCmd
                0x000000000800663c       0x40 ./Device/MM32W0xx/HAL_lib/src/HAL_rcc.o
                0x000000000800663c                RCC_APB1PeriphClockCmd
 .text.RCC_GetFlagStatus
                0x000000000800667c       0x78 ./Device/MM32W0xx/HAL_lib/src/HAL_rcc.o
                0x000000000800667c                RCC_GetFlagStatus
 .text.SPI_Init
                0x00000000080066f4       0xdc ./Device/MM32W0xx/HAL_lib/src/HAL_spi.o
                0x00000000080066f4                SPI_Init
 .text.SPI_Cmd  0x00000000080067d0       0x40 ./Device/MM32W0xx/HAL_lib/src/HAL_spi.o
                0x00000000080067d0                SPI_Cmd
 .text.SPI_BiDirectionalLineConfig
                0x0000000008006810       0x84 ./Device/MM32W0xx/HAL_lib/src/HAL_spi.o
                0x0000000008006810                SPI_BiDirectionalLineConfig
 .text.SYSCFG_EXTILineConfig
                0x0000000008006894       0x94 ./Device/MM32W0xx/HAL_lib/src/HAL_syscfg.o
                0x0000000008006894                SYSCFG_EXTILineConfig
 .text.TIM_SetCompare1
                0x0000000008006928       0x18 ./Device/MM32W0xx/HAL_lib/src/HAL_tim.o
                0x0000000008006928                TIM_SetCompare1
 .text.TIM_SetCompare2
                0x0000000008006940       0x18 ./Device/MM32W0xx/HAL_lib/src/HAL_tim.o
                0x0000000008006940                TIM_SetCompare2
 .text.TIM_SetCompare3
                0x0000000008006958       0x18 ./Device/MM32W0xx/HAL_lib/src/HAL_tim.o
                0x0000000008006958                TIM_SetCompare3
 .text.TIM_SetCompare4
                0x0000000008006970       0x18 ./Device/MM32W0xx/HAL_lib/src/HAL_tim.o
                0x0000000008006970                TIM_SetCompare4
 .text.UART_Init
                0x0000000008006988       0xdc ./Device/MM32W0xx/HAL_lib/src/HAL_uart.o
                0x0000000008006988                UART_Init
 .text.UART_Cmd
                0x0000000008006a64       0x3c ./Device/MM32W0xx/HAL_lib/src/HAL_uart.o
                0x0000000008006a64                UART_Cmd
 .text.UART_ITConfig
                0x0000000008006aa0       0x48 ./Device/MM32W0xx/HAL_lib/src/HAL_uart.o
                0x0000000008006aa0                UART_ITConfig
 .text.UART_SendData
                0x0000000008006ae8       0x22 ./Device/MM32W0xx/HAL_lib/src/HAL_uart.o
                0x0000000008006ae8                UART_SendData
 .text.UART_ReceiveData
                0x0000000008006b0a       0x1c ./Device/MM32W0xx/HAL_lib/src/HAL_uart.o
                0x0000000008006b0a                UART_ReceiveData
 .text.UART_GetITStatus
                0x0000000008006b26       0x42 ./Device/MM32W0xx/HAL_lib/src/HAL_uart.o
                0x0000000008006b26                UART_GetITStatus
 .text.UART_ClearITPendingBit
                0x0000000008006b68       0x1e ./Device/MM32W0xx/HAL_lib/src/HAL_uart.o
                0x0000000008006b68                UART_ClearITPendingBit
 *fill*         0x0000000008006b86        0x2 
 .text.startup  0x0000000008006b88       0x18 /usr/lib/gcc/arm-none-eabi/6.3.1/../../../arm-none-eabi/lib/thumb/v6-m/libg.a(lib_a-__call_atexit.o)
 *(.rodata)
 .rodata        0x0000000008006ba0        0x8 ./HARDWARE/CALLBACK/callback.o
 .rodata        0x0000000008006ba8       0x38 ./HARDWARE/AT_CMD/AT_CMD.o
 .rodata        0x0000000008006be0       0x50 ./HARDWARE/APP/app.o
 .rodata        0x0000000008006c30       0x22 /home/neomissing/eclipse-workspace/MM32W0xx_s_BLE_gcc_SV3.6.1/SRC_LIB/lib/libmg_BLE-gcc.a(mg_driver.o)
 *fill*         0x0000000008006c52        0x2 
 .rodata        0x0000000008006c54       0x1c /home/neomissing/eclipse-workspace/MM32W0xx_s_BLE_gcc_SV3.6.1/SRC_LIB/lib/libmg_BLE-gcc.a(fsm_adv_generic.o)
                0x0000000008006c54                adv_generic_fsm
 .rodata        0x0000000008006c70       0x3a /home/neomissing/eclipse-workspace/MM32W0xx_s_BLE_gcc_SV3.6.1/SRC_LIB/lib/libmg_BLE-gcc.a(ll_control.o)
 *fill*         0x0000000008006caa        0x2 
 .rodata        0x0000000008006cac       0x99 /home/neomissing/eclipse-workspace/MM32W0xx_s_BLE_gcc_SV3.6.1/SRC_LIB/lib/libmg_BLE-gcc.a(att.o)
 *fill*         0x0000000008006d45        0x3 
 .rodata        0x0000000008006d48       0x1c /home/neomissing/eclipse-workspace/MM32W0xx_s_BLE_gcc_SV3.6.1/SRC_LIB/lib/libmg_BLE-gcc.a(fsm_sconn.o)
 .rodata        0x0000000008006d64      0x198 /home/neomissing/eclipse-workspace/MM32W0xx_s_BLE_gcc_SV3.6.1/SRC_LIB/lib/libmg_BLE-gcc.a(slave_dispatch.o)
 .rodata        0x0000000008006efc        0x4 /usr/lib/gcc/arm-none-eabi/6.3.1/../../../arm-none-eabi/lib/thumb/v6-m/libg.a(lib_a-impure.o)
                0x0000000008006efc                _global_impure_ptr
 *(.rodata*)
 .rodata.AttCharList
                0x0000000008006f00       0x5a ./HARDWARE/APP/app.o
                0x0000000008006f00                AttCharList
 *fill*         0x0000000008006f5a        0x2 
 .rodata.AttUuid128List
                0x0000000008006f5c       0x40 ./HARDWARE/APP/app.o
                0x0000000008006f5c                AttUuid128List
 .rodata.server_rd_rsp
                0x0000000008006f9c       0x58 ./HARDWARE/APP/app.o
 .rodata.str1.4
                0x0000000008006ff4        0xb /home/neomissing/eclipse-workspace/MM32W0xx_s_BLE_gcc_SV3.6.1/SRC_LIB/lib/libmg_BLE-gcc.a(hwtest.o)
 *fill*         0x0000000008006fff        0x1 
 .rodata.str1.4
                0x0000000008007000        0x5 /home/neomissing/eclipse-workspace/MM32W0xx_s_BLE_gcc_SV3.6.1/SRC_LIB/lib/libmg_BLE-gcc.a(att.o)
 *fill*         0x0000000008007005        0x3 
 .rodata.str1.4
                0x0000000008007008        0x4 /usr/lib/gcc/arm-none-eabi/6.3.1/../../../arm-none-eabi/lib/thumb/v6-m/libg.a(lib_a-impure.o)
                                          0x2 (size before relaxing)
 *(.glue_7)
 .glue_7        0x000000000800700c        0x0 linker stubs
 *(.glue_7t)
 .glue_7t       0x000000000800700c        0x0 linker stubs
 *(.init)
 .init          0x000000000800700c        0x4 /usr/lib/gcc/arm-none-eabi/6.3.1/thumb/v6-m/crti.o
                0x000000000800700c                _init
 .init          0x0000000008007010        0x8 /usr/lib/gcc/arm-none-eabi/6.3.1/thumb/v6-m/crtn.o
 *(.fini)
 .fini          0x0000000008007018        0x4 /usr/lib/gcc/arm-none-eabi/6.3.1/thumb/v6-m/crti.o
                0x0000000008007018                _fini
 .fini          0x000000000800701c        0x8 /usr/lib/gcc/arm-none-eabi/6.3.1/thumb/v6-m/crtn.o
                0x0000000008007024                . = ALIGN (0x4)
                0x0000000008007024                _etext = .

.vfp11_veneer   0x0000000008007024        0x0
 .vfp11_veneer  0x0000000008007024        0x0 linker stubs

.v4_bx          0x0000000008007024        0x0
 .v4_bx         0x0000000008007024        0x0 linker stubs

.iplt           0x0000000008007024        0x0
 .iplt          0x0000000008007024        0x0 /usr/lib/gcc/arm-none-eabi/6.3.1/thumb/v6-m/crtbegin.o

.rel.dyn        0x0000000008007024        0x0
 .rel.iplt      0x0000000008007024        0x0 /usr/lib/gcc/arm-none-eabi/6.3.1/thumb/v6-m/crtbegin.o

.ARM.extab
 *(.ARM.extab* .gnu.linkonce.armextab.*)

.ARM            0x0000000008007024        0x0
                0x0000000008007024                __exidx_start = .
 *(.ARM.exidx*)
                0x0000000008007024                __exidx_end = .

.ARM.attributes
                0x0000000008007024       0x28
 *(.ARM.attributes)
 .ARM.attributes
                0x0000000008007024       0x1e /usr/lib/gcc/arm-none-eabi/6.3.1/thumb/v6-m/crti.o
 .ARM.attributes
                0x0000000008007042       0x2c /usr/lib/gcc/arm-none-eabi/6.3.1/thumb/v6-m/crtbegin.o
 .ARM.attributes
                0x000000000800706e       0x31 ./USER/main.o
 .ARM.attributes
                0x000000000800709f       0x31 ./SYSTEM/uart/uart.o
 .ARM.attributes
                0x00000000080070d0       0x31 ./SYSTEM/sys/sys.o
 .ARM.attributes
                0x0000000008007101       0x31 ./SYSTEM/delay/delay.o
 .ARM.attributes
                0x0000000008007132       0x31 ./HARDWARE/SPI/spi.o
 .ARM.attributes
                0x0000000008007163       0x31 ./HARDWARE/RCC_MCU/rcc.o
 .ARM.attributes
                0x0000000008007194       0x31 ./HARDWARE/LED_MESH/led_mesh.o
 .ARM.attributes
                0x00000000080071c5       0x31 ./HARDWARE/IWDG/iwdg.o
 .ARM.attributes
                0x00000000080071f6       0x31 ./HARDWARE/IRQ/irq_rf.o
 .ARM.attributes
                0x0000000008007227       0x31 ./HARDWARE/IIC/iic.o
 .ARM.attributes
                0x0000000008007258       0x31 ./HARDWARE/CALLBACK/callback.o
 .ARM.attributes
                0x0000000008007289       0x31 ./HARDWARE/AT_CMD/AT_CMD.o
 .ARM.attributes
                0x00000000080072ba       0x31 ./HARDWARE/APP/app.o
 .ARM.attributes
                0x00000000080072eb       0x21 ./Device/MM32W0xx/Source/ARM/startup_MM32_M0_S_GCC.o
 .ARM.attributes
                0x000000000800730c       0x31 ./Device/MM32W0xx/HAL_lib/src/HAL_exti.o
 .ARM.attributes
                0x000000000800733d       0x31 ./Device/MM32W0xx/HAL_lib/src/HAL_gpio.o
 .ARM.attributes
                0x000000000800736e       0x31 ./Device/MM32W0xx/HAL_lib/src/HAL_i2c.o
 .ARM.attributes
                0x000000000800739f       0x31 ./Device/MM32W0xx/HAL_lib/src/HAL_iwdg.o
 .ARM.attributes
                0x00000000080073d0       0x31 ./Device/MM32W0xx/HAL_lib/src/HAL_misc.o
 .ARM.attributes
                0x0000000008007401       0x31 ./Device/MM32W0xx/HAL_lib/src/HAL_rcc.o
 .ARM.attributes
                0x0000000008007432       0x31 ./Device/MM32W0xx/HAL_lib/src/HAL_spi.o
 .ARM.attributes
                0x0000000008007463       0x31 ./Device/MM32W0xx/HAL_lib/src/HAL_syscfg.o
 .ARM.attributes
                0x0000000008007494       0x31 ./Device/MM32W0xx/HAL_lib/src/HAL_tim.o
 .ARM.attributes
                0x00000000080074c5       0x31 ./Device/MM32W0xx/HAL_lib/src/HAL_uart.o
 .ARM.attributes
                0x00000000080074f6       0x31 /home/neomissing/eclipse-workspace/MM32W0xx_s_BLE_gcc_SV3.6.1/SRC_LIB/lib/libmg_BLE-gcc.a(mg_driver.o)
 .ARM.attributes
                0x0000000008007527       0x31 /home/neomissing/eclipse-workspace/MM32W0xx_s_BLE_gcc_SV3.6.1/SRC_LIB/lib/libmg_BLE-gcc.a(fsm_adv_generic.o)
 .ARM.attributes
                0x0000000008007558       0x31 /home/neomissing/eclipse-workspace/MM32W0xx_s_BLE_gcc_SV3.6.1/SRC_LIB/lib/libmg_BLE-gcc.a(ll_control.o)
 .ARM.attributes
                0x0000000008007589       0x31 /home/neomissing/eclipse-workspace/MM32W0xx_s_BLE_gcc_SV3.6.1/SRC_LIB/lib/libmg_BLE-gcc.a(led_pwm.o)
 .ARM.attributes
                0x00000000080075ba       0x31 /home/neomissing/eclipse-workspace/MM32W0xx_s_BLE_gcc_SV3.6.1/SRC_LIB/lib/libmg_BLE-gcc.a(hwtest.o)
 .ARM.attributes
                0x00000000080075eb       0x31 /home/neomissing/eclipse-workspace/MM32W0xx_s_BLE_gcc_SV3.6.1/SRC_LIB/lib/libmg_BLE-gcc.a(att.o)
 .ARM.attributes
                0x000000000800761c       0x31 /home/neomissing/eclipse-workspace/MM32W0xx_s_BLE_gcc_SV3.6.1/SRC_LIB/lib/libmg_BLE-gcc.a(fsm_sconn.o)
 .ARM.attributes
                0x000000000800764d       0x31 /home/neomissing/eclipse-workspace/MM32W0xx_s_BLE_gcc_SV3.6.1/SRC_LIB/lib/libmg_BLE-gcc.a(fsm_base.o)
 .ARM.attributes
                0x000000000800767e       0x31 /home/neomissing/eclipse-workspace/MM32W0xx_s_BLE_gcc_SV3.6.1/SRC_LIB/lib/libmg_BLE-gcc.a(slave_dispatch.o)
 .ARM.attributes
                0x00000000080076af       0x31 /home/neomissing/eclipse-workspace/MM32W0xx_s_BLE_gcc_SV3.6.1/SRC_LIB/lib/libmg_BLE-gcc.a(l2cap.o)
 .ARM.attributes
                0x00000000080076e0       0x31 /home/neomissing/eclipse-workspace/MM32W0xx_s_BLE_gcc_SV3.6.1/SRC_LIB/lib/libmg_BLE-gcc.a(data_queue.o)
 .ARM.attributes
                0x0000000008007711       0x1e /usr/lib/gcc/arm-none-eabi/6.3.1/thumb/v6-m/libgcc.a(_udivsi3.o)
 .ARM.attributes
                0x000000000800772f       0x1e /usr/lib/gcc/arm-none-eabi/6.3.1/thumb/v6-m/libgcc.a(_divsi3.o)
 .ARM.attributes
                0x000000000800774d       0x1e /usr/lib/gcc/arm-none-eabi/6.3.1/thumb/v6-m/libgcc.a(_dvmd_tls.o)
 .ARM.attributes
                0x000000000800776b       0x2c /usr/lib/gcc/arm-none-eabi/6.3.1/../../../arm-none-eabi/lib/thumb/v6-m/libg.a(lib_a-atexit.o)
 .ARM.attributes
                0x0000000008007797       0x2c /usr/lib/gcc/arm-none-eabi/6.3.1/../../../arm-none-eabi/lib/thumb/v6-m/libg.a(lib_a-fini.o)
 .ARM.attributes
                0x00000000080077c3       0x2c /usr/lib/gcc/arm-none-eabi/6.3.1/../../../arm-none-eabi/lib/thumb/v6-m/libg.a(lib_a-impure.o)
 .ARM.attributes
                0x00000000080077ef       0x2c /usr/lib/gcc/arm-none-eabi/6.3.1/../../../arm-none-eabi/lib/thumb/v6-m/libg.a(lib_a-memcmp.o)
 .ARM.attributes
                0x000000000800781b       0x2c /usr/lib/gcc/arm-none-eabi/6.3.1/../../../arm-none-eabi/lib/thumb/v6-m/libg.a(lib_a-memcpy-stub.o)
 .ARM.attributes
                0x0000000008007847       0x2c /usr/lib/gcc/arm-none-eabi/6.3.1/../../../arm-none-eabi/lib/thumb/v6-m/libg.a(lib_a-memset.o)
 .ARM.attributes
                0x0000000008007873       0x2c /usr/lib/gcc/arm-none-eabi/6.3.1/../../../arm-none-eabi/lib/thumb/v6-m/libg.a(lib_a-strcpy.o)
 .ARM.attributes
                0x000000000800789f       0x2c /usr/lib/gcc/arm-none-eabi/6.3.1/../../../arm-none-eabi/lib/thumb/v6-m/libg.a(lib_a-strlen-stub.o)
 .ARM.attributes
                0x00000000080078cb       0x2c /usr/lib/gcc/arm-none-eabi/6.3.1/../../../arm-none-eabi/lib/thumb/v6-m/libg.a(lib_a-__atexit.o)
 .ARM.attributes
                0x00000000080078f7       0x2c /usr/lib/gcc/arm-none-eabi/6.3.1/../../../arm-none-eabi/lib/thumb/v6-m/libg.a(lib_a-__call_atexit.o)
 .ARM.attributes
                0x0000000008007923       0x2c /usr/lib/gcc/arm-none-eabi/6.3.1/thumb/v6-m/crtend.o
 .ARM.attributes
                0x000000000800794f       0x1e /usr/lib/gcc/arm-none-eabi/6.3.1/thumb/v6-m/crtn.o

.preinit_array  0x0000000008007024        0x0
                0x0000000008007024                PROVIDE (__preinit_array_start, .)
 *(.preinit_array*)
                0x0000000008007024                PROVIDE (__preinit_array_end, .)

.init_array     0x0000000008007024        0x8
                0x0000000008007024                PROVIDE (__init_array_start, .)
 *(SORT(.init_array.*))
 .init_array.00000
                0x0000000008007024        0x4 /usr/lib/gcc/arm-none-eabi/6.3.1/../../../arm-none-eabi/lib/thumb/v6-m/libg.a(lib_a-__call_atexit.o)
 *(.init_array*)
 .init_array    0x0000000008007028        0x4 /usr/lib/gcc/arm-none-eabi/6.3.1/thumb/v6-m/crtbegin.o
                0x000000000800702c                PROVIDE (__init_array_end, .)

.fini_array     0x000000000800702c        0x4
                0x000000000800702c                PROVIDE (__fini_array_start, .)
 *(.fini_array*)
 .fini_array    0x000000000800702c        0x4 /usr/lib/gcc/arm-none-eabi/6.3.1/thumb/v6-m/crtbegin.o
 *(SORT(.fini_array.*))
                0x0000000008007030                PROVIDE (__fini_array_end, .)
                0x0000000008007030                _sidata = .

.data           0x0000000020000000      0x5a4 load address 0x0000000008007030
                0x0000000020000000                . = ALIGN (0x4)
                0x0000000020000000                _sdata = .
 *(.data)
 .data          0x0000000020000000       0x10 /home/neomissing/eclipse-workspace/MM32W0xx_s_BLE_gcc_SV3.6.1/SRC_LIB/lib/libmg_BLE-gcc.a(fsm_adv_generic.o)
 .data          0x0000000020000010        0x2 /home/neomissing/eclipse-workspace/MM32W0xx_s_BLE_gcc_SV3.6.1/SRC_LIB/lib/libmg_BLE-gcc.a(ll_control.o)
 *fill*         0x0000000020000012        0x2 
 .data          0x0000000020000014       0x13 /home/neomissing/eclipse-workspace/MM32W0xx_s_BLE_gcc_SV3.6.1/SRC_LIB/lib/libmg_BLE-gcc.a(led_pwm.o)
                0x0000000020000014                EnableLED_Flag
                0x0000000020000018                Led_Lum_percent
                0x000000002000001c                Led_Lum_percent_t
                0x0000000020000020                enable_flag_cur
                0x0000000020000021                enable_flag_t
                0x0000000020000022                enable_flag_0
                0x0000000020000023                FadingStep
                0x0000000020000024                Led_Lum_percent_0
                0x0000000020000025                EnableLED_Flag_0
                0x0000000020000026                EnableLED_Flag_t
 *fill*         0x0000000020000027        0x1 
 .data          0x0000000020000028       0x28 /home/neomissing/eclipse-workspace/MM32W0xx_s_BLE_gcc_SV3.6.1/SRC_LIB/lib/libmg_BLE-gcc.a(hwtest.o)
 .data          0x0000000020000050       0x11 /home/neomissing/eclipse-workspace/MM32W0xx_s_BLE_gcc_SV3.6.1/SRC_LIB/lib/libmg_BLE-gcc.a(att.o)
                0x0000000020000050                FIRMWARE_INFO
                0x000000002000005c                lamp_addr
                0x000000002000005e                rsp_data_sn
                0x000000002000005f                lamp_lum
                0x0000000020000060                lamp_onoff
 *fill*         0x0000000020000061        0x1 
 .data          0x0000000020000062        0x4 /home/neomissing/eclipse-workspace/MM32W0xx_s_BLE_gcc_SV3.6.1/SRC_LIB/lib/libmg_BLE-gcc.a(fsm_sconn.o)
 *fill*         0x0000000020000066        0x2 
 .data          0x0000000020000068       0x21 /home/neomissing/eclipse-workspace/MM32W0xx_s_BLE_gcc_SV3.6.1/SRC_LIB/lib/libmg_BLE-gcc.a(slave_dispatch.o)
                0x0000000020000068                s_TxBuff
 .data          0x0000000020000089        0x1 /home/neomissing/eclipse-workspace/MM32W0xx_s_BLE_gcc_SV3.6.1/SRC_LIB/lib/libmg_BLE-gcc.a(l2cap.o)
 .data          0x000000002000008a        0x1 /home/neomissing/eclipse-workspace/MM32W0xx_s_BLE_gcc_SV3.6.1/SRC_LIB/lib/libmg_BLE-gcc.a(data_queue.o)
 *fill*         0x000000002000008b        0x5 
 .data          0x0000000020000090      0x430 /usr/lib/gcc/arm-none-eabi/6.3.1/../../../arm-none-eabi/lib/thumb/v6-m/libg.a(lib_a-impure.o)
                0x0000000020000090                _impure_ptr
 *(.data*)
 .data.BaudRate
                0x00000000200004c0        0x4 ./SYSTEM/uart/uart.o
                0x00000000200004c0                BaudRate
 .data.at_func_list
                0x00000000200004c4       0xb4 ./HARDWARE/AT_CMD/AT_CMD.o
                0x00000000200004c4                at_func_list
 .data.DeviceInfo
                0x0000000020000578       0x18 ./HARDWARE/APP/app.o
                0x0000000020000578                DeviceInfo
 .data.cur_notifyhandle
                0x0000000020000590        0x2 ./HARDWARE/APP/app.o
                0x0000000020000590                cur_notifyhandle
 *fill*         0x0000000020000592        0x2 
 .data.APBAHBPrescTable
                0x0000000020000594       0x10 ./Device/MM32W0xx/HAL_lib/src/HAL_rcc.o
                0x00000000200005a4                . = ALIGN (0x4)
                0x00000000200005a4                _edata = .

.jcr            0x00000000200005a4        0x0 load address 0x00000000080075d4
 .jcr           0x00000000200005a4        0x0 /usr/lib/gcc/arm-none-eabi/6.3.1/thumb/v6-m/crtbegin.o

.tm_clone_table
                0x00000000200005a4        0x0 load address 0x00000000080075d4
 .tm_clone_table
                0x00000000200005a4        0x0 /usr/lib/gcc/arm-none-eabi/6.3.1/thumb/v6-m/crtbegin.o
 .tm_clone_table
                0x00000000200005a4        0x0 /usr/lib/gcc/arm-none-eabi/6.3.1/thumb/v6-m/crtend.o

.igot.plt       0x00000000200005a4        0x0 load address 0x00000000080075d4
 .igot.plt      0x00000000200005a4        0x0 /usr/lib/gcc/arm-none-eabi/6.3.1/thumb/v6-m/crtbegin.o
                0x00000000200005a4                . = ALIGN (0x4)

.bss            0x00000000200005a4      0x5a8 load address 0x00000000080075d4
                0x00000000200005a4                _sbss = .
                0x00000000200005a4                __bss_start__ = _sbss
 *(.bss)
 .bss           0x00000000200005a4       0x1c /usr/lib/gcc/arm-none-eabi/6.3.1/thumb/v6-m/crtbegin.o
 .bss           0x00000000200005c0        0x5 /home/neomissing/eclipse-workspace/MM32W0xx_s_BLE_gcc_SV3.6.1/SRC_LIB/lib/libmg_BLE-gcc.a(mg_driver.o)
                0x00000000200005c2                radio_do_cal_state
                0x00000000200005c3                radio_rf_cal_method
                0x00000000200005c4                ChipVer
 *fill*         0x00000000200005c5        0x3 
 .bss           0x00000000200005c8       0x3c /home/neomissing/eclipse-workspace/MM32W0xx_s_BLE_gcc_SV3.6.1/SRC_LIB/lib/libmg_BLE-gcc.a(fsm_adv_generic.o)
                0x00000000200005ea                WakeupDelay
 .bss           0x0000000020000604       0x44 /home/neomissing/eclipse-workspace/MM32W0xx_s_BLE_gcc_SV3.6.1/SRC_LIB/lib/libmg_BLE-gcc.a(ll_control.o)
 .bss           0x0000000020000648       0x1f /home/neomissing/eclipse-workspace/MM32W0xx_s_BLE_gcc_SV3.6.1/SRC_LIB/lib/libmg_BLE-gcc.a(led_pwm.o)
                0x0000000020000648                Led_R
                0x0000000020000649                Led_G
                0x000000002000064a                Led_B
                0x000000002000064c                Led_Y
                0x0000000020000650                Led_W
                0x0000000020000654                Led_R_t
                0x0000000020000655                Led_G_t
                0x0000000020000656                Led_B_t
                0x0000000020000658                Led_Y_t
                0x000000002000065c                Led_W_t
                0x0000000020000660                enable_flag_d
                0x0000000020000662                Led_R_0
                0x0000000020000663                Led_G_0
                0x0000000020000664                Led_B_0
                0x0000000020000665                Led_Y_0
                0x0000000020000666                Led_W_0
 *fill*         0x0000000020000667        0x1 
 .bss           0x0000000020000668       0x84 /home/neomissing/eclipse-workspace/MM32W0xx_s_BLE_gcc_SV3.6.1/SRC_LIB/lib/libmg_BLE-gcc.a(hwtest.o)
                0x00000000200006b1                md_list_num
                0x00000000200006b4                s_flags
                0x00000000200006b8                m_flags
                0x00000000200006b9                BleRunStepFlags
                0x00000000200006bb                role_type
 .bss           0x00000000200006ec        0x1 /home/neomissing/eclipse-workspace/MM32W0xx_s_BLE_gcc_SV3.6.1/SRC_LIB/lib/libmg_BLE-gcc.a(att.o)
                0x00000000200006ec                att_enable_default_device_info
 *fill*         0x00000000200006ed        0x3 
 .bss           0x00000000200006f0       0x9d /home/neomissing/eclipse-workspace/MM32W0xx_s_BLE_gcc_SV3.6.1/SRC_LIB/lib/libmg_BLE-gcc.a(fsm_sconn.o)
                0x000000002000072e                rssi_data
 *fill*         0x000000002000078d        0x3 
 .bss           0x0000000020000790       0x14 /home/neomissing/eclipse-workspace/MM32W0xx_s_BLE_gcc_SV3.6.1/SRC_LIB/lib/libmg_BLE-gcc.a(fsm_base.o)
                0x0000000020000794                tx_len_hfclkb
                0x0000000020000798                wakeup_lfclk
                0x000000002000079c                wakeup_hfclk
                0x00000000200007a0                bb_fsm
 .bss           0x00000000200007a4       0x29 /home/neomissing/eclipse-workspace/MM32W0xx_s_BLE_gcc_SV3.6.1/SRC_LIB/lib/libmg_BLE-gcc.a(slave_dispatch.o)
                0x00000000200007ad                mg02_send_len
 *fill*         0x00000000200007cd        0x3 
 .bss           0x00000000200007d0      0x1ca /home/neomissing/eclipse-workspace/MM32W0xx_s_BLE_gcc_SV3.6.1/SRC_LIB/lib/libmg_BLE-gcc.a(data_queue.o)
 *(.bss*)
 *fill*         0x000000002000099a        0x2 
 .bss.SysTick_Count
                0x000000002000099c        0x4 ./SYSTEM/sys/sys.o
                0x000000002000099c                SysTick_Count
 .bss.comrxbuf_rd_pos
                0x00000000200009a0        0x2 ./HARDWARE/CALLBACK/callback.o
                0x00000000200009a0                comrxbuf_rd_pos
 .bss.AtCmdBufDataSize
                0x00000000200009a2        0x1 ./HARDWARE/CALLBACK/callback.o
                0x00000000200009a2                AtCmdBufDataSize
 .bss.txLen     0x00000000200009a3        0x1 ./HARDWARE/CALLBACK/callback.o
                0x00000000200009a3                txLen
 .bss.RxCont    0x00000000200009a4        0x2 ./HARDWARE/CALLBACK/callback.o
                0x00000000200009a4                RxCont
 .bss.PosW      0x00000000200009a6        0x1 ./HARDWARE/CALLBACK/callback.o
                0x00000000200009a6                PosW
 .bss.SleepStop
                0x00000000200009a7        0x1 ./HARDWARE/CALLBACK/callback.o
                0x00000000200009a7                SleepStop
 .bss.SleepStatus
                0x00000000200009a8        0x1 ./HARDWARE/CALLBACK/callback.o
                0x00000000200009a8                SleepStatus
 .bss.dis_int_count
                0x00000000200009a9        0x1 ./HARDWARE/CALLBACK/callback.o
 .bss.WaitSetBaud
                0x00000000200009aa        0x1 ./HARDWARE/AT_CMD/AT_CMD.o
                0x00000000200009aa                WaitSetBaud
 .bss.gConnectedFlag
                0x00000000200009ab        0x1 ./HARDWARE/APP/app.o
 *(COMMON)
 COMMON         0x00000000200009ac        0x6 ./USER/main.o
                0x00000000200009ac                ble_mac_addr
                0x00000000200009b0                value_t
 *fill*         0x00000000200009b2        0x2 
 COMMON         0x00000000200009b4      0x104 ./HARDWARE/CALLBACK/callback.o
                0x00000000200009b4                RxTimeout
                0x00000000200009b8                AtCmdBuf
                0x00000000200009ec                txBuf
                0x0000000020000a50                rxBuf
                0x0000000020000ab4                TxTimeout
 COMMON         0x0000000020000ab8        0xc /home/neomissing/eclipse-workspace/MM32W0xx_s_BLE_gcc_SV3.6.1/SRC_LIB/lib/libmg_BLE-gcc.a(led_pwm.o)
                0x0000000020000ab8                dLed_Y
                0x0000000020000aba                dLed_G
                0x0000000020000abc                dLed_B
                0x0000000020000abe                dLed_R
                0x0000000020000ac0                dLed_Lum_percent
                0x0000000020000ac2                dLed_W
 COMMON         0x0000000020000ac4       0x82 /home/neomissing/eclipse-workspace/MM32W0xx_s_BLE_gcc_SV3.6.1/SRC_LIB/lib/libmg_BLE-gcc.a(hwtest.o)
                0x0000000020000ac4                md_pkt_list
                0x0000000020000b40                myAddr
 *fill*         0x0000000020000b46        0x2 
 COMMON         0x0000000020000b48        0x4 /home/neomissing/eclipse-workspace/MM32W0xx_s_BLE_gcc_SV3.6.1/SRC_LIB/lib/libmg_BLE-gcc.a(slave_dispatch.o)
                0x0000000020000b48                s_opcodeChe
                0x0000000020000b4c                . = ALIGN (0x4)
                0x0000000020000b4c                _ebss = .
                0x0000000020000b4c                __bss_end__ = _ebss
                [!provide]                        PROVIDE (end, _ebss)
                [!provide]                        PROVIDE (_end, _ebss)

._user_heap_stack
                0x0000000020000b4c      0x200 load address 0x0000000008007b7c
                0x0000000020000b4c                . = ALIGN (0x4)
                0x0000000020000b4c                . = (. + _Min_Heap_Size)
                0x0000000020000d4c                . = (. + _Min_Stack_Size)
 *fill*         0x0000000020000b4c      0x200 
                0x0000000020000d4c                . = ALIGN (0x4)

.memory_b1_text
 *(.mb1text)
 *(.mb1text*)
 *(.mb1rodata)
 *(.mb1rodata*)

/DISCARD/
 libc.a(*)
 libm.a(*)
 libgcc.a(*)
OUTPUT(MM32W0xx_s_BLE_gcc_SV3.6.1.elf elf32-littlearm)

.comment        0x0000000000000000       0x9f
 .comment       0x0000000000000000       0x31 /usr/lib/gcc/arm-none-eabi/6.3.1/thumb/v6-m/crtbegin.o
                                         0x32 (size before relaxing)
 .comment       0x0000000000000031       0x32 ./USER/main.o
 .comment       0x0000000000000031       0x32 ./SYSTEM/uart/uart.o
 .comment       0x0000000000000031       0x32 ./SYSTEM/sys/sys.o
 .comment       0x0000000000000031       0x32 ./SYSTEM/delay/delay.o
 .comment       0x0000000000000031       0x32 ./HARDWARE/SPI/spi.o
 .comment       0x0000000000000031       0x32 ./HARDWARE/RCC_MCU/rcc.o
 .comment       0x0000000000000031       0x32 ./HARDWARE/LED_MESH/led_mesh.o
 .comment       0x0000000000000031       0x32 ./HARDWARE/IWDG/iwdg.o
 .comment       0x0000000000000031       0x32 ./HARDWARE/IRQ/irq_rf.o
 .comment       0x0000000000000031       0x32 ./HARDWARE/IIC/iic.o
 .comment       0x0000000000000031       0x32 ./HARDWARE/CALLBACK/callback.o
 .comment       0x0000000000000031       0x32 ./HARDWARE/AT_CMD/AT_CMD.o
 .comment       0x0000000000000031       0x32 ./HARDWARE/APP/app.o
 .comment       0x0000000000000031       0x32 ./Device/MM32W0xx/HAL_lib/src/HAL_exti.o
 .comment       0x0000000000000031       0x32 ./Device/MM32W0xx/HAL_lib/src/HAL_gpio.o
 .comment       0x0000000000000031       0x32 ./Device/MM32W0xx/HAL_lib/src/HAL_i2c.o
 .comment       0x0000000000000031       0x32 ./Device/MM32W0xx/HAL_lib/src/HAL_iwdg.o
 .comment       0x0000000000000031       0x32 ./Device/MM32W0xx/HAL_lib/src/HAL_misc.o
 .comment       0x0000000000000031       0x32 ./Device/MM32W0xx/HAL_lib/src/HAL_rcc.o
 .comment       0x0000000000000031       0x32 ./Device/MM32W0xx/HAL_lib/src/HAL_spi.o
 .comment       0x0000000000000031       0x32 ./Device/MM32W0xx/HAL_lib/src/HAL_syscfg.o
 .comment       0x0000000000000031       0x32 ./Device/MM32W0xx/HAL_lib/src/HAL_tim.o
 .comment       0x0000000000000031       0x32 ./Device/MM32W0xx/HAL_lib/src/HAL_uart.o
 .comment       0x0000000000000031       0x6e /home/neomissing/eclipse-workspace/MM32W0xx_s_BLE_gcc_SV3.6.1/SRC_LIB/lib/libmg_BLE-gcc.a(mg_driver.o)
                                         0x6f (size before relaxing)
 .comment       0x000000000000009f       0x6f /home/neomissing/eclipse-workspace/MM32W0xx_s_BLE_gcc_SV3.6.1/SRC_LIB/lib/libmg_BLE-gcc.a(fsm_adv_generic.o)
 .comment       0x000000000000009f       0x6f /home/neomissing/eclipse-workspace/MM32W0xx_s_BLE_gcc_SV3.6.1/SRC_LIB/lib/libmg_BLE-gcc.a(ll_control.o)
 .comment       0x000000000000009f       0x6f /home/neomissing/eclipse-workspace/MM32W0xx_s_BLE_gcc_SV3.6.1/SRC_LIB/lib/libmg_BLE-gcc.a(led_pwm.o)
 .comment       0x000000000000009f       0x6f /home/neomissing/eclipse-workspace/MM32W0xx_s_BLE_gcc_SV3.6.1/SRC_LIB/lib/libmg_BLE-gcc.a(hwtest.o)
 .comment       0x000000000000009f       0x6f /home/neomissing/eclipse-workspace/MM32W0xx_s_BLE_gcc_SV3.6.1/SRC_LIB/lib/libmg_BLE-gcc.a(att.o)
 .comment       0x000000000000009f       0x6f /home/neomissing/eclipse-workspace/MM32W0xx_s_BLE_gcc_SV3.6.1/SRC_LIB/lib/libmg_BLE-gcc.a(fsm_sconn.o)
 .comment       0x000000000000009f       0x6f /home/neomissing/eclipse-workspace/MM32W0xx_s_BLE_gcc_SV3.6.1/SRC_LIB/lib/libmg_BLE-gcc.a(fsm_base.o)
 .comment       0x000000000000009f       0x6f /home/neomissing/eclipse-workspace/MM32W0xx_s_BLE_gcc_SV3.6.1/SRC_LIB/lib/libmg_BLE-gcc.a(slave_dispatch.o)
 .comment       0x000000000000009f       0x6f /home/neomissing/eclipse-workspace/MM32W0xx_s_BLE_gcc_SV3.6.1/SRC_LIB/lib/libmg_BLE-gcc.a(l2cap.o)
 .comment       0x000000000000009f       0x6f /home/neomissing/eclipse-workspace/MM32W0xx_s_BLE_gcc_SV3.6.1/SRC_LIB/lib/libmg_BLE-gcc.a(data_queue.o)
 .comment       0x000000000000009f       0x32 /usr/lib/gcc/arm-none-eabi/6.3.1/../../../arm-none-eabi/lib/thumb/v6-m/libg.a(lib_a-atexit.o)
 .comment       0x000000000000009f       0x32 /usr/lib/gcc/arm-none-eabi/6.3.1/../../../arm-none-eabi/lib/thumb/v6-m/libg.a(lib_a-fini.o)
 .comment       0x000000000000009f       0x32 /usr/lib/gcc/arm-none-eabi/6.3.1/../../../arm-none-eabi/lib/thumb/v6-m/libg.a(lib_a-impure.o)
 .comment       0x000000000000009f       0x32 /usr/lib/gcc/arm-none-eabi/6.3.1/../../../arm-none-eabi/lib/thumb/v6-m/libg.a(lib_a-memcmp.o)
 .comment       0x000000000000009f       0x32 /usr/lib/gcc/arm-none-eabi/6.3.1/../../../arm-none-eabi/lib/thumb/v6-m/libg.a(lib_a-memcpy-stub.o)
 .comment       0x000000000000009f       0x32 /usr/lib/gcc/arm-none-eabi/6.3.1/../../../arm-none-eabi/lib/thumb/v6-m/libg.a(lib_a-memset.o)
 .comment       0x000000000000009f       0x32 /usr/lib/gcc/arm-none-eabi/6.3.1/../../../arm-none-eabi/lib/thumb/v6-m/libg.a(lib_a-strcpy.o)
 .comment       0x000000000000009f       0x32 /usr/lib/gcc/arm-none-eabi/6.3.1/../../../arm-none-eabi/lib/thumb/v6-m/libg.a(lib_a-strlen-stub.o)
 .comment       0x000000000000009f       0x32 /usr/lib/gcc/arm-none-eabi/6.3.1/../../../arm-none-eabi/lib/thumb/v6-m/libg.a(lib_a-__atexit.o)
 .comment       0x000000000000009f       0x32 /usr/lib/gcc/arm-none-eabi/6.3.1/../../../arm-none-eabi/lib/thumb/v6-m/libg.a(lib_a-__call_atexit.o)
 .comment       0x000000000000009f       0x32 /usr/lib/gcc/arm-none-eabi/6.3.1/thumb/v6-m/crtend.o

.debug_info     0x0000000000000000    0x1aac4
 .debug_info    0x0000000000000000      0xab8 ./USER/main.o
 .debug_info    0x0000000000000ab8      0xf23 ./SYSTEM/uart/uart.o
 .debug_info    0x00000000000019db      0xc08 ./SYSTEM/sys/sys.o
 .debug_info    0x00000000000025e3      0x930 ./SYSTEM/delay/delay.o
 .debug_info    0x0000000000002f13      0x4fe ./HARDWARE/SPI/spi.o
 .debug_info    0x0000000000003411      0xd64 ./HARDWARE/RCC_MCU/rcc.o
 .debug_info    0x0000000000004175      0x48e ./HARDWARE/LED_MESH/led_mesh.o
 .debug_info    0x0000000000004603      0x13a ./HARDWARE/IWDG/iwdg.o
 .debug_info    0x000000000000473d      0x744 ./HARDWARE/IRQ/irq_rf.o
 .debug_info    0x0000000000004e81      0x75d ./HARDWARE/IIC/iic.o
 .debug_info    0x00000000000055de     0x1012 ./HARDWARE/CALLBACK/callback.o
 .debug_info    0x00000000000065f0      0xd61 ./HARDWARE/AT_CMD/AT_CMD.o
 .debug_info    0x0000000000007351      0xe5f ./HARDWARE/APP/app.o
 .debug_info    0x00000000000081b0       0x9c ./Device/MM32W0xx/Source/ARM/startup_MM32_M0_S_GCC.o
 .debug_info    0x000000000000824c      0x32d ./Device/MM32W0xx/HAL_lib/src/HAL_exti.o
 .debug_info    0x0000000000008579      0x57c ./Device/MM32W0xx/HAL_lib/src/HAL_gpio.o
 .debug_info    0x0000000000008af5      0xb2c ./Device/MM32W0xx/HAL_lib/src/HAL_i2c.o
 .debug_info    0x0000000000009621      0x1e9 ./Device/MM32W0xx/HAL_lib/src/HAL_iwdg.o
 .debug_info    0x000000000000980a      0x39a ./Device/MM32W0xx/HAL_lib/src/HAL_misc.o
 .debug_info    0x0000000000009ba4      0x7d9 ./Device/MM32W0xx/HAL_lib/src/HAL_rcc.o
 .debug_info    0x000000000000a37d      0x709 ./Device/MM32W0xx/HAL_lib/src/HAL_spi.o
 .debug_info    0x000000000000aa86      0x1d3 ./Device/MM32W0xx/HAL_lib/src/HAL_syscfg.o
 .debug_info    0x000000000000ac59     0x1b69 ./Device/MM32W0xx/HAL_lib/src/HAL_tim.o
 .debug_info    0x000000000000c7c2      0x50a ./Device/MM32W0xx/HAL_lib/src/HAL_uart.o
 .debug_info    0x000000000000cccc     0x25fc /home/neomissing/eclipse-workspace/MM32W0xx_s_BLE_gcc_SV3.6.1/SRC_LIB/lib/libmg_BLE-gcc.a(mg_driver.o)
 .debug_info    0x000000000000f2c8      0xd2e /home/neomissing/eclipse-workspace/MM32W0xx_s_BLE_gcc_SV3.6.1/SRC_LIB/lib/libmg_BLE-gcc.a(fsm_adv_generic.o)
 .debug_info    0x000000000000fff6      0xbc1 /home/neomissing/eclipse-workspace/MM32W0xx_s_BLE_gcc_SV3.6.1/SRC_LIB/lib/libmg_BLE-gcc.a(ll_control.o)
 .debug_info    0x0000000000010bb7      0x458 /home/neomissing/eclipse-workspace/MM32W0xx_s_BLE_gcc_SV3.6.1/SRC_LIB/lib/libmg_BLE-gcc.a(led_pwm.o)
 .debug_info    0x000000000001100f      0xd29 /home/neomissing/eclipse-workspace/MM32W0xx_s_BLE_gcc_SV3.6.1/SRC_LIB/lib/libmg_BLE-gcc.a(hwtest.o)
 .debug_info    0x0000000000011d38     0x12d5 /home/neomissing/eclipse-workspace/MM32W0xx_s_BLE_gcc_SV3.6.1/SRC_LIB/lib/libmg_BLE-gcc.a(att.o)
 .debug_info    0x000000000001300d     0x124c /home/neomissing/eclipse-workspace/MM32W0xx_s_BLE_gcc_SV3.6.1/SRC_LIB/lib/libmg_BLE-gcc.a(fsm_sconn.o)
 .debug_info    0x0000000000014259      0x24a /home/neomissing/eclipse-workspace/MM32W0xx_s_BLE_gcc_SV3.6.1/SRC_LIB/lib/libmg_BLE-gcc.a(fsm_base.o)
 .debug_info    0x00000000000144a3      0xa1b /home/neomissing/eclipse-workspace/MM32W0xx_s_BLE_gcc_SV3.6.1/SRC_LIB/lib/libmg_BLE-gcc.a(slave_dispatch.o)
 .debug_info    0x0000000000014ebe      0x1e4 /home/neomissing/eclipse-workspace/MM32W0xx_s_BLE_gcc_SV3.6.1/SRC_LIB/lib/libmg_BLE-gcc.a(l2cap.o)
 .debug_info    0x00000000000150a2      0x535 /home/neomissing/eclipse-workspace/MM32W0xx_s_BLE_gcc_SV3.6.1/SRC_LIB/lib/libmg_BLE-gcc.a(data_queue.o)
 .debug_info    0x00000000000155d7       0xbf /usr/lib/gcc/arm-none-eabi/6.3.1/thumb/v6-m/libgcc.a(_udivsi3.o)
 .debug_info    0x0000000000015696       0xbf /usr/lib/gcc/arm-none-eabi/6.3.1/thumb/v6-m/libgcc.a(_divsi3.o)
 .debug_info    0x0000000000015755       0xbf /usr/lib/gcc/arm-none-eabi/6.3.1/thumb/v6-m/libgcc.a(_dvmd_tls.o)
 .debug_info    0x0000000000015814      0x907 /usr/lib/gcc/arm-none-eabi/6.3.1/../../../arm-none-eabi/lib/thumb/v6-m/libg.a(lib_a-atexit.o)
 .debug_info    0x000000000001611b       0xfa /usr/lib/gcc/arm-none-eabi/6.3.1/../../../arm-none-eabi/lib/thumb/v6-m/libg.a(lib_a-fini.o)
 .debug_info    0x0000000000016215      0x8a5 /usr/lib/gcc/arm-none-eabi/6.3.1/../../../arm-none-eabi/lib/thumb/v6-m/libg.a(lib_a-impure.o)
 .debug_info    0x0000000000016aba      0x919 /usr/lib/gcc/arm-none-eabi/6.3.1/../../../arm-none-eabi/lib/thumb/v6-m/libg.a(lib_a-memcmp.o)
 .debug_info    0x00000000000173d3      0x934 /usr/lib/gcc/arm-none-eabi/6.3.1/../../../arm-none-eabi/lib/thumb/v6-m/libg.a(lib_a-memcpy-stub.o)
 .debug_info    0x0000000000017d07      0x91b /usr/lib/gcc/arm-none-eabi/6.3.1/../../../arm-none-eabi/lib/thumb/v6-m/libg.a(lib_a-memset.o)
 .debug_info    0x0000000000018622      0x8b8 /usr/lib/gcc/arm-none-eabi/6.3.1/../../../arm-none-eabi/lib/thumb/v6-m/libg.a(lib_a-strcpy.o)
 .debug_info    0x0000000000018eda      0x8de /usr/lib/gcc/arm-none-eabi/6.3.1/../../../arm-none-eabi/lib/thumb/v6-m/libg.a(lib_a-strlen-stub.o)
 .debug_info    0x00000000000197b8      0x950 /usr/lib/gcc/arm-none-eabi/6.3.1/../../../arm-none-eabi/lib/thumb/v6-m/libg.a(lib_a-__atexit.o)
 .debug_info    0x000000000001a108      0x9bc /usr/lib/gcc/arm-none-eabi/6.3.1/../../../arm-none-eabi/lib/thumb/v6-m/libg.a(lib_a-__call_atexit.o)

.debug_abbrev   0x0000000000000000     0x5723
 .debug_abbrev  0x0000000000000000      0x202 ./USER/main.o
 .debug_abbrev  0x0000000000000202      0x2c5 ./SYSTEM/uart/uart.o
 .debug_abbrev  0x00000000000004c7      0x24f ./SYSTEM/sys/sys.o
 .debug_abbrev  0x0000000000000716      0x1dc ./SYSTEM/delay/delay.o
 .debug_abbrev  0x00000000000008f2      0x120 ./HARDWARE/SPI/spi.o
 .debug_abbrev  0x0000000000000a12      0x269 ./HARDWARE/RCC_MCU/rcc.o
 .debug_abbrev  0x0000000000000c7b      0x10f ./HARDWARE/LED_MESH/led_mesh.o
 .debug_abbrev  0x0000000000000d8a       0x9c ./HARDWARE/IWDG/iwdg.o
 .debug_abbrev  0x0000000000000e26      0x1b6 ./HARDWARE/IRQ/irq_rf.o
 .debug_abbrev  0x0000000000000fdc      0x14c ./HARDWARE/IIC/iic.o
 .debug_abbrev  0x0000000000001128      0x2c3 ./HARDWARE/CALLBACK/callback.o
 .debug_abbrev  0x00000000000013eb      0x2d1 ./HARDWARE/AT_CMD/AT_CMD.o
 .debug_abbrev  0x00000000000016bc      0x2dd ./HARDWARE/APP/app.o
 .debug_abbrev  0x0000000000001999       0x12 ./Device/MM32W0xx/Source/ARM/startup_MM32_M0_S_GCC.o
 .debug_abbrev  0x00000000000019ab      0x13a ./Device/MM32W0xx/HAL_lib/src/HAL_exti.o
 .debug_abbrev  0x0000000000001ae5      0x194 ./Device/MM32W0xx/HAL_lib/src/HAL_gpio.o
 .debug_abbrev  0x0000000000001c79      0x18c ./Device/MM32W0xx/HAL_lib/src/HAL_i2c.o
 .debug_abbrev  0x0000000000001e05      0x10f ./Device/MM32W0xx/HAL_lib/src/HAL_iwdg.o
 .debug_abbrev  0x0000000000001f14      0x132 ./Device/MM32W0xx/HAL_lib/src/HAL_misc.o
 .debug_abbrev  0x0000000000002046      0x1f3 ./Device/MM32W0xx/HAL_lib/src/HAL_rcc.o
 .debug_abbrev  0x0000000000002239      0x16a ./Device/MM32W0xx/HAL_lib/src/HAL_spi.o
 .debug_abbrev  0x00000000000023a3       0xf3 ./Device/MM32W0xx/HAL_lib/src/HAL_syscfg.o
 .debug_abbrev  0x0000000000002496      0x1a4 ./Device/MM32W0xx/HAL_lib/src/HAL_tim.o
 .debug_abbrev  0x000000000000263a      0x16e ./Device/MM32W0xx/HAL_lib/src/HAL_uart.o
 .debug_abbrev  0x00000000000027a8      0x33c /home/neomissing/eclipse-workspace/MM32W0xx_s_BLE_gcc_SV3.6.1/SRC_LIB/lib/libmg_BLE-gcc.a(mg_driver.o)
 .debug_abbrev  0x0000000000002ae4      0x41e /home/neomissing/eclipse-workspace/MM32W0xx_s_BLE_gcc_SV3.6.1/SRC_LIB/lib/libmg_BLE-gcc.a(fsm_adv_generic.o)
 .debug_abbrev  0x0000000000002f02      0x2d8 /home/neomissing/eclipse-workspace/MM32W0xx_s_BLE_gcc_SV3.6.1/SRC_LIB/lib/libmg_BLE-gcc.a(ll_control.o)
 .debug_abbrev  0x00000000000031da      0x103 /home/neomissing/eclipse-workspace/MM32W0xx_s_BLE_gcc_SV3.6.1/SRC_LIB/lib/libmg_BLE-gcc.a(led_pwm.o)
 .debug_abbrev  0x00000000000032dd      0x3da /home/neomissing/eclipse-workspace/MM32W0xx_s_BLE_gcc_SV3.6.1/SRC_LIB/lib/libmg_BLE-gcc.a(hwtest.o)
 .debug_abbrev  0x00000000000036b7      0x39c /home/neomissing/eclipse-workspace/MM32W0xx_s_BLE_gcc_SV3.6.1/SRC_LIB/lib/libmg_BLE-gcc.a(att.o)
 .debug_abbrev  0x0000000000003a53      0x4b1 /home/neomissing/eclipse-workspace/MM32W0xx_s_BLE_gcc_SV3.6.1/SRC_LIB/lib/libmg_BLE-gcc.a(fsm_sconn.o)
 .debug_abbrev  0x0000000000003f04       0xf9 /home/neomissing/eclipse-workspace/MM32W0xx_s_BLE_gcc_SV3.6.1/SRC_LIB/lib/libmg_BLE-gcc.a(fsm_base.o)
 .debug_abbrev  0x0000000000003ffd      0x25d /home/neomissing/eclipse-workspace/MM32W0xx_s_BLE_gcc_SV3.6.1/SRC_LIB/lib/libmg_BLE-gcc.a(slave_dispatch.o)
 .debug_abbrev  0x000000000000425a       0xf3 /home/neomissing/eclipse-workspace/MM32W0xx_s_BLE_gcc_SV3.6.1/SRC_LIB/lib/libmg_BLE-gcc.a(l2cap.o)
 .debug_abbrev  0x000000000000434d      0x221 /home/neomissing/eclipse-workspace/MM32W0xx_s_BLE_gcc_SV3.6.1/SRC_LIB/lib/libmg_BLE-gcc.a(data_queue.o)
 .debug_abbrev  0x000000000000456e       0x14 /usr/lib/gcc/arm-none-eabi/6.3.1/thumb/v6-m/libgcc.a(_udivsi3.o)
 .debug_abbrev  0x0000000000004582       0x14 /usr/lib/gcc/arm-none-eabi/6.3.1/thumb/v6-m/libgcc.a(_divsi3.o)
 .debug_abbrev  0x0000000000004596       0x14 /usr/lib/gcc/arm-none-eabi/6.3.1/thumb/v6-m/libgcc.a(_dvmd_tls.o)
 .debug_abbrev  0x00000000000045aa      0x1f3 /usr/lib/gcc/arm-none-eabi/6.3.1/../../../arm-none-eabi/lib/thumb/v6-m/libg.a(lib_a-atexit.o)
 .debug_abbrev  0x000000000000479d       0xba /usr/lib/gcc/arm-none-eabi/6.3.1/../../../arm-none-eabi/lib/thumb/v6-m/libg.a(lib_a-fini.o)
 .debug_abbrev  0x0000000000004857      0x189 /usr/lib/gcc/arm-none-eabi/6.3.1/../../../arm-none-eabi/lib/thumb/v6-m/libg.a(lib_a-impure.o)
 .debug_abbrev  0x00000000000049e0      0x1b4 /usr/lib/gcc/arm-none-eabi/6.3.1/../../../arm-none-eabi/lib/thumb/v6-m/libg.a(lib_a-memcmp.o)
 .debug_abbrev  0x0000000000004b94      0x1d9 /usr/lib/gcc/arm-none-eabi/6.3.1/../../../arm-none-eabi/lib/thumb/v6-m/libg.a(lib_a-memcpy-stub.o)
 .debug_abbrev  0x0000000000004d6d      0x1cd /usr/lib/gcc/arm-none-eabi/6.3.1/../../../arm-none-eabi/lib/thumb/v6-m/libg.a(lib_a-memset.o)
 .debug_abbrev  0x0000000000004f3a      0x1ad /usr/lib/gcc/arm-none-eabi/6.3.1/../../../arm-none-eabi/lib/thumb/v6-m/libg.a(lib_a-strcpy.o)
 .debug_abbrev  0x00000000000050e7      0x1af /usr/lib/gcc/arm-none-eabi/6.3.1/../../../arm-none-eabi/lib/thumb/v6-m/libg.a(lib_a-strlen-stub.o)
 .debug_abbrev  0x0000000000005296      0x220 /usr/lib/gcc/arm-none-eabi/6.3.1/../../../arm-none-eabi/lib/thumb/v6-m/libg.a(lib_a-__atexit.o)
 .debug_abbrev  0x00000000000054b6      0x26d /usr/lib/gcc/arm-none-eabi/6.3.1/../../../arm-none-eabi/lib/thumb/v6-m/libg.a(lib_a-__call_atexit.o)

.debug_aranges  0x0000000000000000      0xe60
 .debug_aranges
                0x0000000000000000       0x28 ./USER/main.o
 .debug_aranges
                0x0000000000000028       0x50 ./SYSTEM/uart/uart.o
 .debug_aranges
                0x0000000000000078       0x40 ./SYSTEM/sys/sys.o
 .debug_aranges
                0x00000000000000b8       0x28 ./SYSTEM/delay/delay.o
 .debug_aranges
                0x00000000000000e0       0x58 ./HARDWARE/SPI/spi.o
 .debug_aranges
                0x0000000000000138       0x48 ./HARDWARE/RCC_MCU/rcc.o
 .debug_aranges
                0x0000000000000180       0x28 ./HARDWARE/LED_MESH/led_mesh.o
 .debug_aranges
                0x00000000000001a8       0x38 ./HARDWARE/IWDG/iwdg.o
 .debug_aranges
                0x00000000000001e0       0x40 ./HARDWARE/IRQ/irq_rf.o
 .debug_aranges
                0x0000000000000220       0x28 ./HARDWARE/IIC/iic.o
 .debug_aranges
                0x0000000000000248       0x68 ./HARDWARE/CALLBACK/callback.o
 .debug_aranges
                0x00000000000002b0       0x88 ./HARDWARE/AT_CMD/AT_CMD.o
 .debug_aranges
                0x0000000000000338       0x88 ./HARDWARE/APP/app.o
 .debug_aranges
                0x00000000000003c0       0x28 ./Device/MM32W0xx/Source/ARM/startup_MM32_M0_S_GCC.o
 .debug_aranges
                0x00000000000003e8       0x58 ./Device/MM32W0xx/HAL_lib/src/HAL_exti.o
 .debug_aranges
                0x0000000000000440       0x80 ./Device/MM32W0xx/HAL_lib/src/HAL_gpio.o
 .debug_aranges
                0x00000000000004c0       0xd8 ./Device/MM32W0xx/HAL_lib/src/HAL_i2c.o
 .debug_aranges
                0x0000000000000598       0x48 ./Device/MM32W0xx/HAL_lib/src/HAL_iwdg.o
 .debug_aranges
                0x00000000000005e0       0x38 ./Device/MM32W0xx/HAL_lib/src/HAL_misc.o
 .debug_aranges
                0x0000000000000618       0xf8 ./Device/MM32W0xx/HAL_lib/src/HAL_rcc.o
 .debug_aranges
                0x0000000000000710       0xa8 ./Device/MM32W0xx/HAL_lib/src/HAL_spi.o
 .debug_aranges
                0x00000000000007b8       0x38 ./Device/MM32W0xx/HAL_lib/src/HAL_syscfg.o
 .debug_aranges
                0x00000000000007f0      0x2f8 ./Device/MM32W0xx/HAL_lib/src/HAL_tim.o
 .debug_aranges
                0x0000000000000ae8       0x78 ./Device/MM32W0xx/HAL_lib/src/HAL_uart.o
 .debug_aranges
                0x0000000000000b60       0x20 /home/neomissing/eclipse-workspace/MM32W0xx_s_BLE_gcc_SV3.6.1/SRC_LIB/lib/libmg_BLE-gcc.a(mg_driver.o)
 .debug_aranges
                0x0000000000000b80       0x20 /home/neomissing/eclipse-workspace/MM32W0xx_s_BLE_gcc_SV3.6.1/SRC_LIB/lib/libmg_BLE-gcc.a(fsm_adv_generic.o)
 .debug_aranges
                0x0000000000000ba0       0x20 /home/neomissing/eclipse-workspace/MM32W0xx_s_BLE_gcc_SV3.6.1/SRC_LIB/lib/libmg_BLE-gcc.a(ll_control.o)
 .debug_aranges
                0x0000000000000bc0       0x20 /home/neomissing/eclipse-workspace/MM32W0xx_s_BLE_gcc_SV3.6.1/SRC_LIB/lib/libmg_BLE-gcc.a(led_pwm.o)
 .debug_aranges
                0x0000000000000be0       0x20 /home/neomissing/eclipse-workspace/MM32W0xx_s_BLE_gcc_SV3.6.1/SRC_LIB/lib/libmg_BLE-gcc.a(hwtest.o)
 .debug_aranges
                0x0000000000000c00       0x20 /home/neomissing/eclipse-workspace/MM32W0xx_s_BLE_gcc_SV3.6.1/SRC_LIB/lib/libmg_BLE-gcc.a(att.o)
 .debug_aranges
                0x0000000000000c20       0x20 /home/neomissing/eclipse-workspace/MM32W0xx_s_BLE_gcc_SV3.6.1/SRC_LIB/lib/libmg_BLE-gcc.a(fsm_sconn.o)
 .debug_aranges
                0x0000000000000c40       0x20 /home/neomissing/eclipse-workspace/MM32W0xx_s_BLE_gcc_SV3.6.1/SRC_LIB/lib/libmg_BLE-gcc.a(fsm_base.o)
 .debug_aranges
                0x0000000000000c60       0x20 /home/neomissing/eclipse-workspace/MM32W0xx_s_BLE_gcc_SV3.6.1/SRC_LIB/lib/libmg_BLE-gcc.a(slave_dispatch.o)
 .debug_aranges
                0x0000000000000c80       0x20 /home/neomissing/eclipse-workspace/MM32W0xx_s_BLE_gcc_SV3.6.1/SRC_LIB/lib/libmg_BLE-gcc.a(l2cap.o)
 .debug_aranges
                0x0000000000000ca0       0x20 /home/neomissing/eclipse-workspace/MM32W0xx_s_BLE_gcc_SV3.6.1/SRC_LIB/lib/libmg_BLE-gcc.a(data_queue.o)
 .debug_aranges
                0x0000000000000cc0       0x20 /usr/lib/gcc/arm-none-eabi/6.3.1/thumb/v6-m/libgcc.a(_udivsi3.o)
 .debug_aranges
                0x0000000000000ce0       0x20 /usr/lib/gcc/arm-none-eabi/6.3.1/thumb/v6-m/libgcc.a(_divsi3.o)
 .debug_aranges
                0x0000000000000d00       0x20 /usr/lib/gcc/arm-none-eabi/6.3.1/thumb/v6-m/libgcc.a(_dvmd_tls.o)
 .debug_aranges
                0x0000000000000d20       0x20 /usr/lib/gcc/arm-none-eabi/6.3.1/../../../arm-none-eabi/lib/thumb/v6-m/libg.a(lib_a-atexit.o)
 .debug_aranges
                0x0000000000000d40       0x20 /usr/lib/gcc/arm-none-eabi/6.3.1/../../../arm-none-eabi/lib/thumb/v6-m/libg.a(lib_a-fini.o)
 .debug_aranges
                0x0000000000000d60       0x18 /usr/lib/gcc/arm-none-eabi/6.3.1/../../../arm-none-eabi/lib/thumb/v6-m/libg.a(lib_a-impure.o)
 .debug_aranges
                0x0000000000000d78       0x20 /usr/lib/gcc/arm-none-eabi/6.3.1/../../../arm-none-eabi/lib/thumb/v6-m/libg.a(lib_a-memcmp.o)
 .debug_aranges
                0x0000000000000d98       0x20 /usr/lib/gcc/arm-none-eabi/6.3.1/../../../arm-none-eabi/lib/thumb/v6-m/libg.a(lib_a-memcpy-stub.o)
 .debug_aranges
                0x0000000000000db8       0x20 /usr/lib/gcc/arm-none-eabi/6.3.1/../../../arm-none-eabi/lib/thumb/v6-m/libg.a(lib_a-memset.o)
 .debug_aranges
                0x0000000000000dd8       0x20 /usr/lib/gcc/arm-none-eabi/6.3.1/../../../arm-none-eabi/lib/thumb/v6-m/libg.a(lib_a-strcpy.o)
 .debug_aranges
                0x0000000000000df8       0x20 /usr/lib/gcc/arm-none-eabi/6.3.1/../../../arm-none-eabi/lib/thumb/v6-m/libg.a(lib_a-strlen-stub.o)
 .debug_aranges
                0x0000000000000e18       0x20 /usr/lib/gcc/arm-none-eabi/6.3.1/../../../arm-none-eabi/lib/thumb/v6-m/libg.a(lib_a-__atexit.o)
 .debug_aranges
                0x0000000000000e38       0x28 /usr/lib/gcc/arm-none-eabi/6.3.1/../../../arm-none-eabi/lib/thumb/v6-m/libg.a(lib_a-__call_atexit.o)

.debug_ranges   0x0000000000000000      0xca0
 .debug_ranges  0x0000000000000000       0x18 ./USER/main.o
 .debug_ranges  0x0000000000000018       0x40 ./SYSTEM/uart/uart.o
 .debug_ranges  0x0000000000000058       0x30 ./SYSTEM/sys/sys.o
 .debug_ranges  0x0000000000000088       0x18 ./SYSTEM/delay/delay.o
 .debug_ranges  0x00000000000000a0       0x48 ./HARDWARE/SPI/spi.o
 .debug_ranges  0x00000000000000e8       0x38 ./HARDWARE/RCC_MCU/rcc.o
 .debug_ranges  0x0000000000000120       0x18 ./HARDWARE/LED_MESH/led_mesh.o
 .debug_ranges  0x0000000000000138       0x28 ./HARDWARE/IWDG/iwdg.o
 .debug_ranges  0x0000000000000160       0x30 ./HARDWARE/IRQ/irq_rf.o
 .debug_ranges  0x0000000000000190       0x18 ./HARDWARE/IIC/iic.o
 .debug_ranges  0x00000000000001a8       0x58 ./HARDWARE/CALLBACK/callback.o
 .debug_ranges  0x0000000000000200       0x78 ./HARDWARE/AT_CMD/AT_CMD.o
 .debug_ranges  0x0000000000000278       0x78 ./HARDWARE/APP/app.o
 .debug_ranges  0x00000000000002f0       0x20 ./Device/MM32W0xx/Source/ARM/startup_MM32_M0_S_GCC.o
 .debug_ranges  0x0000000000000310       0x48 ./Device/MM32W0xx/HAL_lib/src/HAL_exti.o
 .debug_ranges  0x0000000000000358       0x70 ./Device/MM32W0xx/HAL_lib/src/HAL_gpio.o
 .debug_ranges  0x00000000000003c8       0xc8 ./Device/MM32W0xx/HAL_lib/src/HAL_i2c.o
 .debug_ranges  0x0000000000000490       0x38 ./Device/MM32W0xx/HAL_lib/src/HAL_iwdg.o
 .debug_ranges  0x00000000000004c8       0x28 ./Device/MM32W0xx/HAL_lib/src/HAL_misc.o
 .debug_ranges  0x00000000000004f0       0xe8 ./Device/MM32W0xx/HAL_lib/src/HAL_rcc.o
 .debug_ranges  0x00000000000005d8       0x98 ./Device/MM32W0xx/HAL_lib/src/HAL_spi.o
 .debug_ranges  0x0000000000000670       0x28 ./Device/MM32W0xx/HAL_lib/src/HAL_syscfg.o
 .debug_ranges  0x0000000000000698      0x2e8 ./Device/MM32W0xx/HAL_lib/src/HAL_tim.o
 .debug_ranges  0x0000000000000980       0x68 ./Device/MM32W0xx/HAL_lib/src/HAL_uart.o
 .debug_ranges  0x00000000000009e8       0x50 /home/neomissing/eclipse-workspace/MM32W0xx_s_BLE_gcc_SV3.6.1/SRC_LIB/lib/libmg_BLE-gcc.a(fsm_adv_generic.o)
 .debug_ranges  0x0000000000000a38       0x38 /home/neomissing/eclipse-workspace/MM32W0xx_s_BLE_gcc_SV3.6.1/SRC_LIB/lib/libmg_BLE-gcc.a(hwtest.o)
 .debug_ranges  0x0000000000000a70       0x80 /home/neomissing/eclipse-workspace/MM32W0xx_s_BLE_gcc_SV3.6.1/SRC_LIB/lib/libmg_BLE-gcc.a(att.o)
 .debug_ranges  0x0000000000000af0       0xc8 /home/neomissing/eclipse-workspace/MM32W0xx_s_BLE_gcc_SV3.6.1/SRC_LIB/lib/libmg_BLE-gcc.a(fsm_sconn.o)
 .debug_ranges  0x0000000000000bb8       0x30 /home/neomissing/eclipse-workspace/MM32W0xx_s_BLE_gcc_SV3.6.1/SRC_LIB/lib/libmg_BLE-gcc.a(slave_dispatch.o)
 .debug_ranges  0x0000000000000be8       0x60 /home/neomissing/eclipse-workspace/MM32W0xx_s_BLE_gcc_SV3.6.1/SRC_LIB/lib/libmg_BLE-gcc.a(data_queue.o)
 .debug_ranges  0x0000000000000c48       0x10 /usr/lib/gcc/arm-none-eabi/6.3.1/../../../arm-none-eabi/lib/thumb/v6-m/libg.a(lib_a-strcpy.o)
 .debug_ranges  0x0000000000000c58       0x48 /usr/lib/gcc/arm-none-eabi/6.3.1/../../../arm-none-eabi/lib/thumb/v6-m/libg.a(lib_a-__call_atexit.o)

.debug_macro    0x0000000000000000     0xc210
 .debug_macro   0x0000000000000000      0x2f2 ./USER/main.o
 .debug_macro   0x00000000000002f2      0x898 ./USER/main.o
 .debug_macro   0x0000000000000b8a       0x10 ./USER/main.o
 .debug_macro   0x0000000000000b9a       0x70 ./USER/main.o
 .debug_macro   0x0000000000000c0a       0x40 ./USER/main.o
 .debug_macro   0x0000000000000c4a       0x22 ./USER/main.o
 .debug_macro   0x0000000000000c6c       0x87 ./USER/main.o
 .debug_macro   0x0000000000000cf3       0x44 ./USER/main.o
 .debug_macro   0x0000000000000d37       0xfd ./USER/main.o
 .debug_macro   0x0000000000000e34       0x5e ./USER/main.o
 .debug_macro   0x0000000000000e92      0x1df ./USER/main.o
 .debug_macro   0x0000000000001071       0x1f ./USER/main.o
 .debug_macro   0x0000000000001090      0x241 ./USER/main.o
 .debug_macro   0x00000000000012d1     0x4ed9 ./USER/main.o
 .debug_macro   0x00000000000061aa      0x1c9 ./USER/main.o
 .debug_macro   0x0000000000006373       0x52 ./USER/main.o
 .debug_macro   0x00000000000063c5      0x21e ./USER/main.o
 .debug_macro   0x00000000000065e3       0x9a ./USER/main.o
 .debug_macro   0x000000000000667d      0x299 ./USER/main.o
 .debug_macro   0x0000000000006916      0x207 ./USER/main.o
 .debug_macro   0x0000000000006b1d      0x1f9 ./USER/main.o
 .debug_macro   0x0000000000006d16       0x64 ./USER/main.o
 .debug_macro   0x0000000000006d7a       0x94 ./USER/main.o
 .debug_macro   0x0000000000006e0e      0x2e7 ./USER/main.o
 .debug_macro   0x00000000000070f5      0x2a8 ./USER/main.o
 .debug_macro   0x000000000000739d      0x73b ./USER/main.o
 .debug_macro   0x0000000000007ad8      0x110 ./USER/main.o
 .debug_macro   0x0000000000007be8       0x34 ./USER/main.o
 .debug_macro   0x0000000000007c1c       0x3a ./USER/main.o
 .debug_macro   0x0000000000007c56       0xd6 ./USER/main.o
 .debug_macro   0x0000000000007d2c       0x52 ./USER/main.o
 .debug_macro   0x0000000000007d7e       0x35 ./USER/main.o
 .debug_macro   0x0000000000007db3       0x9c ./USER/main.o
 .debug_macro   0x0000000000007e4f       0x16 ./USER/main.o
 .debug_macro   0x0000000000007e65       0x97 ./USER/main.o
 .debug_macro   0x0000000000007efc      0x30d ./USER/main.o
 .debug_macro   0x0000000000008209       0xfd ./USER/main.o
 .debug_macro   0x0000000000008306       0x10 ./USER/main.o
 .debug_macro   0x0000000000008316       0x52 ./USER/main.o
 .debug_macro   0x0000000000008368       0x1f ./USER/main.o
 .debug_macro   0x0000000000008387       0x43 ./USER/main.o
 .debug_macro   0x00000000000083ca       0x20 ./USER/main.o
 .debug_macro   0x00000000000083ea      0x187 ./USER/main.o
 .debug_macro   0x0000000000008571       0x10 ./USER/main.o
 .debug_macro   0x0000000000008581       0x1c ./USER/main.o
 .debug_macro   0x000000000000859d       0x52 ./USER/main.o
 .debug_macro   0x00000000000085ef       0x40 ./USER/main.o
 .debug_macro   0x000000000000862f       0x10 ./USER/main.o
 .debug_macro   0x000000000000863f       0x40 ./USER/main.o
 .debug_macro   0x000000000000867f       0xd7 ./USER/main.o
 .debug_macro   0x0000000000008756       0x16 ./USER/main.o
 .debug_macro   0x000000000000876c      0x189 ./USER/main.o
 .debug_macro   0x00000000000088f5       0x1c ./USER/main.o
 .debug_macro   0x0000000000008911       0xbe ./USER/main.o
 .debug_macro   0x00000000000089cf       0x28 ./USER/main.o
 .debug_macro   0x00000000000089f7      0x29d ./SYSTEM/uart/uart.o
 .debug_macro   0x0000000000008c94       0x22 ./SYSTEM/uart/uart.o
 .debug_macro   0x0000000000008cb6      0x28f ./SYSTEM/sys/sys.o
 .debug_macro   0x0000000000008f45      0x290 ./SYSTEM/delay/delay.o
 .debug_macro   0x00000000000091d5      0x140 ./HARDWARE/SPI/spi.o
 .debug_macro   0x0000000000009315      0x290 ./HARDWARE/RCC_MCU/rcc.o
 .debug_macro   0x00000000000095a5      0x149 ./HARDWARE/LED_MESH/led_mesh.o
 .debug_macro   0x00000000000096ee       0xbe ./HARDWARE/IWDG/iwdg.o
 .debug_macro   0x00000000000097ac      0x2e1 ./HARDWARE/IWDG/iwdg.o
 .debug_macro   0x0000000000009a8d      0x149 ./HARDWARE/IRQ/irq_rf.o
 .debug_macro   0x0000000000009bd6      0x146 ./HARDWARE/IIC/iic.o
 .debug_macro   0x0000000000009d1c      0x2de ./HARDWARE/CALLBACK/callback.o
 .debug_macro   0x0000000000009ffa      0x21d ./HARDWARE/AT_CMD/AT_CMD.o
 .debug_macro   0x000000000000a217      0x174 ./HARDWARE/AT_CMD/AT_CMD.o
 .debug_macro   0x000000000000a38b       0x10 ./HARDWARE/AT_CMD/AT_CMD.o
 .debug_macro   0x000000000000a39b       0x35 ./HARDWARE/AT_CMD/AT_CMD.o
 .debug_macro   0x000000000000a3d0      0x323 ./HARDWARE/APP/app.o
 .debug_macro   0x000000000000a6f3       0x4c ./HARDWARE/APP/app.o
 .debug_macro   0x000000000000a73f       0x8d ./HARDWARE/APP/app.o
 .debug_macro   0x000000000000a7cc       0x4a ./HARDWARE/APP/app.o
 .debug_macro   0x000000000000a816       0x1c ./HARDWARE/APP/app.o
 .debug_macro   0x000000000000a832       0xb1 ./Device/MM32W0xx/HAL_lib/src/HAL_exti.o
 .debug_macro   0x000000000000a8e3       0x94 ./Device/MM32W0xx/HAL_lib/src/HAL_exti.o
 .debug_macro   0x000000000000a977       0xf0 ./Device/MM32W0xx/HAL_lib/src/HAL_gpio.o
 .debug_macro   0x000000000000aa67      0x201 ./Device/MM32W0xx/HAL_lib/src/HAL_gpio.o
 .debug_macro   0x000000000000ac68      0x10e ./Device/MM32W0xx/HAL_lib/src/HAL_i2c.o
 .debug_macro   0x000000000000ad76      0x1f3 ./Device/MM32W0xx/HAL_lib/src/HAL_i2c.o
 .debug_macro   0x000000000000af69       0xb7 ./Device/MM32W0xx/HAL_lib/src/HAL_iwdg.o
 .debug_macro   0x000000000000b020       0x5e ./Device/MM32W0xx/HAL_lib/src/HAL_iwdg.o
 .debug_macro   0x000000000000b07e       0xb1 ./Device/MM32W0xx/HAL_lib/src/HAL_misc.o
 .debug_macro   0x000000000000b12f       0x34 ./Device/MM32W0xx/HAL_lib/src/HAL_misc.o
 .debug_macro   0x000000000000b163      0x1e1 ./Device/MM32W0xx/HAL_lib/src/HAL_rcc.o
 .debug_macro   0x000000000000b344       0xd8 ./Device/MM32W0xx/HAL_lib/src/HAL_spi.o
 .debug_macro   0x000000000000b41c      0x2a2 ./Device/MM32W0xx/HAL_lib/src/HAL_spi.o
 .debug_macro   0x000000000000b6be       0xab ./Device/MM32W0xx/HAL_lib/src/HAL_syscfg.o
 .debug_macro   0x000000000000b769       0xd0 ./Device/MM32W0xx/HAL_lib/src/HAL_syscfg.o
 .debug_macro   0x000000000000b839       0xcc ./Device/MM32W0xx/HAL_lib/src/HAL_tim.o
 .debug_macro   0x000000000000b905      0x735 ./Device/MM32W0xx/HAL_lib/src/HAL_tim.o
 .debug_macro   0x000000000000c03a       0xcc ./Device/MM32W0xx/HAL_lib/src/HAL_uart.o
 .debug_macro   0x000000000000c106      0x10a ./Device/MM32W0xx/HAL_lib/src/HAL_uart.o

.debug_line     0x0000000000000000     0x992f
 .debug_line    0x0000000000000000      0x8ae ./USER/main.o
 .debug_line    0x00000000000008ae      0x541 ./SYSTEM/uart/uart.o
 .debug_line    0x0000000000000def      0x526 ./SYSTEM/sys/sys.o
 .debug_line    0x0000000000001315      0x4ed ./SYSTEM/delay/delay.o
 .debug_line    0x0000000000001802      0x40d ./HARDWARE/SPI/spi.o
 .debug_line    0x0000000000001c0f      0x56d ./HARDWARE/RCC_MCU/rcc.o
 .debug_line    0x000000000000217c      0x41b ./HARDWARE/LED_MESH/led_mesh.o
 .debug_line    0x0000000000002597      0x2d8 ./HARDWARE/IWDG/iwdg.o
 .debug_line    0x000000000000286f      0x434 ./HARDWARE/IRQ/irq_rf.o
 .debug_line    0x0000000000002ca3      0x396 ./HARDWARE/IIC/iic.o
 .debug_line    0x0000000000003039      0x7ea ./HARDWARE/CALLBACK/callback.o
 .debug_line    0x0000000000003823      0x60e ./HARDWARE/AT_CMD/AT_CMD.o